D/PowerManagerService(  356): acquireWakeLock flags=0x1 tag=AlarmManager
W/AlarmManager(  356): in the set:mDescriptor  alarm.type  alarmSeconds   alarmNanoseconds=88  3  1276   839000000
D/Clock   (  436): Clock.mIntentReceiver.onReceive - received broadcast: android.intent.action.TIME_TICK
D/Clock   (  436): Clock.updateClock - System.currentTimeMillis: 1391453220034
D/PowerManagerService(  356): releaseWakeLock flags=0x1 tag=AlarmManager
D/PowerManagerService(  356):  ALL PARTIAL wakeLock Released ! 
W/AlarmManager(  356): in the set:mDescriptor  alarm.type  alarmSeconds   alarmNanoseconds=88  3  1313   519000000
D/AlarmManager(  356): scheduleTimeTickEvent calendar=Mon Feb 03 22:49:00    2014
D/AlarmManager(  356): calendar.getTimeInMillis()1391453340000
W/AlarmManager(  356): in the set:type  triggerAtTime  operation=3  1336838  PendingIntent{413acba0: PendingIntentRecord{41539e90 android broadcastIntent}}
D/PowerManagerService(  356): acquireWakeLock flags=0x1 tag=AlarmManager
D/Clock   (  436): Clock.mIntentReceiver.onReceive - received broadcast: android.intent.action.TIME_TICK
D/Clock   (  436): Clock.updateClock - System.currentTimeMillis: 1391453280034
D/PowerManagerService(  356): releaseWakeLock flags=0x1 tag=AlarmManager
D/PowerManagerService(  356):  ALL PARTIAL wakeLock Released ! 
W/AlarmManager(  356): in the set:mDescriptor  alarm.type  alarmSeconds   alarmNanoseconds=88  3  1336   838000000
D/PowerManagerService(  356): acquireWakeLock flags=0x1 tag=AlarmManager
D/PowerManagerService(  356): releaseWakeLock flags=0x1 tag=AlarmManager
D/PowerManagerService(  356):  ALL PARTIAL wakeLock Released ! 
W/ThrottleService(  356): unable to find stats for iface rmnet0
W/AlarmManager(  356): in the set:type  triggerAtTime  operation=3  1913526  PendingIntent{41438648: PendingIntentRecord{414385a8 android broadcastIntent}}
I/ONCRPC  (  113): rpc_handle_rpc_call: for Xid: 38a, Prog: 31000003, Vers: cf0d42a3, Proc: 00000003
I/ONCRPC  (  113): rpc_handle_rpc_call: Find Status: 0 Xid: 38a
I/ONCRPC  (  113): oncrpc_proxy_handle_cmd_rpc_call: Dispatching xid: 38a
I/ONCRPC  (  113): rpc_handle_rpc_call: for Xid: 391, Prog: 31000003, Vers: cf0d42a3, Proc: 00000003
I/ONCRPC  (  113): rpc_handle_rpc_call: Find Status: 0 Xid: 391
I/ONCRPC  (  113): oncrpc_proxy_handle_cmd_rpc_call: Dispatching xid: 391
I/ONCRPC  (  113): rpc_handle_rpc_call: for Xid: 397, Prog: 31000003, Vers: cf0d42a3, Proc: 00000003
I/ONCRPC  (  113): rpc_handle_rpc_call: Find Status: 0 Xid: 397
I/ONCRPC  (  113): oncrpc_proxy_handle_cmd_rpc_call: Dispatching xid: 397
W/AlarmManager(  356): in the set:mDescriptor  alarm.type  alarmSeconds   alarmNanoseconds=88  3  1913   526000000
D/AlarmManager(  356): scheduleTimeTickEvent calendar=Mon Feb 03 22:50:00    2014
D/AlarmManager(  356): calendar.getTimeInMillis()1391453400000
W/AlarmManager(  356): in the set:type  triggerAtTime  operation=3  1396837  PendingIntent{413acba0: PendingIntentRecord{41539e90 android broadcastIntent}}
D/PowerManagerService(  356): acquireWakeLock flags=0x1 tag=AlarmManager
W/AlarmManager(  356): in the set:mDescriptor  alarm.type  alarmSeconds   alarmNanoseconds=88  3  1396   837000000
D/Clock   (  436): Clock.mIntentReceiver.onReceive - received broadcast: android.intent.action.TIME_TICK
D/Clock   (  436): Clock.updateClock - System.currentTimeMillis: 1391453340028
D/PowerManagerService(  356): releaseWakeLock flags=0x1 tag=AlarmManager
D/PowerManagerService(  356):  ALL PARTIAL wakeLock Released ! 
I/ONCRPC  (  113): rpc_handle_rpc_call: for Xid: 3b8, Prog: 31000003, Vers: cf0d42a3, Proc: 00000003
I/ONCRPC  (  113): rpc_handle_rpc_call: Find Status: 0 Xid: 3b8
I/ONCRPC  (  113): oncrpc_proxy_handle_cmd_rpc_call: Dispatching xid: 3b8
I/ONCRPC  (  113): rpc_handle_rpc_call: for Xid: 3b9, Prog: 31000003, Vers: cf0d42a3, Proc: 00000003
I/ONCRPC  (  113): rpc_handle_rpc_call: Find Status: 0 Xid: 3b9
I/ONCRPC  (  113): oncrpc_proxy_handle_cmd_rpc_call: Dispatching xid: 3b9
I/ONCRPC  (  113): rpc_handle_rpc_call: for Xid: 3ba, Prog: 31000003, Vers: cf0d42a3, Proc: 00000003
I/ONCRPC  (  113): rpc_handle_rpc_call: Find Status: 0 Xid: 3ba
I/ONCRPC  (  113): oncrpc_proxy_handle_cmd_rpc_call: Dispatching xid: 3ba
I/ONCRPC  (  113): rpc_handle_rpc_call: for Xid: 3bd, Prog: 31000003, Vers: cf0d42a3, Proc: 00000003
I/ONCRPC  (  113): rpc_handle_rpc_call: Find Status: 0 Xid: 3bd
I/ONCRPC  (  113): oncrpc_proxy_handle_cmd_rpc_call: Dispatching xid: 3bd
I/ONCRPC  (  113): rpc_handle_rpc_call: for Xid: 3be, Prog: 31000003, Vers: cf0d42a3, Proc: 00000003
I/ONCRPC  (  113): rpc_handle_rpc_call: Find Status: 0 Xid: 3be
I/ONCRPC  (  113): oncrpc_proxy_handle_cmd_rpc_call: Dispatching xid: 3be
I/ONCRPC  (  113): rpc_handle_rpc_call: for Xid: 3c0, Prog: 31000003, Vers: cf0d42a3, Proc: 00000003
I/ONCRPC  (  113): oncrpc_proxy_handle_cmd_rpc_call: Dispatching xid: 3c0
I/ONCRPC  (  113): rpc_handle_rpc_call: Find Status: 0 Xid: 3c0
W/AlarmManager(  356): in the set:mDescriptor  alarm.type  alarmSeconds   alarmNanoseconds=88  3  1913   526000000
D/AlarmManager(  356): scheduleTimeTickEvent calendar=Mon Feb 03 22:51:00    2014
D/AlarmManager(  356): calendar.getTimeInMillis()1391453460000
W/AlarmManager(  356): in the set:type  triggerAtTime  operation=3  1456838  PendingIntent{413acba0: PendingIntentRecord{41539e90 android broadcastIntent}}
D/PowerManagerService(  356): acquireWakeLock flags=0x1 tag=AlarmManager
W/AlarmManager(  356): in the set:mDescriptor  alarm.type  alarmSeconds   alarmNanoseconds=88  3  1456   838000000
D/Clock   (  436): Clock.mIntentReceiver.onReceive - received broadcast: android.intent.action.TIME_TICK
D/Clock   (  436): Clock.updateClock - System.currentTimeMillis: 1391453400033
D/PowerManagerService(  356): releaseWakeLock flags=0x1 tag=AlarmManager
D/PowerManagerService(  356):  ALL PARTIAL wakeLock Released ! 
W/AlarmManager(  356): in the set:mDescriptor  alarm.type  alarmSeconds   alarmNanoseconds=88  3  1913   526000000
D/AlarmManager(  356): scheduleTimeTickEvent calendar=Mon Feb 03 22:52:00    2014
D/AlarmManager(  356): calendar.getTimeInMillis()1391453520000
W/AlarmManager(  356): in the set:type  triggerAtTime  operation=3  1516840  PendingIntent{413acba0: PendingIntentRecord{41539e90 android broadcastIntent}}
D/PowerManagerService(  356): acquireWakeLock flags=0x1 tag=AlarmManager
W/AlarmManager(  356): in the set:mDescriptor  alarm.type  alarmSeconds   alarmNanoseconds=88  3  1516   840000000
D/Clock   (  436): Clock.mIntentReceiver.onReceive - received broadcast: android.intent.action.TIME_TICK
D/Clock   (  436): Clock.updateClock - System.currentTimeMillis: 1391453460037
D/PowerManagerService(  356): releaseWakeLock flags=0x1 tag=AlarmManager
D/PowerManagerService(  356):  ALL PARTIAL wakeLock Released ! 
W/AlarmManager(  356): in the set:mDescriptor  alarm.type  alarmSeconds   alarmNanoseconds=88  3  1913   526000000
D/AlarmManager(  356): scheduleTimeTickEvent calendar=Mon Feb 03 22:53:00    2014
D/AlarmManager(  356): calendar.getTimeInMillis()1391453580000
W/AlarmManager(  356): in the set:type  triggerAtTime  operation=3  1576838  PendingIntent{413acba0: PendingIntentRecord{41539e90 android broadcastIntent}}
D/PowerManagerService(  356): acquireWakeLock flags=0x1 tag=AlarmManager
W/AlarmManager(  356): in the set:mDescriptor  alarm.type  alarmSeconds   alarmNanoseconds=88  3  1576   838000000
D/Clock   (  436): Clock.mIntentReceiver.onReceive - received broadcast: android.intent.action.TIME_TICK
D/Clock   (  436): Clock.updateClock - System.currentTimeMillis: 1391453520031
D/PowerManagerService(  356): releaseWakeLock flags=0x1 tag=AlarmManager
D/PowerManagerService(  356):  ALL PARTIAL wakeLock Released ! 
W/AlarmManager(  356): in the set:mDescriptor  alarm.type  alarmSeconds   alarmNanoseconds=88  3  1913   526000000
D/AlarmManager(  356): scheduleTimeTickEvent calendar=Mon Feb 03 22:54:00    2014
D/AlarmManager(  356): calendar.getTimeInMillis()1391453640000
W/AlarmManager(  356): in the set:type  triggerAtTime  operation=3  1636840  PendingIntent{413acba0: PendingIntentRecord{41539e90 android broadcastIntent}}
D/PowerManagerService(  356): acquireWakeLock flags=0x1 tag=AlarmManager
W/AlarmManager(  356): in the set:mDescriptor  alarm.type  alarmSeconds   alarmNanoseconds=88  3  1636   840000000
D/Clock   (  436): Clock.mIntentReceiver.onReceive - received broadcast: android.intent.action.TIME_TICK
D/Clock   (  436): Clock.updateClock - System.currentTimeMillis: 1391453580033
D/PowerManagerService(  356): releaseWakeLock flags=0x1 tag=AlarmManager
D/PowerManagerService(  356):  ALL PARTIAL wakeLock Released ! 
W/AlarmManager(  356): in the set:mDescriptor  alarm.type  alarmSeconds   alarmNanoseconds=88  3  1913   526000000
D/AlarmManager(  356): scheduleTimeTickEvent calendar=Mon Feb 03 22:55:00    2014
D/AlarmManager(  356): calendar.getTimeInMillis()1391453700000
W/AlarmManager(  356): in the set:type  triggerAtTime  operation=3  1696837  PendingIntent{413acba0: PendingIntentRecord{41539e90 android broadcastIntent}}
D/PowerManagerService(  356): acquireWakeLock flags=0x1 tag=AlarmManager
W/AlarmManager(  356): in the set:mDescriptor  alarm.type  alarmSeconds   alarmNanoseconds=88  3  1696   837000000
D/Clock   (  436): Clock.mIntentReceiver.onReceive - received broadcast: android.intent.action.TIME_TICK
D/Clock   (  436): Clock.updateClock - System.currentTimeMillis: 1391453640035
D/PowerManagerService(  356): releaseWakeLock flags=0x1 tag=AlarmManager
D/PowerManagerService(  356):  ALL PARTIAL wakeLock Released ! 
W/AlarmManager(  356): in the set:mDescriptor  alarm.type  alarmSeconds   alarmNanoseconds=88  3  1913   526000000
D/AlarmManager(  356): scheduleTimeTickEvent calendar=Mon Feb 03 22:56:00    2014
D/AlarmManager(  356): calendar.getTimeInMillis()1391453760000
W/AlarmManager(  356): in the set:type  triggerAtTime  operation=3  1756837  PendingIntent{413acba0: PendingIntentRecord{41539e90 android broadcastIntent}}
D/PowerManagerService(  356): acquireWakeLock flags=0x1 tag=AlarmManager
W/AlarmManager(  356): in the set:mDescriptor  alarm.type  alarmSeconds   alarmNanoseconds=88  3  1756   837000000
D/Clock   (  436): Clock.mIntentReceiver.onReceive - received broadcast: android.intent.action.TIME_TICK
D/Clock   (  436): Clock.updateClock - System.currentTimeMillis: 1391453700033
D/PowerManagerService(  356): releaseWakeLock flags=0x1 tag=AlarmManager
D/PowerManagerService(  356):  ALL PARTIAL wakeLock Released ! 
W/AlarmManager(  356): in the set:mDescriptor  alarm.type  alarmSeconds   alarmNanoseconds=88  3  1913   526000000
D/AlarmManager(  356): scheduleTimeTickEvent calendar=Mon Feb 03 22:57:00    2014
D/AlarmManager(  356): calendar.getTimeInMillis()1391453820000
W/AlarmManager(  356): in the set:type  triggerAtTime  operation=3  1816837  PendingIntent{413acba0: PendingIntentRecord{41539e90 android broadcastIntent}}
D/PowerManagerService(  356): acquireWakeLock flags=0x1 tag=AlarmManager
W/AlarmManager(  356): in the set:mDescriptor  alarm.type  alarmSeconds   alarmNanoseconds=88  3  1816   837000000
D/Clock   (  436): Clock.mIntentReceiver.onReceive - received broadcast: android.intent.action.TIME_TICK
D/Clock   (  436): Clock.updateClock - System.currentTimeMillis: 1391453760025
D/PowerManagerService(  356): releaseWakeLock flags=0x1 tag=AlarmManager
D/PowerManagerService(  356):  ALL PARTIAL wakeLock Released ! 
W/AlarmManager(  356): in the set:mDescriptor  alarm.type  alarmSeconds   alarmNanoseconds=88  3  1913   526000000
D/AlarmManager(  356): scheduleTimeTickEvent calendar=Mon Feb 03 22:58:00    2014
D/AlarmManager(  356): calendar.getTimeInMillis()1391453880000
W/AlarmManager(  356): in the set:type  triggerAtTime  operation=3  1876838  PendingIntent{413acba0: PendingIntentRecord{41539e90 android broadcastIntent}}
D/PowerManagerService(  356): acquireWakeLock flags=0x1 tag=AlarmManager
W/AlarmManager(  356): in the set:mDescriptor  alarm.type  alarmSeconds   alarmNanoseconds=88  3  1876   838000000
D/Clock   (  436): Clock.mIntentReceiver.onReceive - received broadcast: android.intent.action.TIME_TICK
D/Clock   (  436): Clock.updateClock - System.currentTimeMillis: 1391453820043
D/PowerManagerService(  356): releaseWakeLock flags=0x1 tag=AlarmManager
D/PowerManagerService(  356):  ALL PARTIAL wakeLock Released ! 
W/AlarmManager(  356): in the set:mDescriptor  alarm.type  alarmSeconds   alarmNanoseconds=88  3  1913   526000000
I/ActivityManager(  356): No longer want com.lcis.seeder (pid 951): hidden #21
I/ActivityManager(  356): No longer want com.qualcomm.cabl (pid 864): hidden #22
D/PowerManagerService(  356): acquireWakeLock flags=0x1 tag=AlarmManager
I/ActivityManager(  356): No longer want com.google.android.calendar (pid 639): hidden #23
I/ActivityManager(  356): No longer want com.android.contacts (pid 803): hidden #24
D/AlarmManager(  356): scheduleTimeTickEvent calendar=Mon Feb 03 22:59:00    2014
D/AlarmManager(  356): calendar.getTimeInMillis()1391453940000
W/AlarmManager(  356): in the set:type  triggerAtTime  operation=3  1936837  PendingIntent{413acba0: PendingIntentRecord{41539e90 android broadcastIntent}}
D/Clock   (  436): Clock.mIntentReceiver.onReceive - received broadcast: android.intent.action.TIME_TICK
D/Clock   (  436): Clock.updateClock - System.currentTimeMillis: 1391453880036
D/PowerManagerService(  356): releaseWakeLock flags=0x1 tag=AlarmManager
D/PowerManagerService(  356):  ALL PARTIAL wakeLock Released ! 
I/WindowManager(  356): SCREENLAYOUT_SIZE (1:small, 2:normal, 3:large, 4:xlarge) 2
E/PPDaemon(  163): Unable to read the command/no command Success
F/libc    (  163): Fatal signal 13 (SIGPIPE) at 0x000000a3 (code=0)
I/WindowManager(  356): SCREENLAYOUT_SIZE (1:small, 2:normal, 3:large, 4:xlarge) 2
W/ActivityManager(  356): Scheduling restart of crashed service com.android.contacts/.loadSim.LoadGroupService in 5000ms
W/ActivityManager(  356): Scheduling restart of crashed service com.android.contacts/.loadSim.LoadSimContactsService in 5000ms
E/PPDaemon(  163): Failed to reply back: Broken pipe
I/DEBUG   (  112): debuggerd committing suicide to free the zombie!
I/DEBUG   ( 2501): debuggerd: Nov  7 2012 02:14:29
I/ActivityManager(  356): Start proc com.android.contacts for service com.android.contacts/.loadSim.LoadGroupService: pid=2505 uid=10003 gids={3003, 1015}
W/AlarmManager(  356): in the set:mDescriptor  alarm.type  alarmSeconds   alarmNanoseconds=88  2  1897   181000000
W/AlarmManager(  356): +++Alarm  wakeup phone ,pkg=com.android.phone
W/AlarmManager(  356): in the set:mDescriptor  alarm.type  alarmSeconds   alarmNanoseconds=88  2  4600   955000000
W/AlarmManager(  356): +++Alarm  wakeup phone ,pkg=com.android.phone
D/DATA    (  545):  preTxRxSum :{txSum=-1 rxSum=-1} curTxRxSum :{txSum=-1 rxSum=-1}
D/DATA    (  545): lllccc CleanUp when timer is expired
D/PowerManagerService(  356): acquireWakeLock flags=0x1 tag=AlarmManager
D/DATA    (  545):  preTxRxSum :{txSum=-1 rxSum=-1} curTxRxSum :{txSum=-1 rxSum=-1}
D/DATA    (  545): lllccc CleanUp when timer is expired
W/AlarmManager(  356): +++alarm onSendFinished ,action=android.intent.action.WAKE_POLL_DATA
D/PowerManagerService(  356): releaseWakeLock flags=0x1 tag=AlarmManager
D/PowerManagerService(  356):  ALL PARTIAL wakeLock Released ! 
W/AlarmManager(  356): in the set:mDescriptor  alarm.type  alarmSeconds   alarmNanoseconds=88  3  1936   837000000
D/PowerManagerService(  356): acquireWakeLock flags=0x1 tag=AlarmManager
W/AlarmManager(  356): +++alarm onSendFinished ,action=com.android.server.ThrottleManager.action.POLL
D/PowerManagerService(  356): releaseWakeLock flags=0x1 tag=AlarmManager
D/PowerManagerService(  356):  ALL PARTIAL wakeLock Released ! 
W/ThrottleService(  356): unable to find stats for iface rmnet0
W/AlarmManager(  356): in the set:type  triggerAtTime  operation=3  2513534  PendingIntent{41438648: PendingIntentRecord{414385a8 android broadcastIntent}}
W/AlarmManager(  356): in the set:mDescriptor  alarm.type  alarmSeconds   alarmNanoseconds=88  3  2513   534000000
D/AlarmManager(  356): scheduleTimeTickEvent calendar=Mon Feb 03 23:00:00    2014
D/AlarmManager(  356): calendar.getTimeInMillis()1391454000000
W/AlarmManager(  356): in the set:type  triggerAtTime  operation=3  1996837  PendingIntent{413acba0: PendingIntentRecord{41539e90 android broadcastIntent}}
D/PowerManagerService(  356): acquireWakeLock flags=0x1 tag=AlarmManager
W/AlarmManager(  356): in the set:mDescriptor  alarm.type  alarmSeconds   alarmNanoseconds=88  3  1996   837000000
D/Clock   (  436): Clock.mIntentReceiver.onReceive - received broadcast: android.intent.action.TIME_TICK
D/Clock   (  436): Clock.updateClock - System.currentTimeMillis: 1391453940032
D/PowerManagerService(  356): releaseWakeLock flags=0x1 tag=AlarmManager
D/PowerManagerService(  356):  ALL PARTIAL wakeLock Released ! 
W/AlarmManager(  356): in the set:mDescriptor  alarm.type  alarmSeconds   alarmNanoseconds=88  3  2513   534000000
D/AlarmManager(  356): scheduleTimeTickEvent calendar=Mon Feb 03 23:01:00    2014
D/AlarmManager(  356): calendar.getTimeInMillis()1391454060000
W/AlarmManager(  356): in the set:type  triggerAtTime  operation=3  2056837  PendingIntent{413acba0: PendingIntentRecord{41539e90 android broadcastIntent}}
D/PowerManagerService(  356): acquireWakeLock flags=0x1 tag=AlarmManager
W/AlarmManager(  356): in the set:mDescriptor  alarm.type  alarmSeconds   alarmNanoseconds=88  3  2056   837000000
D/Clock   (  436): Clock.mIntentReceiver.onReceive - received broadcast: android.intent.action.TIME_TICK
D/Clock   (  436): Clock.updateClock - System.currentTimeMillis: 1391454000031
D/PowerManagerService(  356): releaseWakeLock flags=0x1 tag=AlarmManager
D/PowerManagerService(  356):  ALL PARTIAL wakeLock Released ! 
W/AlarmManager(  356): in the set:mDescriptor  alarm.type  alarmSeconds   alarmNanoseconds=88  3  2513   534000000
D/AlarmManager(  356): scheduleTimeTickEvent calendar=Mon Feb 03 23:02:00    2014
D/AlarmManager(  356): calendar.getTimeInMillis()1391454120000
W/AlarmManager(  356): in the set:type  triggerAtTime  operation=3  2116837  PendingIntent{413acba0: PendingIntentRecord{41539e90 android broadcastIntent}}
D/PowerManagerService(  356): acquireWakeLock flags=0x1 tag=AlarmManager
W/AlarmManager(  356): in the set:mDescriptor  alarm.type  alarmSeconds   alarmNanoseconds=88  3  2116   837000000
D/Clock   (  436): Clock.mIntentReceiver.onReceive - received broadcast: android.intent.action.TIME_TICK
D/Clock   (  436): Clock.updateClock - System.currentTimeMillis: 1391454060028
D/PowerManagerService(  356): releaseWakeLock flags=0x1 tag=AlarmManager
D/PowerManagerService(  356):  ALL PARTIAL wakeLock Released ! 
W/AlarmManager(  356): in the set:mDescriptor  alarm.type  alarmSeconds   alarmNanoseconds=88  3  2513   534000000
D/AlarmManager(  356): scheduleTimeTickEvent calendar=Mon Feb 03 23:03:00    2014
D/AlarmManager(  356): calendar.getTimeInMillis()1391454180000
W/AlarmManager(  356): in the set:type  triggerAtTime  operation=3  2176841  PendingIntent{413acba0: PendingIntentRecord{41539e90 android broadcastIntent}}
D/PowerManagerService(  356): acquireWakeLock flags=0x1 tag=AlarmManager
W/AlarmManager(  356): in the set:mDescriptor  alarm.type  alarmSeconds   alarmNanoseconds=88  3  2176   841000000
D/Clock   (  436): Clock.mIntentReceiver.onReceive - received broadcast: android.intent.action.TIME_TICK
D/Clock   (  436): Clock.updateClock - System.currentTimeMillis: 1391454120032
D/PowerManagerService(  356): releaseWakeLock flags=0x1 tag=AlarmManager
D/PowerManagerService(  356):  ALL PARTIAL wakeLock Released ! 
W/AlarmManager(  356): in the set:mDescriptor  alarm.type  alarmSeconds   alarmNanoseconds=88  3  2513   534000000
D/AlarmManager(  356): scheduleTimeTickEvent calendar=Mon Feb 03 23:04:00    2014
D/AlarmManager(  356): calendar.getTimeInMillis()1391454240000
W/AlarmManager(  356): in the set:type  triggerAtTime  operation=3  2236837  PendingIntent{413acba0: PendingIntentRecord{41539e90 android broadcastIntent}}
D/PowerManagerService(  356): acquireWakeLock flags=0x1 tag=AlarmManager
W/AlarmManager(  356): in the set:mDescriptor  alarm.type  alarmSeconds   alarmNanoseconds=88  3  2236   837000000
D/Clock   (  436): Clock.mIntentReceiver.onReceive - received broadcast: android.intent.action.TIME_TICK
D/Clock   (  436): Clock.updateClock - System.currentTimeMillis: 1391454180033
D/PowerManagerService(  356): releaseWakeLock flags=0x1 tag=AlarmManager
D/PowerManagerService(  356):  ALL PARTIAL wakeLock Released ! 
W/AlarmManager(  356): in the set:mDescriptor  alarm.type  alarmSeconds   alarmNanoseconds=88  3  2513   534000000
D/AlarmManager(  356): scheduleTimeTickEvent calendar=Mon Feb 03 23:05:00    2014
D/AlarmManager(  356): calendar.getTimeInMillis()1391454300000
W/AlarmManager(  356): in the set:type  triggerAtTime  operation=3  2296838  PendingIntent{413acba0: PendingIntentRecord{41539e90 android broadcastIntent}}
D/PowerManagerService(  356): acquireWakeLock flags=0x1 tag=AlarmManager
W/AlarmManager(  356): in the set:mDescriptor  alarm.type  alarmSeconds   alarmNanoseconds=88  3  2296   838000000
D/Clock   (  436): Clock.mIntentReceiver.onReceive - received broadcast: android.intent.action.TIME_TICK
D/Clock   (  436): Clock.updateClock - System.currentTimeMillis: 1391454240032
D/PowerManagerService(  356): releaseWakeLock flags=0x1 tag=AlarmManager
D/PowerManagerService(  356):  ALL PARTIAL wakeLock Released ! 
W/AlarmManager(  356): in the set:mDescriptor  alarm.type  alarmSeconds   alarmNanoseconds=88  3  2513   534000000
D/AlarmManager(  356): scheduleTimeTickEvent calendar=Mon Feb 03 23:06:00    2014
D/AlarmManager(  356): calendar.getTimeInMillis()1391454360000
W/AlarmManager(  356): in the set:type  triggerAtTime  operation=3  2356840  PendingIntent{413acba0: PendingIntentRecord{41539e90 android broadcastIntent}}
D/PowerManagerService(  356): acquireWakeLock flags=0x1 tag=AlarmManager
W/AlarmManager(  356): in the set:mDescriptor  alarm.type  alarmSeconds   alarmNanoseconds=88  3  2356   840000000
D/Clock   (  436): Clock.mIntentReceiver.onReceive - received broadcast: android.intent.action.TIME_TICK
D/Clock   (  436): Clock.updateClock - System.currentTimeMillis: 1391454300031
D/PowerManagerService(  356): releaseWakeLock flags=0x1 tag=AlarmManager
D/PowerManagerService(  356):  ALL PARTIAL wakeLock Released ! 
W/AlarmManager(  356): in the set:mDescriptor  alarm.type  alarmSeconds   alarmNanoseconds=88  3  2513   534000000
D/AlarmManager(  356): scheduleTimeTickEvent calendar=Mon Feb 03 23:07:00    2014
D/AlarmManager(  356): calendar.getTimeInMillis()1391454420000
W/AlarmManager(  356): in the set:type  triggerAtTime  operation=3  2416840  PendingIntent{413acba0: PendingIntentRecord{41539e90 android broadcastIntent}}
D/PowerManagerService(  356): acquireWakeLock flags=0x1 tag=AlarmManager
W/AlarmManager(  356): in the set:mDescriptor  alarm.type  alarmSeconds   alarmNanoseconds=88  3  2416   840000000
D/Clock   (  436): Clock.mIntentReceiver.onReceive - received broadcast: android.intent.action.TIME_TICK
D/Clock   (  436): Clock.updateClock - System.currentTimeMillis: 1391454360033
D/PowerManagerService(  356): releaseWakeLock flags=0x1 tag=AlarmManager
D/PowerManagerService(  356):  ALL PARTIAL wakeLock Released ! 
W/AlarmManager(  356): in the set:mDescriptor  alarm.type  alarmSeconds   alarmNanoseconds=88  3  2513   534000000
D/AlarmManager(  356): scheduleTimeTickEvent calendar=Mon Feb 03 23:08:00    2014
D/AlarmManager(  356): calendar.getTimeInMillis()1391454480000
W/AlarmManager(  356): in the set:type  triggerAtTime  operation=3  2476838  PendingIntent{413acba0: PendingIntentRecord{41539e90 android broadcastIntent}}
D/PowerManagerService(  356): acquireWakeLock flags=0x1 tag=AlarmManager
W/AlarmManager(  356): in the set:mDescriptor  alarm.type  alarmSeconds   alarmNanoseconds=88  3  2476   838000000
D/Clock   (  436): Clock.mIntentReceiver.onReceive - received broadcast: android.intent.action.TIME_TICK
D/Clock   (  436): Clock.updateClock - System.currentTimeMillis: 1391454420034
D/PowerManagerService(  356): releaseWakeLock flags=0x1 tag=AlarmManager
D/PowerManagerService(  356):  ALL PARTIAL wakeLock Released ! 
W/AlarmManager(  356): in the set:mDescriptor  alarm.type  alarmSeconds   alarmNanoseconds=88  3  2513   534000000
D/AlarmManager(  356): scheduleTimeTickEvent calendar=Mon Feb 03 23:09:00    2014
D/AlarmManager(  356): calendar.getTimeInMillis()1391454540000
W/AlarmManager(  356): in the set:type  triggerAtTime  operation=3  2536838  PendingIntent{413acba0: PendingIntentRecord{41539e90 android broadcastIntent}}
D/PowerManagerService(  356): acquireWakeLock flags=0x1 tag=AlarmManager
D/Clock   (  436): Clock.mIntentReceiver.onReceive - received broadcast: android.intent.action.TIME_TICK
D/Clock   (  436): Clock.updateClock - System.currentTimeMillis: 1391454480031
D/PowerManagerService(  356): releaseWakeLock flags=0x1 tag=AlarmManager
D/PowerManagerService(  356):  ALL PARTIAL wakeLock Released ! 
D/KeyguardStatusView(  356): isAlert=false
D/KeyguardStatusView(  356): isAlert=false
D/KeyguardStatusView(  356): isAlert=false
D/KeyguardStatusView(  356): isAlert=false
D/KeyguardStatusView(  356): isAlert=false
W/AlarmManager(  356): in the set:mDescriptor  alarm.type  alarmSeconds   alarmNanoseconds=88  3  2536   838000000
D/PowerManagerService(  356): acquireWakeLock flags=0x1 tag=AlarmManager
D/PowerManagerService(  356): releaseWakeLock flags=0x1 tag=AlarmManager
D/PowerManagerService(  356):  ALL PARTIAL wakeLock Released ! 
W/ThrottleService(  356): unable to find stats for iface rmnet0
W/AlarmManager(  356): in the set:type  triggerAtTime  operation=3  3113541  PendingIntent{41438648: PendingIntentRecord{414385a8 android broadcastIntent}}
W/AlarmManager(  356): in the set:mDescriptor  alarm.type  alarmSeconds   alarmNanoseconds=88  3  2700   0
D/AlarmManager(  356): scheduleTimeTickEvent calendar=Mon Feb 03 23:10:00    2014
D/AlarmManager(  356): calendar.getTimeInMillis()1391454600000
W/AlarmManager(  356): in the set:type  triggerAtTime  operation=3  2596839  PendingIntent{413acba0: PendingIntentRecord{41539e90 android broadcastIntent}}
D/PowerManagerService(  356): acquireWakeLock flags=0x1 tag=AlarmManager
W/AlarmManager(  356): in the set:mDescriptor  alarm.type  alarmSeconds   alarmNanoseconds=88  3  2596   839000000
D/Clock   (  436): Clock.mIntentReceiver.onReceive - received broadcast: android.intent.action.TIME_TICK
D/Clock   (  436): Clock.updateClock - System.currentTimeMillis: 1391454540031
D/PowerManagerService(  356): releaseWakeLock flags=0x1 tag=AlarmManager
D/PowerManagerService(  356):  ALL PARTIAL wakeLock Released ! 
W/AlarmManager(  356): in the set:mDescriptor  alarm.type  alarmSeconds   alarmNanoseconds=88  3  2700   0
D/AlarmManager(  356): scheduleTimeTickEvent calendar=Mon Feb 03 23:11:00    2014
D/AlarmManager(  356): calendar.getTimeInMillis()1391454660000
W/AlarmManager(  356): in the set:type  triggerAtTime  operation=3  2656843  PendingIntent{413acba0: PendingIntentRecord{41539e90 android broadcastIntent}}
D/PowerManagerService(  356): acquireWakeLock flags=0x1 tag=AlarmManager
W/AlarmManager(  356): in the set:mDescriptor  alarm.type  alarmSeconds   alarmNanoseconds=88  3  2656   843000000
D/Clock   (  436): Clock.mIntentReceiver.onReceive - received broadcast: android.intent.action.TIME_TICK
D/Clock   (  436): Clock.updateClock - System.currentTimeMillis: 1391454600033
D/PowerManagerService(  356): releaseWakeLock flags=0x1 tag=AlarmManager
D/PowerManagerService(  356):  ALL PARTIAL wakeLock Released ! 
W/AlarmManager(  356): in the set:mDescriptor  alarm.type  alarmSeconds   alarmNanoseconds=88  3  2700   0
D/AlarmManager(  356): scheduleTimeTickEvent calendar=Mon Feb 03 23:12:00    2014
D/AlarmManager(  356): calendar.getTimeInMillis()1391454720000
W/AlarmManager(  356): in the set:type  triggerAtTime  operation=3  2716837  PendingIntent{413acba0: PendingIntentRecord{41539e90 android broadcastIntent}}
D/PowerManagerService(  356): acquireWakeLock flags=0x1 tag=AlarmManager
D/Clock   (  436): Clock.mIntentReceiver.onReceive - received broadcast: android.intent.action.TIME_TICK
D/Clock   (  436): Clock.updateClock - System.currentTimeMillis: 1391454660035
D/PowerManagerService(  356): releaseWakeLock flags=0x1 tag=AlarmManager
D/PowerManagerService(  356):  ALL PARTIAL wakeLock Released ! 
W/AlarmManager(  356): in the set:mDescriptor  alarm.type  alarmSeconds   alarmNanoseconds=88  0  1391456467   129000000
W/AlarmManager(  356): +++Alarm  wakeup phone ,pkg=com.google.android.gsf
D/PowerManagerService(  356): acquireWakeLock flags=0x1 tag=AlarmManager
D/PowerManagerService(  356): acquireWakeLock flags=0x1 tag=Event Log Handoff
W/AlarmManager(  356): +++alarm onSendFinished ,action=null
D/PowerManagerService(  356): releaseWakeLock flags=0x1 tag=AlarmManager
I/EventLogService(  494): Aggregate from 1391452867092 (log), 1391452867092 (data)
D/PowerManagerService(  356): acquireWakeLock flags=0x1 tag=Event Log Service
D/PowerManagerService(  356): releaseWakeLock flags=0x1 tag=Event Log Handoff
D/AlarmManager(  356): +++Alarm set:type=0 com.google.android.gsf  Trigger after:1799996ms
W/AlarmManager(  356): in the set:mDescriptor  alarm.type  alarmSeconds   alarmNanoseconds=88  0  1391456467   193000000
D/PowerManagerService(  356): releaseWakeLock flags=0x1 tag=Event Log Service
D/PowerManagerService(  356):  ALL PARTIAL wakeLock Released ! 
W/AlarmManager(  356): in the set:mDescriptor  alarm.type  alarmSeconds   alarmNanoseconds=88  3  2716   837000000
D/PowerManagerService(  356): acquireWakeLock flags=0x1 tag=NetworkStats
D/PowerManagerService(  356): acquireWakeLock flags=0x1 tag=AlarmManager
D/MobileDataStateTracker(  356): default: setPolicyDataEnable(enabled=true)
D/PowerManagerService(  356): releaseWakeLock flags=0x1 tag=NetworkStats
D/NetdConnector(  356): SND -> {bandwidth setglobalalert 2097152} {null}
D/NetdConnector(  356): RCV <- {200 Bandwidth command succeeeded}
D/NetdConnector(  356): RSP <- {200 Bandwidth command succeeeded}
D/PowerManagerService(  356): releaseWakeLock flags=0x1 tag=AlarmManager
D/PowerManagerService(  356):  ALL PARTIAL wakeLock Released ! 
W/AlarmManager(  356): in the set:mDescriptor  alarm.type  alarmSeconds   alarmNanoseconds=88  3  3113   541000000
D/AlarmManager(  356): scheduleTimeTickEvent calendar=Mon Feb 03 23:13:00    2014
D/AlarmManager(  356): calendar.getTimeInMillis()1391454780000
W/AlarmManager(  356): in the set:type  triggerAtTime  operation=3  2776838  PendingIntent{413acba0: PendingIntentRecord{41539e90 android broadcastIntent}}
D/PowerManagerService(  356): acquireWakeLock flags=0x1 tag=AlarmManager
W/AlarmManager(  356): in the set:mDescriptor  alarm.type  alarmSeconds   alarmNanoseconds=88  3  2776   838000000
D/Clock   (  436): Clock.mIntentReceiver.onReceive - received broadcast: android.intent.action.TIME_TICK
D/Clock   (  436): Clock.updateClock - System.currentTimeMillis: 1391454720031
D/PowerManagerService(  356): releaseWakeLock flags=0x1 tag=AlarmManager
D/PowerManagerService(  356):  ALL PARTIAL wakeLock Released ! 
W/AlarmManager(  356): in the set:mDescriptor  alarm.type  alarmSeconds   alarmNanoseconds=88  3  3113   541000000
D/AlarmManager(  356): scheduleTimeTickEvent calendar=Mon Feb 03 23:14:00    2014
D/AlarmManager(  356): calendar.getTimeInMillis()1391454840000
W/AlarmManager(  356): in the set:type  triggerAtTime  operation=3  2836837  PendingIntent{413acba0: PendingIntentRecord{41539e90 android broadcastIntent}}
D/PowerManagerService(  356): acquireWakeLock flags=0x1 tag=AlarmManager
W/AlarmManager(  356): in the set:mDescriptor  alarm.type  alarmSeconds   alarmNanoseconds=88  3  2836   837000000
D/Clock   (  436): Clock.mIntentReceiver.onReceive - received broadcast: android.intent.action.TIME_TICK
D/Clock   (  436): Clock.updateClock - System.currentTimeMillis: 1391454780034
D/PowerManagerService(  356): releaseWakeLock flags=0x1 tag=AlarmManager
D/PowerManagerService(  356):  ALL PARTIAL wakeLock Released ! 
W/AlarmManager(  356): in the set:mDescriptor  alarm.type  alarmSeconds   alarmNanoseconds=88  3  3113   541000000
D/AlarmManager(  356): scheduleTimeTickEvent calendar=Mon Feb 03 23:15:00    2014
D/AlarmManager(  356): calendar.getTimeInMillis()1391454900000
W/AlarmManager(  356): in the set:type  triggerAtTime  operation=3  2896839  PendingIntent{413acba0: PendingIntentRecord{41539e90 android broadcastIntent}}
D/PowerManagerService(  356): acquireWakeLock flags=0x1 tag=AlarmManager
W/AlarmManager(  356): in the set:mDescriptor  alarm.type  alarmSeconds   alarmNanoseconds=88  3  2896   839000000
D/Clock   (  436): Clock.mIntentReceiver.onReceive - received broadcast: android.intent.action.TIME_TICK
D/Clock   (  436): Clock.updateClock - System.currentTimeMillis: 1391454840051
D/PowerManagerService(  356): releaseWakeLock flags=0x1 tag=AlarmManager
D/PowerManagerService(  356):  ALL PARTIAL wakeLock Released ! 
W/AlarmManager(  356): in the set:mDescriptor  alarm.type  alarmSeconds   alarmNanoseconds=88  3  3113   541000000
D/AlarmManager(  356): scheduleTimeTickEvent calendar=Mon Feb 03 23:16:00    2014
D/AlarmManager(  356): calendar.getTimeInMillis()1391454960000
W/AlarmManager(  356): in the set:type  triggerAtTime  operation=3  2956838  PendingIntent{413acba0: PendingIntentRecord{41539e90 android broadcastIntent}}
D/PowerManagerService(  356): acquireWakeLock flags=0x1 tag=AlarmManager
W/AlarmManager(  356): in the set:mDescriptor  alarm.type  alarmSeconds   alarmNanoseconds=88  3  2956   838000000
D/Clock   (  436): Clock.mIntentReceiver.onReceive - received broadcast: android.intent.action.TIME_TICK
D/Clock   (  436): Clock.updateClock - System.currentTimeMillis: 1391454900032
D/PowerManagerService(  356): releaseWakeLock flags=0x1 tag=AlarmManager
D/PowerManagerService(  356):  ALL PARTIAL wakeLock Released ! 
W/AlarmManager(  356): in the set:mDescriptor  alarm.type  alarmSeconds   alarmNanoseconds=88  3  3113   541000000
D/AlarmManager(  356): scheduleTimeTickEvent calendar=Mon Feb 03 23:17:00    2014
D/AlarmManager(  356): calendar.getTimeInMillis()1391455020000
W/AlarmManager(  356): in the set:type  triggerAtTime  operation=3  3016839  PendingIntent{413acba0: PendingIntentRecord{41539e90 android broadcastIntent}}
D/PowerManagerService(  356): acquireWakeLock flags=0x1 tag=AlarmManager
W/AlarmManager(  356): in the set:mDescriptor  alarm.type  alarmSeconds   alarmNanoseconds=88  3  3016   839000000
D/Clock   (  436): Clock.mIntentReceiver.onReceive - received broadcast: android.intent.action.TIME_TICK
D/Clock   (  436): Clock.updateClock - System.currentTimeMillis: 1391454960031
D/PowerManagerService(  356): releaseWakeLock flags=0x1 tag=AlarmManager
D/PowerManagerService(  356):  ALL PARTIAL wakeLock Released ! 
W/AlarmManager(  356): in the set:mDescriptor  alarm.type  alarmSeconds   alarmNanoseconds=88  3  3113   541000000
D/AlarmManager(  356): scheduleTimeTickEvent calendar=Mon Feb 03 23:18:00    2014
D/AlarmManager(  356): calendar.getTimeInMillis()1391455080000
W/AlarmManager(  356): in the set:type  triggerAtTime  operation=3  3076838  PendingIntent{413acba0: PendingIntentRecord{41539e90 android broadcastIntent}}
D/PowerManagerService(  356): acquireWakeLock flags=0x1 tag=AlarmManager
W/AlarmManager(  356): in the set:mDescriptor  alarm.type  alarmSeconds   alarmNanoseconds=88  3  3076   838000000
D/Clock   (  436): Clock.mIntentReceiver.onReceive - received broadcast: android.intent.action.TIME_TICK
D/Clock   (  436): Clock.updateClock - System.currentTimeMillis: 1391455020031
D/PowerManagerService(  356): releaseWakeLock flags=0x1 tag=AlarmManager
D/PowerManagerService(  356):  ALL PARTIAL wakeLock Released ! 
W/AlarmManager(  356): in the set:mDescriptor  alarm.type  alarmSeconds   alarmNanoseconds=88  3  3113   541000000
D/AlarmManager(  356): scheduleTimeTickEvent calendar=Mon Feb 03 23:19:00    2014
D/AlarmManager(  356): calendar.getTimeInMillis()1391455140000
W/AlarmManager(  356): in the set:type  triggerAtTime  operation=3  3136838  PendingIntent{413acba0: PendingIntentRecord{41539e90 android broadcastIntent}}
D/PowerManagerService(  356): acquireWakeLock flags=0x1 tag=AlarmManager
D/Clock   (  436): Clock.mIntentReceiver.onReceive - received broadcast: android.intent.action.TIME_TICK
D/Clock   (  436): Clock.updateClock - System.currentTimeMillis: 1391455080030
D/PowerManagerService(  356): releaseWakeLock flags=0x1 tag=AlarmManager
D/PowerManagerService(  356):  ALL PARTIAL wakeLock Released ! 
W/AlarmManager(  356): in the set:mDescriptor  alarm.type  alarmSeconds   alarmNanoseconds=88  3  3136   838000000
D/PowerManagerService(  356): acquireWakeLock flags=0x1 tag=AlarmManager
D/PowerManagerService(  356): releaseWakeLock flags=0x1 tag=AlarmManager
D/PowerManagerService(  356):  ALL PARTIAL wakeLock Released ! 
W/ThrottleService(  356): unable to find stats for iface rmnet0
W/AlarmManager(  356): in the set:type  triggerAtTime  operation=3  3713548  PendingIntent{41438648: PendingIntentRecord{414385a8 android broadcastIntent}}
W/AlarmManager(  356): in the set:mDescriptor  alarm.type  alarmSeconds   alarmNanoseconds=88  3  3713   548000000
D/AlarmManager(  356): scheduleTimeTickEvent calendar=Mon Feb 03 23:20:00    2014
D/AlarmManager(  356): calendar.getTimeInMillis()1391455200000
W/AlarmManager(  356): in the set:type  triggerAtTime  operation=3  3196837  PendingIntent{413acba0: PendingIntentRecord{41539e90 android broadcastIntent}}
D/PowerManagerService(  356): acquireWakeLock flags=0x1 tag=AlarmManager
W/AlarmManager(  356): in the set:mDescriptor  alarm.type  alarmSeconds   alarmNanoseconds=88  3  3196   837000000
D/Clock   (  436): Clock.mIntentReceiver.onReceive - received broadcast: android.intent.action.TIME_TICK
D/Clock   (  436): Clock.updateClock - System.currentTimeMillis: 1391455140036
D/PowerManagerService(  356): releaseWakeLock flags=0x1 tag=AlarmManager
D/PowerManagerService(  356):  ALL PARTIAL wakeLock Released ! 
W/AlarmManager(  356): in the set:mDescriptor  alarm.type  alarmSeconds   alarmNanoseconds=88  3  3713   548000000
D/AlarmManager(  356): scheduleTimeTickEvent calendar=Mon Feb 03 23:21:00    2014
D/AlarmManager(  356): calendar.getTimeInMillis()1391455260000
W/AlarmManager(  356): in the set:type  triggerAtTime  operation=3  3256838  PendingIntent{413acba0: PendingIntentRecord{41539e90 android broadcastIntent}}
D/PowerManagerService(  356): acquireWakeLock flags=0x1 tag=AlarmManager
W/AlarmManager(  356): in the set:mDescriptor  alarm.type  alarmSeconds   alarmNanoseconds=88  3  3256   838000000
D/Clock   (  436): Clock.mIntentReceiver.onReceive - received broadcast: android.intent.action.TIME_TICK
D/Clock   (  436): Clock.updateClock - System.currentTimeMillis: 1391455200034
D/PowerManagerService(  356): releaseWakeLock flags=0x1 tag=AlarmManager
D/PowerManagerService(  356):  ALL PARTIAL wakeLock Released ! 
W/AlarmManager(  356): in the set:mDescriptor  alarm.type  alarmSeconds   alarmNanoseconds=88  3  3713   548000000
D/AlarmManager(  356): scheduleTimeTickEvent calendar=Mon Feb 03 23:22:00    2014
D/AlarmManager(  356): calendar.getTimeInMillis()1391455320000
W/AlarmManager(  356): in the set:type  triggerAtTime  operation=3  3316838  PendingIntent{413acba0: PendingIntentRecord{41539e90 android broadcastIntent}}
D/PowerManagerService(  356): acquireWakeLock flags=0x1 tag=AlarmManager
W/AlarmManager(  356): in the set:mDescriptor  alarm.type  alarmSeconds   alarmNanoseconds=88  3  3316   838000000
D/Clock   (  436): Clock.mIntentReceiver.onReceive - received broadcast: android.intent.action.TIME_TICK
D/Clock   (  436): Clock.updateClock - System.currentTimeMillis: 1391455260028
D/PowerManagerService(  356): releaseWakeLock flags=0x1 tag=AlarmManager
D/PowerManagerService(  356):  ALL PARTIAL wakeLock Released ! 
W/AlarmManager(  356): in the set:mDescriptor  alarm.type  alarmSeconds   alarmNanoseconds=88  3  3713   548000000
D/AlarmManager(  356): scheduleTimeTickEvent calendar=Mon Feb 03 23:23:00    2014
D/AlarmManager(  356): calendar.getTimeInMillis()1391455380000
W/AlarmManager(  356): in the set:type  triggerAtTime  operation=3  3376837  PendingIntent{413acba0: PendingIntentRecord{41539e90 android broadcastIntent}}
D/PowerManagerService(  356): acquireWakeLock flags=0x1 tag=AlarmManager
W/AlarmManager(  356): in the set:mDescriptor  alarm.type  alarmSeconds   alarmNanoseconds=88  3  3376   837000000
D/Clock   (  436): Clock.mIntentReceiver.onReceive - received broadcast: android.intent.action.TIME_TICK
D/Clock   (  436): Clock.updateClock - System.currentTimeMillis: 1391455320028
D/PowerManagerService(  356): releaseWakeLock flags=0x1 tag=AlarmManager
D/PowerManagerService(  356):  ALL PARTIAL wakeLock Released ! 
W/AlarmManager(  356): in the set:mDescriptor  alarm.type  alarmSeconds   alarmNanoseconds=88  3  3713   548000000
D/AlarmManager(  356): scheduleTimeTickEvent calendar=Mon Feb 03 23:24:00    2014
D/AlarmManager(  356): calendar.getTimeInMillis()1391455440000
W/AlarmManager(  356): in the set:type  triggerAtTime  operation=3  3436837  PendingIntent{413acba0: PendingIntentRecord{41539e90 android broadcastIntent}}
D/PowerManagerService(  356): acquireWakeLock flags=0x1 tag=AlarmManager
W/AlarmManager(  356): in the set:mDescriptor  alarm.type  alarmSeconds   alarmNanoseconds=88  3  3436   837000000
D/Clock   (  436): Clock.mIntentReceiver.onReceive - received broadcast: android.intent.action.TIME_TICK
D/Clock   (  436): Clock.updateClock - System.currentTimeMillis: 1391455380027
D/PowerManagerService(  356): releaseWakeLock flags=0x1 tag=AlarmManager
D/PowerManagerService(  356):  ALL PARTIAL wakeLock Released ! 
W/AlarmManager(  356): in the set:mDescriptor  alarm.type  alarmSeconds   alarmNanoseconds=88  3  3713   548000000
D/AlarmManager(  356): scheduleTimeTickEvent calendar=Mon Feb 03 23:25:00    2014
D/AlarmManager(  356): calendar.getTimeInMillis()1391455500000
W/AlarmManager(  356): in the set:type  triggerAtTime  operation=3  3496837  PendingIntent{413acba0: PendingIntentRecord{41539e90 android broadcastIntent}}
D/PowerManagerService(  356): acquireWakeLock flags=0x1 tag=AlarmManager
W/AlarmManager(  356): in the set:mDescriptor  alarm.type  alarmSeconds   alarmNanoseconds=88  3  3496   837000000
D/Clock   (  436): Clock.mIntentReceiver.onReceive - received broadcast: android.intent.action.TIME_TICK
D/Clock   (  436): Clock.updateClock - System.currentTimeMillis: 1391455440029
D/PowerManagerService(  356): releaseWakeLock flags=0x1 tag=AlarmManager
D/PowerManagerService(  356):  ALL PARTIAL wakeLock Released ! 
I/ONCRPC  (  113): rpc_handle_rpc_call: for Xid: 85e, Prog: 31000003, Vers: cf0d42a3, Proc: 00000003
I/ONCRPC  (  113): rpc_handle_rpc_call: Find Status: 0 Xid: 85e
I/ONCRPC  (  113): oncrpc_proxy_handle_cmd_rpc_call: Dispatching xid: 85e
I/ONCRPC  (  113): rpc_handle_rpc_call: for Xid: 85f, Prog: 31000003, Vers: cf0d42a3, Proc: 00000003
I/ONCRPC  (  113): rpc_handle_rpc_call: Find Status: 0 Xid: 85f
I/ONCRPC  (  113): oncrpc_proxy_handle_cmd_rpc_call: Dispatching xid: 85f
I/ONCRPC  (  113): rpc_handle_rpc_call: for Xid: 860, Prog: 31000003, Vers: cf0d42a3, Proc: 00000003
I/ONCRPC  (  113): rpc_handle_rpc_call: Find Status: 0 Xid: 860
I/ONCRPC  (  113): oncrpc_proxy_handle_cmd_rpc_call: Dispatching xid: 860
I/ONCRPC  (  113): rpc_handle_rpc_call: for Xid: 863, Prog: 31000003, Vers: cf0d42a3, Proc: 00000003
I/ONCRPC  (  113): rpc_handle_rpc_call: Find Status: 0 Xid: 863
I/ONCRPC  (  113): oncrpc_proxy_handle_cmd_rpc_call: Dispatching xid: 863
I/ONCRPC  (  113): rpc_handle_rpc_call: for Xid: 864, Prog: 31000003, Vers: cf0d42a3, Proc: 00000003
I/ONCRPC  (  113): rpc_handle_rpc_call: Find Status: 0 Xid: 864
I/ONCRPC  (  113): oncrpc_proxy_handle_cmd_rpc_call: Dispatching xid: 864
I/ONCRPC  (  113): rpc_handle_rpc_call: for Xid: 866, Prog: 31000003, Vers: cf0d42a3, Proc: 00000003
I/ONCRPC  (  113): rpc_handle_rpc_call: Find Status: 0 Xid: 866
I/ONCRPC  (  113): oncrpc_proxy_handle_cmd_rpc_call: Dispatching xid: 866
W/AlarmManager(  356): in the set:mDescriptor  alarm.type  alarmSeconds   alarmNanoseconds=88  3  3713   548000000
D/AlarmManager(  356): scheduleTimeTickEvent calendar=Mon Feb 03 23:26:00    2014
D/AlarmManager(  356): calendar.getTimeInMillis()1391455560000
W/AlarmManager(  356): in the set:type  triggerAtTime  operation=3  3556838  PendingIntent{413acba0: PendingIntentRecord{41539e90 android broadcastIntent}}
D/PowerManagerService(  356): acquireWakeLock flags=0x1 tag=AlarmManager
W/AlarmManager(  356): in the set:mDescriptor  alarm.type  alarmSeconds   alarmNanoseconds=88  3  3556   838000000
D/Clock   (  436): Clock.mIntentReceiver.onReceive - received broadcast: android.intent.action.TIME_TICK
D/Clock   (  436): Clock.updateClock - System.currentTimeMillis: 1391455500029
D/PowerManagerService(  356): releaseWakeLock flags=0x1 tag=AlarmManager
D/PowerManagerService(  356):  ALL PARTIAL wakeLock Released ! 
W/AlarmManager(  356): in the set:mDescriptor  alarm.type  alarmSeconds   alarmNanoseconds=88  3  3713   548000000
D/AlarmManager(  356): scheduleTimeTickEvent calendar=Mon Feb 03 23:27:00    2014
D/AlarmManager(  356): calendar.getTimeInMillis()1391455620000
W/AlarmManager(  356): in the set:type  triggerAtTime  operation=3  3616837  PendingIntent{413acba0: PendingIntentRecord{41539e90 android broadcastIntent}}
D/PowerManagerService(  356): acquireWakeLock flags=0x1 tag=AlarmManager
W/AlarmManager(  356): in the set:mDescriptor  alarm.type  alarmSeconds   alarmNanoseconds=88  3  3616   837000000
D/Clock   (  436): Clock.mIntentReceiver.onReceive - received broadcast: android.intent.action.TIME_TICK
D/Clock   (  436): Clock.updateClock - System.currentTimeMillis: 1391455560030
D/PowerManagerService(  356): releaseWakeLock flags=0x1 tag=AlarmManager
D/PowerManagerService(  356):  ALL PARTIAL wakeLock Released ! 
W/AlarmManager(  356): in the set:mDescriptor  alarm.type  alarmSeconds   alarmNanoseconds=88  3  3713   548000000
D/AlarmManager(  356): scheduleTimeTickEvent calendar=Mon Feb 03 23:28:00    2014
D/AlarmManager(  356): calendar.getTimeInMillis()1391455680000
W/AlarmManager(  356): in the set:type  triggerAtTime  operation=3  3676839  PendingIntent{413acba0: PendingIntentRecord{41539e90 android broadcastIntent}}
D/PowerManagerService(  356): acquireWakeLock flags=0x1 tag=AlarmManager
W/AlarmManager(  356): in the set:mDescriptor  alarm.type  alarmSeconds   alarmNanoseconds=88  3  3676   839000000
D/Clock   (  436): Clock.mIntentReceiver.onReceive - received broadcast: android.intent.action.TIME_TICK
D/Clock   (  436): Clock.updateClock - System.currentTimeMillis: 1391455620033
D/PowerManagerService(  356): releaseWakeLock flags=0x1 tag=AlarmManager
D/PowerManagerService(  356):  ALL PARTIAL wakeLock Released ! 
W/AlarmManager(  356): in the set:mDescriptor  alarm.type  alarmSeconds   alarmNanoseconds=88  1  1391500800   0
D/PowerManagerService(  356): acquireWakeLock flags=0x1 tag=AlarmManager
W/Uploader(  745): No account for auth token provided
D/PowerManagerService(  356): releaseWakeLock flags=0x1 tag=AlarmManager
D/PowerManagerService(  356):  ALL PARTIAL wakeLock Released ! 
D/Uploader(  745): Network request failed class java.net.UnknownHostException(Unable to resolve host "play.googleapis.com": No address associated with hostname)
W/AlarmManager(  356): in the set:type  triggerAtTime  operation=1  1391459254184  PendingIntent{416cc478: PendingIntentRecord{41768b98 com.google.android.gms broadcastIntent}}
W/AlarmManager(  356): in the set:mDescriptor  alarm.type  alarmSeconds   alarmNanoseconds=88  1  1391459254   184000000
W/AlarmManager(  356): in the set:mDescriptor  alarm.type  alarmSeconds   alarmNanoseconds=88  3  3713   548000000
D/AlarmManager(  356): scheduleTimeTickEvent calendar=Mon Feb 03 23:29:00    2014
D/AlarmManager(  356): calendar.getTimeInMillis()1391455740000
W/AlarmManager(  356): in the set:type  triggerAtTime  operation=3  3736838  PendingIntent{413acba0: PendingIntentRecord{41539e90 android broadcastIntent}}
D/PowerManagerService(  356): acquireWakeLock flags=0x1 tag=AlarmManager
D/Clock   (  436): Clock.mIntentReceiver.onReceive - received broadcast: android.intent.action.TIME_TICK
D/Clock   (  436): Clock.updateClock - System.currentTimeMillis: 1391455680031
D/PowerManagerService(  356): releaseWakeLock flags=0x1 tag=AlarmManager
D/PowerManagerService(  356):  ALL PARTIAL wakeLock Released ! 
W/AlarmManager(  356): in the set:mDescriptor  alarm.type  alarmSeconds   alarmNanoseconds=88  3  3736   838000000
I/ActivityManager(  356): No longer want com.google.android.onetimeinitializer (pid 990): hidden #21
D/PowerManagerService(  356): acquireWakeLock flags=0x1 tag=AlarmManager
D/PowerManagerService(  356): releaseWakeLock flags=0x1 tag=AlarmManager
D/PowerManagerService(  356):  ALL PARTIAL wakeLock Released ! 
W/ThrottleService(  356): unable to find stats for iface rmnet0
W/AlarmManager(  356): in the set:type  triggerAtTime  operation=3  4313559  PendingIntent{41438648: PendingIntentRecord{414385a8 android broadcastIntent}}
I/WindowManager(  356): SCREENLAYOUT_SIZE (1:small, 2:normal, 3:large, 4:xlarge) 2
I/WindowManager(  356): SCREENLAYOUT_SIZE (1:small, 2:normal, 3:large, 4:xlarge) 2
W/AlarmManager(  356): in the set:mDescriptor  alarm.type  alarmSeconds   alarmNanoseconds=88  3  4313   559000000
D/AlarmManager(  356): scheduleTimeTickEvent calendar=Mon Feb 03 23:30:00    2014
D/AlarmManager(  356): calendar.getTimeInMillis()1391455800000
W/AlarmManager(  356): in the set:type  triggerAtTime  operation=3  3796838  PendingIntent{413acba0: PendingIntentRecord{41539e90 android broadcastIntent}}
D/PowerManagerService(  356): acquireWakeLock flags=0x1 tag=AlarmManager
