W/AlarmManager(  356): in the set:mDescriptor  alarm.type  alarmSeconds   alarmNanoseconds=88  3  3796   838000000
D/Clock   (  436): Clock.mIntentReceiver.onReceive - received broadcast: android.intent.action.TIME_TICK
D/Clock   (  436): Clock.updateClock - System.currentTimeMillis: 1391455740032
D/PowerManagerService(  356): releaseWakeLock flags=0x1 tag=AlarmManager
D/PowerManagerService(  356):  ALL PARTIAL wakeLock Released ! 
I/ONCRPC  (  113): rpc_handle_rpc_call: for Xid: 8fa, Prog: 31000003, Vers: cf0d42a3, Proc: 00000003
I/ONCRPC  (  113): rpc_handle_rpc_call: Find Status: 0 Xid: 8fa
I/ONCRPC  (  113): oncrpc_proxy_handle_cmd_rpc_call: Dispatching xid: 8fa
I/ONCRPC  (  113): rpc_handle_rpc_call: for Xid: 8fb, Prog: 31000003, Vers: cf0d42a3, Proc: 00000003
I/ONCRPC  (  113): rpc_handle_rpc_call: Find Status: 0 Xid: 8fb
I/ONCRPC  (  113): oncrpc_proxy_handle_cmd_rpc_call: Dispatching xid: 8fb
I/ONCRPC  (  113): rpc_handle_rpc_call: for Xid: 8fc, Prog: 31000003, Vers: cf0d42a3, Proc: 00000003
I/ONCRPC  (  113): rpc_handle_rpc_call: Find Status: 0 Xid: 8fc
I/ONCRPC  (  113): oncrpc_proxy_handle_cmd_rpc_call: Dispatching xid: 8fc
I/ONCRPC  (  113): rpc_handle_rpc_call: for Xid: 8ff, Prog: 31000003, Vers: cf0d42a3, Proc: 00000003
I/ONCRPC  (  113): rpc_handle_rpc_call: Find Status: 0 Xid: 8ff
I/ONCRPC  (  113): oncrpc_proxy_handle_cmd_rpc_call: Dispatching xid: 8ff
I/ONCRPC  (  113): rpc_handle_rpc_call: for Xid: 900, Prog: 31000003, Vers: cf0d42a3, Proc: 00000003
I/ONCRPC  (  113): rpc_handle_rpc_call: Find Status: 0 Xid: 900
I/ONCRPC  (  113): oncrpc_proxy_handle_cmd_rpc_call: Dispatching xid: 900
I/ONCRPC  (  113): rpc_handle_rpc_call: for Xid: 902, Prog: 31000003, Vers: cf0d42a3, Proc: 00000003
I/ONCRPC  (  113): rpc_handle_rpc_call: Find Status: 0 Xid: 902
I/ONCRPC  (  113): oncrpc_proxy_handle_cmd_rpc_call: Dispatching xid: 902
W/AlarmManager(  356): in the set:mDescriptor  alarm.type  alarmSeconds   alarmNanoseconds=88  3  4313   559000000
D/AlarmManager(  356): scheduleTimeTickEvent calendar=Mon Feb 03 23:31:00    2014
D/AlarmManager(  356): calendar.getTimeInMillis()1391455860000
W/AlarmManager(  356): in the set:type  triggerAtTime  operation=3  3856838  PendingIntent{413acba0: PendingIntentRecord{41539e90 android broadcastIntent}}
D/PowerManagerService(  356): acquireWakeLock flags=0x1 tag=AlarmManager
W/AlarmManager(  356): in the set:mDescriptor  alarm.type  alarmSeconds   alarmNanoseconds=88  3  3856   838000000
D/Clock   (  436): Clock.mIntentReceiver.onReceive - received broadcast: android.intent.action.TIME_TICK
D/Clock   (  436): Clock.updateClock - System.currentTimeMillis: 1391455800035
D/PowerManagerService(  356): releaseWakeLock flags=0x1 tag=AlarmManager
D/PowerManagerService(  356):  ALL PARTIAL wakeLock Released ! 
W/AlarmManager(  356): in the set:mDescriptor  alarm.type  alarmSeconds   alarmNanoseconds=88  3  4313   559000000
D/AlarmManager(  356): scheduleTimeTickEvent calendar=Mon Feb 03 23:32:00    2014
D/AlarmManager(  356): calendar.getTimeInMillis()1391455920000
W/AlarmManager(  356): in the set:type  triggerAtTime  operation=3  3916837  PendingIntent{413acba0: PendingIntentRecord{41539e90 android broadcastIntent}}
D/PowerManagerService(  356): acquireWakeLock flags=0x1 tag=AlarmManager
W/AlarmManager(  356): in the set:mDescriptor  alarm.type  alarmSeconds   alarmNanoseconds=88  3  3916   837000000
D/Clock   (  436): Clock.mIntentReceiver.onReceive - received broadcast: android.intent.action.TIME_TICK
D/Clock   (  436): Clock.updateClock - System.currentTimeMillis: 1391455860032
D/PowerManagerService(  356): releaseWakeLock flags=0x1 tag=AlarmManager
D/PowerManagerService(  356):  ALL PARTIAL wakeLock Released ! 
I/ONCRPC  (  113): rpc_handle_rpc_call: for Xid: 95e, Prog: 31000003, Vers: cf0d42a3, Proc: 00000003
I/ONCRPC  (  113): rpc_handle_rpc_call: Find Status: 0 Xid: 95e
I/ONCRPC  (  113): oncrpc_proxy_handle_cmd_rpc_call: Dispatching xid: 95e
W/AlarmManager(  356): in the set:mDescriptor  alarm.type  alarmSeconds   alarmNanoseconds=88  3  4313   559000000
D/AlarmManager(  356): scheduleTimeTickEvent calendar=Mon Feb 03 23:33:00    2014
D/AlarmManager(  356): calendar.getTimeInMillis()1391455980000
W/AlarmManager(  356): in the set:type  triggerAtTime  operation=3  3976838  PendingIntent{413acba0: PendingIntentRecord{41539e90 android broadcastIntent}}
D/PowerManagerService(  356): acquireWakeLock flags=0x1 tag=AlarmManager
W/AlarmManager(  356): in the set:mDescriptor  alarm.type  alarmSeconds   alarmNanoseconds=88  3  3976   838000000
D/Clock   (  436): Clock.mIntentReceiver.onReceive - received broadcast: android.intent.action.TIME_TICK
D/Clock   (  436): Clock.updateClock - System.currentTimeMillis: 1391455920028
D/PowerManagerService(  356): releaseWakeLock flags=0x1 tag=AlarmManager
D/PowerManagerService(  356):  ALL PARTIAL wakeLock Released ! 
I/ONCRPC  (  113): rpc_handle_rpc_call: for Xid: 967, Prog: 31000003, Vers: cf0d42a3, Proc: 00000003
I/ONCRPC  (  113): rpc_handle_rpc_call: Find Status: 0 Xid: 967
I/ONCRPC  (  113): oncrpc_proxy_handle_cmd_rpc_call: Dispatching xid: 967
I/ONCRPC  (  113): rpc_handle_rpc_call: for Xid: 968, Prog: 31000003, Vers: cf0d42a3, Proc: 00000003
I/ONCRPC  (  113): rpc_handle_rpc_call: Find Status: 0 Xid: 968
I/ONCRPC  (  113): oncrpc_proxy_handle_cmd_rpc_call: Dispatching xid: 968
I/ONCRPC  (  113): rpc_handle_rpc_call: for Xid: 969, Prog: 31000003, Vers: cf0d42a3, Proc: 00000003
I/ONCRPC  (  113): rpc_handle_rpc_call: Find Status: 0 Xid: 969
I/ONCRPC  (  113): oncrpc_proxy_handle_cmd_rpc_call: Dispatching xid: 969
I/ONCRPC  (  113): rpc_handle_rpc_call: for Xid: 96c, Prog: 31000003, Vers: cf0d42a3, Proc: 00000003
I/ONCRPC  (  113): rpc_handle_rpc_call: Find Status: 0 Xid: 96c
I/ONCRPC  (  113): oncrpc_proxy_handle_cmd_rpc_call: Dispatching xid: 96c
W/AlarmManager(  356): in the set:mDescriptor  alarm.type  alarmSeconds   alarmNanoseconds=88  3  4313   559000000
D/AlarmManager(  356): scheduleTimeTickEvent calendar=Mon Feb 03 23:34:00    2014
D/AlarmManager(  356): calendar.getTimeInMillis()1391456040000
W/AlarmManager(  356): in the set:type  triggerAtTime  operation=3  4036841  PendingIntent{413acba0: PendingIntentRecord{41539e90 android broadcastIntent}}
D/PowerManagerService(  356): acquireWakeLock flags=0x1 tag=AlarmManager
W/AlarmManager(  356): in the set:mDescriptor  alarm.type  alarmSeconds   alarmNanoseconds=88  3  4036   841000000
D/Clock   (  436): Clock.mIntentReceiver.onReceive - received broadcast: android.intent.action.TIME_TICK
D/Clock   (  436): Clock.updateClock - System.currentTimeMillis: 1391455980031
D/PowerManagerService(  356): releaseWakeLock flags=0x1 tag=AlarmManager
D/PowerManagerService(  356):  ALL PARTIAL wakeLock Released ! 
W/AlarmManager(  356): in the set:mDescriptor  alarm.type  alarmSeconds   alarmNanoseconds=88  3  4313   559000000
D/AlarmManager(  356): scheduleTimeTickEvent calendar=Mon Feb 03 23:35:00    2014
D/AlarmManager(  356): calendar.getTimeInMillis()1391456100000
W/AlarmManager(  356): in the set:type  triggerAtTime  operation=3  4096837  PendingIntent{413acba0: PendingIntentRecord{41539e90 android broadcastIntent}}
D/PowerManagerService(  356): acquireWakeLock flags=0x1 tag=AlarmManager
W/AlarmManager(  356): in the set:mDescriptor  alarm.type  alarmSeconds   alarmNanoseconds=88  3  4096   837000000
D/Clock   (  436): Clock.mIntentReceiver.onReceive - received broadcast: android.intent.action.TIME_TICK
D/Clock   (  436): Clock.updateClock - System.currentTimeMillis: 1391456040032
D/PowerManagerService(  356): releaseWakeLock flags=0x1 tag=AlarmManager
D/PowerManagerService(  356):  ALL PARTIAL wakeLock Released ! 
W/AlarmManager(  356): in the set:mDescriptor  alarm.type  alarmSeconds   alarmNanoseconds=88  3  4313   559000000
D/AlarmManager(  356): scheduleTimeTickEvent calendar=Mon Feb 03 23:36:00    2014
D/AlarmManager(  356): calendar.getTimeInMillis()1391456160000
W/AlarmManager(  356): in the set:type  triggerAtTime  operation=3  4156838  PendingIntent{413acba0: PendingIntentRecord{41539e90 android broadcastIntent}}
D/PowerManagerService(  356): acquireWakeLock flags=0x1 tag=AlarmManager
W/AlarmManager(  356): in the set:mDescriptor  alarm.type  alarmSeconds   alarmNanoseconds=88  3  4156   838000000
D/Clock   (  436): Clock.mIntentReceiver.onReceive - received broadcast: android.intent.action.TIME_TICK
D/Clock   (  436): Clock.updateClock - System.currentTimeMillis: 1391456100033
D/PowerManagerService(  356): releaseWakeLock flags=0x1 tag=AlarmManager
D/PowerManagerService(  356):  ALL PARTIAL wakeLock Released ! 
W/AlarmManager(  356): in the set:mDescriptor  alarm.type  alarmSeconds   alarmNanoseconds=88  3  4313   559000000
D/AlarmManager(  356): scheduleTimeTickEvent calendar=Mon Feb 03 23:37:00    2014
D/AlarmManager(  356): calendar.getTimeInMillis()1391456220000
W/AlarmManager(  356): in the set:type  triggerAtTime  operation=3  4216838  PendingIntent{413acba0: PendingIntentRecord{41539e90 android broadcastIntent}}
D/PowerManagerService(  356): acquireWakeLock flags=0x1 tag=AlarmManager
W/AlarmManager(  356): in the set:mDescriptor  alarm.type  alarmSeconds   alarmNanoseconds=88  3  4216   838000000
D/Clock   (  436): Clock.mIntentReceiver.onReceive - received broadcast: android.intent.action.TIME_TICK
D/Clock   (  436): Clock.updateClock - System.currentTimeMillis: 1391456160029
D/PowerManagerService(  356): releaseWakeLock flags=0x1 tag=AlarmManager
D/PowerManagerService(  356):  ALL PARTIAL wakeLock Released ! 
W/AlarmManager(  356): in the set:mDescriptor  alarm.type  alarmSeconds   alarmNanoseconds=88  3  4313   559000000
D/AlarmManager(  356): scheduleTimeTickEvent calendar=Mon Feb 03 23:38:00    2014
D/AlarmManager(  356): calendar.getTimeInMillis()1391456280000
W/AlarmManager(  356): in the set:type  triggerAtTime  operation=3  4276838  PendingIntent{413acba0: PendingIntentRecord{41539e90 android broadcastIntent}}
D/PowerManagerService(  356): acquireWakeLock flags=0x1 tag=AlarmManager
W/AlarmManager(  356): in the set:mDescriptor  alarm.type  alarmSeconds   alarmNanoseconds=88  3  4276   838000000
D/Clock   (  436): Clock.mIntentReceiver.onReceive - received broadcast: android.intent.action.TIME_TICK
D/Clock   (  436): Clock.updateClock - System.currentTimeMillis: 1391456220029
D/PowerManagerService(  356): releaseWakeLock flags=0x1 tag=AlarmManager
D/PowerManagerService(  356):  ALL PARTIAL wakeLock Released ! 
W/AlarmManager(  356): in the set:mDescriptor  alarm.type  alarmSeconds   alarmNanoseconds=88  3  4313   559000000
D/AlarmManager(  356): scheduleTimeTickEvent calendar=Mon Feb 03 23:39:00    2014
D/AlarmManager(  356): calendar.getTimeInMillis()1391456340000
W/AlarmManager(  356): in the set:type  triggerAtTime  operation=3  4336838  PendingIntent{413acba0: PendingIntentRecord{41539e90 android broadcastIntent}}
D/PowerManagerService(  356): acquireWakeLock flags=0x1 tag=AlarmManager
D/Clock   (  436): Clock.mIntentReceiver.onReceive - received broadcast: android.intent.action.TIME_TICK
D/Clock   (  436): Clock.updateClock - System.currentTimeMillis: 1391456280031
D/PowerManagerService(  356): releaseWakeLock flags=0x1 tag=AlarmManager
D/PowerManagerService(  356):  ALL PARTIAL wakeLock Released ! 
I/ONCRPC  (  113): rpc_handle_rpc_call: for Xid: a3c, Prog: 31000003, Vers: cf0d42a3, Proc: 00000003
I/ONCRPC  (  113): rpc_handle_rpc_call: Find Status: 0 Xid: a3c
I/ONCRPC  (  113): oncrpc_proxy_handle_cmd_rpc_call: Dispatching xid: a3c
W/AlarmManager(  356): in the set:mDescriptor  alarm.type  alarmSeconds   alarmNanoseconds=88  3  4336   838000000
D/PowerManagerService(  356): acquireWakeLock flags=0x1 tag=AlarmManager
D/PowerManagerService(  356): releaseWakeLock flags=0x1 tag=AlarmManager
D/PowerManagerService(  356):  ALL PARTIAL wakeLock Released ! 
W/ThrottleService(  356): unable to find stats for iface rmnet0
W/AlarmManager(  356): in the set:type  triggerAtTime  operation=3  4913565  PendingIntent{41438648: PendingIntentRecord{414385a8 android broadcastIntent}}
W/AlarmManager(  356): in the set:mDescriptor  alarm.type  alarmSeconds   alarmNanoseconds=88  3  4500   0
D/AlarmManager(  356): scheduleTimeTickEvent calendar=Mon Feb 03 23:40:00    2014
D/AlarmManager(  356): calendar.getTimeInMillis()1391456400000
W/AlarmManager(  356): in the set:type  triggerAtTime  operation=3  4396837  PendingIntent{413acba0: PendingIntentRecord{41539e90 android broadcastIntent}}
D/PowerManagerService(  356): acquireWakeLock flags=0x1 tag=AlarmManager
W/AlarmManager(  356): in the set:mDescriptor  alarm.type  alarmSeconds   alarmNanoseconds=88  3  4396   837000000
D/Clock   (  436): Clock.mIntentReceiver.onReceive - received broadcast: android.intent.action.TIME_TICK
D/Clock   (  436): Clock.updateClock - System.currentTimeMillis: 1391456340027
D/PowerManagerService(  356): releaseWakeLock flags=0x1 tag=AlarmManager
D/PowerManagerService(  356):  ALL PARTIAL wakeLock Released ! 
I/ONCRPC  (  113): rpc_handle_rpc_call: for Xid: a5a, Prog: 31000003, Vers: cf0d42a3, Proc: 00000003
I/ONCRPC  (  113): rpc_handle_rpc_call: Find Status: 0 Xid: a5a
I/ONCRPC  (  113): oncrpc_proxy_handle_cmd_rpc_call: Dispatching xid: a5a
I/ONCRPC  (  113): rpc_handle_rpc_call: for Xid: a62, Prog: 31000003, Vers: cf0d42a3, Proc: 00000003
I/ONCRPC  (  113): rpc_handle_rpc_call: Find Status: 0 Xid: a62
I/ONCRPC  (  113): oncrpc_proxy_handle_cmd_rpc_call: Dispatching xid: a62
I/ONCRPC  (  113): rpc_handle_rpc_call: for Xid: a63, Prog: 31000003, Vers: cf0d42a3, Proc: 00000003
I/ONCRPC  (  113): rpc_handle_rpc_call: Find Status: 0 Xid: a63
I/ONCRPC  (  113): oncrpc_proxy_handle_cmd_rpc_call: Dispatching xid: a63
I/ONCRPC  (  113): rpc_handle_rpc_call: for Xid: a64, Prog: 31000003, Vers: cf0d42a3, Proc: 00000003
I/ONCRPC  (  113): rpc_handle_rpc_call: Find Status: 0 Xid: a64
I/ONCRPC  (  113): oncrpc_proxy_handle_cmd_rpc_call: Dispatching xid: a64
I/ONCRPC  (  113): rpc_handle_rpc_call: for Xid: a67, Prog: 31000003, Vers: cf0d42a3, Proc: 00000003
I/ONCRPC  (  113): rpc_handle_rpc_call: Find Status: 0 Xid: a67
I/ONCRPC  (  113): oncrpc_proxy_handle_cmd_rpc_call: Dispatching xid: a67
W/AlarmManager(  356): in the set:mDescriptor  alarm.type  alarmSeconds   alarmNanoseconds=88  3  4500   0
D/AlarmManager(  356): scheduleTimeTickEvent calendar=Mon Feb 03 23:41:00    2014
D/AlarmManager(  356): calendar.getTimeInMillis()1391456460000
W/AlarmManager(  356): in the set:type  triggerAtTime  operation=3  4456839  PendingIntent{413acba0: PendingIntentRecord{41539e90 android broadcastIntent}}
D/PowerManagerService(  356): acquireWakeLock flags=0x1 tag=AlarmManager
W/AlarmManager(  356): in the set:mDescriptor  alarm.type  alarmSeconds   alarmNanoseconds=88  3  4456   839000000
D/Clock   (  436): Clock.mIntentReceiver.onReceive - received broadcast: android.intent.action.TIME_TICK
D/Clock   (  436): Clock.updateClock - System.currentTimeMillis: 1391456400033
D/PowerManagerService(  356): releaseWakeLock flags=0x1 tag=AlarmManager
D/PowerManagerService(  356):  ALL PARTIAL wakeLock Released ! 
W/AlarmManager(  356): in the set:mDescriptor  alarm.type  alarmSeconds   alarmNanoseconds=88  3  4500   0
D/AlarmManager(  356): scheduleTimeTickEvent calendar=Mon Feb 03 23:42:00    2014
D/AlarmManager(  356): calendar.getTimeInMillis()1391456520000
W/AlarmManager(  356): in the set:type  triggerAtTime  operation=3  4516840  PendingIntent{413acba0: PendingIntentRecord{41539e90 android broadcastIntent}}
D/PowerManagerService(  356): acquireWakeLock flags=0x1 tag=AlarmManager
D/Clock   (  436): Clock.mIntentReceiver.onReceive - received broadcast: android.intent.action.TIME_TICK
D/Clock   (  436): Clock.updateClock - System.currentTimeMillis: 1391456460031
D/PowerManagerService(  356): releaseWakeLock flags=0x1 tag=AlarmManager
D/PowerManagerService(  356):  ALL PARTIAL wakeLock Released ! 
W/AlarmManager(  356): in the set:mDescriptor  alarm.type  alarmSeconds   alarmNanoseconds=88  0  1391458267   193000000
W/AlarmManager(  356): +++Alarm  wakeup phone ,pkg=com.google.android.gsf
D/PowerManagerService(  356): acquireWakeLock flags=0x1 tag=AlarmManager
D/PowerManagerService(  356): acquireWakeLock flags=0x1 tag=Event Log Handoff
W/AlarmManager(  356): +++alarm onSendFinished ,action=null
D/PowerManagerService(  356): releaseWakeLock flags=0x1 tag=AlarmManager
I/EventLogService(  494): Aggregate from 1391454667167 (log), 1391454667167 (data)
D/PowerManagerService(  356): acquireWakeLock flags=0x1 tag=Event Log Service
D/PowerManagerService(  356): releaseWakeLock flags=0x1 tag=Event Log Handoff
D/AlarmManager(  356): +++Alarm set:type=0 com.google.android.gsf  Trigger after:1799997ms
W/AlarmManager(  356): in the set:mDescriptor  alarm.type  alarmSeconds   alarmNanoseconds=88  0  1391458267   265000000
D/PowerManagerService(  356): releaseWakeLock flags=0x1 tag=Event Log Service
D/PowerManagerService(  356):  ALL PARTIAL wakeLock Released ! 
W/AlarmManager(  356): in the set:mDescriptor  alarm.type  alarmSeconds   alarmNanoseconds=88  3  4516   840000000
D/PowerManagerService(  356): acquireWakeLock flags=0x1 tag=NetworkStats
D/PowerManagerService(  356): acquireWakeLock flags=0x1 tag=AlarmManager
D/MobileDataStateTracker(  356): default: setPolicyDataEnable(enabled=true)
D/PowerManagerService(  356): releaseWakeLock flags=0x1 tag=NetworkStats
D/NetdConnector(  356): SND -> {bandwidth setglobalalert 2097152} {null}
D/NetdConnector(  356): RCV <- {200 Bandwidth command succeeeded}
D/NetdConnector(  356): RSP <- {200 Bandwidth command succeeeded}
D/PowerManagerService(  356): releaseWakeLock flags=0x1 tag=AlarmManager
D/PowerManagerService(  356):  ALL PARTIAL wakeLock Released ! 
W/AlarmManager(  356): in the set:mDescriptor  alarm.type  alarmSeconds   alarmNanoseconds=88  3  4913   565000000
D/AlarmManager(  356): scheduleTimeTickEvent calendar=Mon Feb 03 23:43:00    2014
D/AlarmManager(  356): calendar.getTimeInMillis()1391456580000
W/AlarmManager(  356): in the set:type  triggerAtTime  operation=3  4576838  PendingIntent{413acba0: PendingIntentRecord{41539e90 android broadcastIntent}}
D/PowerManagerService(  356): acquireWakeLock flags=0x1 tag=AlarmManager
W/AlarmManager(  356): in the set:mDescriptor  alarm.type  alarmSeconds   alarmNanoseconds=88  3  4576   838000000
D/Clock   (  436): Clock.mIntentReceiver.onReceive - received broadcast: android.intent.action.TIME_TICK
D/Clock   (  436): Clock.updateClock - System.currentTimeMillis: 1391456520033
D/PowerManagerService(  356): releaseWakeLock flags=0x1 tag=AlarmManager
D/PowerManagerService(  356):  ALL PARTIAL wakeLock Released ! 
W/AlarmManager(  356): in the set:mDescriptor  alarm.type  alarmSeconds   alarmNanoseconds=88  3  4913   565000000
D/AlarmManager(  356): scheduleTimeTickEvent calendar=Mon Feb 03 23:44:00    2014
D/AlarmManager(  356): calendar.getTimeInMillis()1391456640000
W/AlarmManager(  356): in the set:type  triggerAtTime  operation=3  4636838  PendingIntent{413acba0: PendingIntentRecord{41539e90 android broadcastIntent}}
D/PowerManagerService(  356): acquireWakeLock flags=0x1 tag=AlarmManager
W/AlarmManager(  356): in the set:mDescriptor  alarm.type  alarmSeconds   alarmNanoseconds=88  3  4636   838000000
D/Clock   (  436): Clock.mIntentReceiver.onReceive - received broadcast: android.intent.action.TIME_TICK
D/Clock   (  436): Clock.updateClock - System.currentTimeMillis: 1391456580029
D/PowerManagerService(  356): releaseWakeLock flags=0x1 tag=AlarmManager
D/PowerManagerService(  356):  ALL PARTIAL wakeLock Released ! 
W/AlarmManager(  356): in the set:mDescriptor  alarm.type  alarmSeconds   alarmNanoseconds=88  2  15300   0
W/AlarmManager(  356): +++Alarm  wakeup phone ,pkg=com.google.android.gms
D/PowerManagerService(  356): acquireWakeLock flags=0x1 tag=AlarmManager
D/PowerManagerService(  356): acquireWakeLock flags=0x1 tag=NlpWakeLock
W/AlarmManager(  356): +++alarm onSendFinished ,action=com.google.android.gms.nlp.ALARM_WAKEUP_CACHE_UPDATER
D/PowerManagerService(  356): releaseWakeLock flags=0x1 tag=AlarmManager
D/PowerManagerService(  356): acquireWakeLock flags=0x1 tag=NlpWakeLock
D/StateMachine(  356): handleMessage: E msg.what=131084
D/StateMachine(  356): processMsg: DriverUnloadedState
D/WifiStateMachine(  356): DriverUnloadedState{ what=131084 when=-1ms }
D/StateMachine(  356): processMsg: DefaultState
D/WifiStateMachine(  356): DefaultState{ what=131084 when=-1ms }
D/StateMachine(  356): handleMessage: X
D/StateMachine(  356): handleMessage: E msg.what=131074
D/StateMachine(  356): processMsg: DriverUnloadedState
D/WifiStateMachine(  356): DriverUnloadedState{ what=131074 when=-1ms arg1=1 }
D/StateMachine(  356): processMsg: DefaultState
D/WifiStateMachine(  356): DefaultState{ what=131074 when=-1ms arg1=1 }
D/StateMachine(  356): handleMessage: X
D/WifiService(  356): acquireWifiLockLocked: WifiLock{NlpWifiLock type=2 binder=android.os.BinderProxy@417cd330}
D/WifiService(  356): There is WifiLock: WifiLock{NlpWifiLock type=2 binder=android.os.BinderProxy@417cd330}
E/WifiService(  356): updateWifiState(), lockHeld: true strongestLockMode: 1 wifiShouldBeStarted: true WifiP2pService.mIsWifiP2pEnabled: false
W/System.err(  773): java.net.UnknownHostException: Unable to resolve host "www.google.com": No address associated with hostname
W/System.err(  773): 	at java.net.InetAddress.lookupHostByName(InetAddress.java:426)
W/System.err(  773): 	at java.net.InetAddress.getAllByNameImpl(InetAddress.java:242)
W/System.err(  773): 	at java.net.InetAddress.getAllByName(InetAddress.java:220)
W/System.err(  773): 	at org.apache.http.impl.conn.DefaultClientConnectionOperator.openConnection(DefaultClientConnectionOperator.java:137)
W/System.err(  773): 	at org.apache.http.impl.conn.AbstractPoolEntry.open(AbstractPoolEntry.java:164)
W/System.err(  773): 	at org.apache.http.impl.conn.AbstractPooledConnAdapter.open(AbstractPooledConnAdapter.java:119)
W/System.err(  773): 	at org.apache.http.impl.client.DefaultRequestDirector.execute(DefaultRequestDirector.java:360)
W/System.err(  773): 	at org.apache.http.impl.client.AbstractHttpClient.execute(AbstractHttpClient.java:555)
W/System.err(  773): 	at org.apache.http.impl.client.AbstractHttpClient.execute(AbstractHttpClient.java:487)
W/System.err(  773): 	at android.net.http.AndroidHttpClient.execute(AndroidHttpClient.java:257)
W/System.err(  773): 	at wm.a(SourceFile:200)
W/System.err(  773): 	at wm.execute(SourceFile:242)
W/System.err(  773): 	at wm.execute(SourceFile:310)
W/System.err(  773): 	at hzm.g(SourceFile:126)
W/System.err(  773): 	at hzm.c(SourceFile:172)
W/System.err(  773): 	at ifd.run(SourceFile:418)
W/System.err(  773): 	at ifc.b(SourceFile:224)
W/System.err(  773): 	at ifc.run(SourceFile:198)
W/System.err(  773): 	at hzu.run(SourceFile:96)
W/System.err(  773): Caused by: libcore.io.GaiException: getaddrinfo failed: EAI_NODATA (No address associated with hostname)
W/System.err(  773): 	at libcore.io.Posix.getaddrinfo(Native Method)
W/System.err(  773): 	at libcore.io.ForwardingOs.getaddrinfo(ForwardingOs.java:55)
W/System.err(  773): 	at java.net.InetAddress.lookupHostByName(InetAddress.java:411)
W/AlarmManager(  356): in the set:type  triggerAtTime  operation=2  4611004  PendingIntent{41493970: PendingIntentRecord{417150d0 com.google.android.gms broadcastIntent}}
D/AlarmManager(  356): +++Alarm set:type=2 com.google.android.gms  Trigger after:9997ms
W/AlarmManager(  356): in the set:mDescriptor  alarm.type  alarmSeconds   alarmNanoseconds=88  2  4611   4000000
D/PowerManagerService(  356): releaseWakeLock flags=0x1 tag=NlpWakeLock
W/System.err(  773): 	... 18 more
W/AlarmManager(  356): in the set:type  triggerAtTime  operation=2  48184764  PendingIntent{41499690: PendingIntentRecord{417150d0 com.google.android.gms broadcastIntent}}
D/AlarmManager(  356): +++Alarm set:type=2 com.google.android.gms  Trigger after:43583739ms
D/WifiService(  356): releaseWifiLockLocked: WifiLock{NlpWifiLock type=2 binder=android.os.BinderProxy@417cd330}
E/WifiService(  356): updateWifiState(), lockHeld: false strongestLockMode: 1 wifiShouldBeStarted: true WifiP2pService.mIsWifiP2pEnabled: false
D/StateMachine(  356): handleMessage: E msg.what=131084
D/StateMachine(  356): processMsg: DriverUnloadedState
D/WifiStateMachine(  356): DriverUnloadedState{ what=131084 when=-1ms }
D/StateMachine(  356): processMsg: DefaultState
D/WifiStateMachine(  356): DefaultState{ what=131084 when=-1ms }
D/StateMachine(  356): handleMessage: X
D/StateMachine(  356): handleMessage: E msg.what=131074
D/StateMachine(  356): processMsg: DriverUnloadedState
D/WifiStateMachine(  356): DriverUnloadedState{ what=131074 when=-1ms arg1=1 }
D/StateMachine(  356): processMsg: DefaultState
D/WifiStateMachine(  356): DefaultState{ what=131074 when=-1ms arg1=1 }
D/StateMachine(  356): handleMessage: X
D/PowerManagerService(  356): releaseWakeLock flags=0x1 tag=NlpWakeLock
D/PowerManagerService(  356):  ALL PARTIAL wakeLock Released ! 
W/AlarmManager(  356): in the set:mDescriptor  alarm.type  alarmSeconds   alarmNanoseconds=88  2  15300   0
W/AlarmManager(  356): in the set:mDescriptor  alarm.type  alarmSeconds   alarmNanoseconds=88  3  4913   565000000
D/AlarmManager(  356): scheduleTimeTickEvent calendar=Mon Feb 03 23:45:00    2014
D/AlarmManager(  356): calendar.getTimeInMillis()1391456700000
W/AlarmManager(  356): in the set:type  triggerAtTime  operation=3  4696837  PendingIntent{413acba0: PendingIntentRecord{41539e90 android broadcastIntent}}
D/PowerManagerService(  356): acquireWakeLock flags=0x1 tag=AlarmManager
W/AlarmManager(  356): in the set:mDescriptor  alarm.type  alarmSeconds   alarmNanoseconds=88  3  4696   837000000
D/Clock   (  436): Clock.mIntentReceiver.onReceive - received broadcast: android.intent.action.TIME_TICK
D/Clock   (  436): Clock.updateClock - System.currentTimeMillis: 1391456640033
D/PowerManagerService(  356): releaseWakeLock flags=0x1 tag=AlarmManager
D/PowerManagerService(  356):  ALL PARTIAL wakeLock Released ! 
W/AlarmManager(  356): in the set:mDescriptor  alarm.type  alarmSeconds   alarmNanoseconds=88  3  4913   565000000
D/AlarmManager(  356): scheduleTimeTickEvent calendar=Mon Feb 03 23:46:00    2014
D/AlarmManager(  356): calendar.getTimeInMillis()1391456760000
W/AlarmManager(  356): in the set:type  triggerAtTime  operation=3  4756837  PendingIntent{413acba0: PendingIntentRecord{41539e90 android broadcastIntent}}
D/PowerManagerService(  356): acquireWakeLock flags=0x1 tag=AlarmManager
W/AlarmManager(  356): in the set:mDescriptor  alarm.type  alarmSeconds   alarmNanoseconds=88  3  4756   837000000
D/Clock   (  436): Clock.mIntentReceiver.onReceive - received broadcast: android.intent.action.TIME_TICK
D/Clock   (  436): Clock.updateClock - System.currentTimeMillis: 1391456700028
D/PowerManagerService(  356): releaseWakeLock flags=0x1 tag=AlarmManager
D/PowerManagerService(  356):  ALL PARTIAL wakeLock Released ! 
W/AlarmManager(  356): in the set:mDescriptor  alarm.type  alarmSeconds   alarmNanoseconds=88  3  4913   565000000
D/AlarmManager(  356): scheduleTimeTickEvent calendar=Mon Feb 03 23:47:00    2014
D/AlarmManager(  356): calendar.getTimeInMillis()1391456820000
W/AlarmManager(  356): in the set:type  triggerAtTime  operation=3  4816837  PendingIntent{413acba0: PendingIntentRecord{41539e90 android broadcastIntent}}
D/PowerManagerService(  356): acquireWakeLock flags=0x1 tag=AlarmManager
W/AlarmManager(  356): in the set:mDescriptor  alarm.type  alarmSeconds   alarmNanoseconds=88  3  4816   837000000
D/Clock   (  436): Clock.mIntentReceiver.onReceive - received broadcast: android.intent.action.TIME_TICK
D/Clock   (  436): Clock.updateClock - System.currentTimeMillis: 1391456760031
D/PowerManagerService(  356): releaseWakeLock flags=0x1 tag=AlarmManager
D/PowerManagerService(  356):  ALL PARTIAL wakeLock Released ! 
I/ONCRPC  (  113): rpc_handle_rpc_call: for Xid: b4c, Prog: 31000003, Vers: cf0d42a3, Proc: 00000003
I/ONCRPC  (  113): rpc_handle_rpc_call: Find Status: 0 Xid: b4c
I/ONCRPC  (  113): oncrpc_proxy_handle_cmd_rpc_call: Dispatching xid: b4c
I/ONCRPC  (  113): rpc_handle_rpc_call: for Xid: b57, Prog: 31000003, Vers: cf0d42a3, Proc: 00000003
I/ONCRPC  (  113): rpc_handle_rpc_call: Find Status: 0 Xid: b57
I/ONCRPC  (  113): oncrpc_proxy_handle_cmd_rpc_call: Dispatching xid: b57
I/ONCRPC  (  113): rpc_handle_rpc_call: for Xid: b67, Prog: 31000003, Vers: cf0d42a3, Proc: 00000003
I/ONCRPC  (  113): rpc_handle_rpc_call: Find Status: 0 Xid: b67
I/ONCRPC  (  113): oncrpc_proxy_handle_cmd_rpc_call: Dispatching xid: b67
I/ONCRPC  (  113): rpc_handle_rpc_call: for Xid: b68, Prog: 31000003, Vers: cf0d42a3, Proc: 00000003
I/ONCRPC  (  113): rpc_handle_rpc_call: Find Status: 0 Xid: b68
I/ONCRPC  (  113): oncrpc_proxy_handle_cmd_rpc_call: Dispatching xid: b68
I/ONCRPC  (  113): rpc_handle_rpc_call: for Xid: b69, Prog: 31000003, Vers: cf0d42a3, Proc: 00000003
I/ONCRPC  (  113): rpc_handle_rpc_call: Find Status: 0 Xid: b69
I/ONCRPC  (  113): oncrpc_proxy_handle_cmd_rpc_call: Dispatching xid: b69
W/AlarmManager(  356): in the set:mDescriptor  alarm.type  alarmSeconds   alarmNanoseconds=88  3  4913   565000000
D/AlarmManager(  356): scheduleTimeTickEvent calendar=Mon Feb 03 23:48:00    2014
D/AlarmManager(  356): calendar.getTimeInMillis()1391456880000
W/AlarmManager(  356): in the set:type  triggerAtTime  operation=3  4876837  PendingIntent{413acba0: PendingIntentRecord{41539e90 android broadcastIntent}}
D/PowerManagerService(  356): acquireWakeLock flags=0x1 tag=AlarmManager
W/AlarmManager(  356): in the set:mDescriptor  alarm.type  alarmSeconds   alarmNanoseconds=88  3  4876   837000000
D/Clock   (  436): Clock.mIntentReceiver.onReceive - received broadcast: android.intent.action.TIME_TICK
D/Clock   (  436): Clock.updateClock - System.currentTimeMillis: 1391456820031
D/PowerManagerService(  356): releaseWakeLock flags=0x1 tag=AlarmManager
D/PowerManagerService(  356):  ALL PARTIAL wakeLock Released ! 
I/ONCRPC  (  113): rpc_handle_rpc_call: for Xid: b6c, Prog: 31000003, Vers: cf0d42a3, Proc: 00000003
I/ONCRPC  (  113): rpc_handle_rpc_call: Find Status: 0 Xid: b6c
I/ONCRPC  (  113): oncrpc_proxy_handle_cmd_rpc_call: Dispatching xid: b6c
I/ONCRPC  (  113): rpc_handle_rpc_call: for Xid: b74, Prog: 31000003, Vers: cf0d42a3, Proc: 00000003
I/ONCRPC  (  113): rpc_handle_rpc_call: Find Status: 0 Xid: b74
I/ONCRPC  (  113): oncrpc_proxy_handle_cmd_rpc_call: Dispatching xid: b74
I/ONCRPC  (  113): rpc_handle_rpc_call: for Xid: b7f, Prog: 31000003, Vers: cf0d42a3, Proc: 00000003
I/ONCRPC  (  113): rpc_handle_rpc_call: Find Status: 0 Xid: b7f
I/ONCRPC  (  113): oncrpc_proxy_handle_cmd_rpc_call: Dispatching xid: b7f
I/ONCRPC  (  113): rpc_handle_rpc_call: for Xid: b87, Prog: 31000003, Vers: cf0d42a3, Proc: 00000003
I/ONCRPC  (  113): rpc_handle_rpc_call: Find Status: 0 Xid: b87
I/ONCRPC  (  113): oncrpc_proxy_handle_cmd_rpc_call: Dispatching xid: b87
I/ONCRPC  (  113): rpc_handle_rpc_call: for Xid: b88, Prog: 31000003, Vers: cf0d42a3, Proc: 00000003
I/ONCRPC  (  113): rpc_handle_rpc_call: Find Status: 0 Xid: b88
I/ONCRPC  (  113): oncrpc_proxy_handle_cmd_rpc_call: Dispatching xid: b88
I/ONCRPC  (  113): rpc_handle_rpc_call: for Xid: b89, Prog: 31000003, Vers: cf0d42a3, Proc: 00000003
I/ONCRPC  (  113): rpc_handle_rpc_call: Find Status: 0 Xid: b89
I/ONCRPC  (  113): oncrpc_proxy_handle_cmd_rpc_call: Dispatching xid: b89
I/ONCRPC  (  113): rpc_handle_rpc_call: for Xid: b8c, Prog: 31000003, Vers: cf0d42a3, Proc: 00000003
I/ONCRPC  (  113): rpc_handle_rpc_call: Find Status: 0 Xid: b8c
I/ONCRPC  (  113): oncrpc_proxy_handle_cmd_rpc_call: Dispatching xid: b8c
W/AlarmManager(  356): in the set:mDescriptor  alarm.type  alarmSeconds   alarmNanoseconds=88  3  4913   565000000
D/AlarmManager(  356): scheduleTimeTickEvent calendar=Mon Feb 03 23:49:00    2014
D/AlarmManager(  356): calendar.getTimeInMillis()1391456940000
W/AlarmManager(  356): in the set:type  triggerAtTime  operation=3  4936838  PendingIntent{413acba0: PendingIntentRecord{41539e90 android broadcastIntent}}
D/PowerManagerService(  356): acquireWakeLock flags=0x1 tag=AlarmManager
D/Clock   (  436): Clock.mIntentReceiver.onReceive - received broadcast: android.intent.action.TIME_TICK
D/Clock   (  436): Clock.updateClock - System.currentTimeMillis: 1391456880031
D/PowerManagerService(  356): releaseWakeLock flags=0x1 tag=AlarmManager
D/PowerManagerService(  356):  ALL PARTIAL wakeLock Released ! 
W/AlarmManager(  356): in the set:mDescriptor  alarm.type  alarmSeconds   alarmNanoseconds=88  3  4936   838000000
D/PowerManagerService(  356): acquireWakeLock flags=0x1 tag=AlarmManager
D/PowerManagerService(  356): releaseWakeLock flags=0x1 tag=AlarmManager
D/PowerManagerService(  356):  ALL PARTIAL wakeLock Released ! 
W/ThrottleService(  356): unable to find stats for iface rmnet0
W/AlarmManager(  356): in the set:type  triggerAtTime  operation=3  5513570  PendingIntent{41438648: PendingIntentRecord{414385a8 android broadcastIntent}}
W/AlarmManager(  356): in the set:mDescriptor  alarm.type  alarmSeconds   alarmNanoseconds=88  3  5513   570000000
D/AlarmManager(  356): scheduleTimeTickEvent calendar=Mon Feb 03 23:50:00    2014
D/AlarmManager(  356): calendar.getTimeInMillis()1391457000000
W/AlarmManager(  356): in the set:type  triggerAtTime  operation=3  4996837  PendingIntent{413acba0: PendingIntentRecord{41539e90 android broadcastIntent}}
D/PowerManagerService(  356): acquireWakeLock flags=0x1 tag=AlarmManager
W/AlarmManager(  356): in the set:mDescriptor  alarm.type  alarmSeconds   alarmNanoseconds=88  3  4996   837000000
D/Clock   (  436): Clock.mIntentReceiver.onReceive - received broadcast: android.intent.action.TIME_TICK
D/Clock   (  436): Clock.updateClock - System.currentTimeMillis: 1391456940032
D/PowerManagerService(  356): releaseWakeLock flags=0x1 tag=AlarmManager
D/PowerManagerService(  356):  ALL PARTIAL wakeLock Released ! 
W/AlarmManager(  356): in the set:mDescriptor  alarm.type  alarmSeconds   alarmNanoseconds=88  3  5513   570000000
D/AlarmManager(  356): scheduleTimeTickEvent calendar=Mon Feb 03 23:51:00    2014
D/AlarmManager(  356): calendar.getTimeInMillis()1391457060000
W/AlarmManager(  356): in the set:type  triggerAtTime  operation=3  5056838  PendingIntent{413acba0: PendingIntentRecord{41539e90 android broadcastIntent}}
D/PowerManagerService(  356): acquireWakeLock flags=0x1 tag=AlarmManager
W/AlarmManager(  356): in the set:mDescriptor  alarm.type  alarmSeconds   alarmNanoseconds=88  3  5056   838000000
D/Clock   (  436): Clock.mIntentReceiver.onReceive - received broadcast: android.intent.action.TIME_TICK
D/Clock   (  436): Clock.updateClock - System.currentTimeMillis: 1391457000031
D/PowerManagerService(  356): releaseWakeLock flags=0x1 tag=AlarmManager
D/PowerManagerService(  356):  ALL PARTIAL wakeLock Released ! 
W/AlarmManager(  356): in the set:mDescriptor  alarm.type  alarmSeconds   alarmNanoseconds=88  3  5513   570000000
D/AlarmManager(  356): scheduleTimeTickEvent calendar=Mon Feb 03 23:52:00    2014
D/AlarmManager(  356): calendar.getTimeInMillis()1391457120000
W/AlarmManager(  356): in the set:type  triggerAtTime  operation=3  5116837  PendingIntent{413acba0: PendingIntentRecord{41539e90 android broadcastIntent}}
D/PowerManagerService(  356): acquireWakeLock flags=0x1 tag=AlarmManager
W/AlarmManager(  356): in the set:mDescriptor  alarm.type  alarmSeconds   alarmNanoseconds=88  3  5116   837000000
D/Clock   (  436): Clock.mIntentReceiver.onReceive - received broadcast: android.intent.action.TIME_TICK
D/Clock   (  436): Clock.updateClock - System.currentTimeMillis: 1391457060029
D/PowerManagerService(  356): releaseWakeLock flags=0x1 tag=AlarmManager
D/PowerManagerService(  356):  ALL PARTIAL wakeLock Released ! 
W/AlarmManager(  356): in the set:mDescriptor  alarm.type  alarmSeconds   alarmNanoseconds=88  3  5513   570000000
D/AlarmManager(  356): scheduleTimeTickEvent calendar=Mon Feb 03 23:53:00    2014
D/AlarmManager(  356): calendar.getTimeInMillis()1391457180000
W/AlarmManager(  356): in the set:type  triggerAtTime  operation=3  5176837  PendingIntent{413acba0: PendingIntentRecord{41539e90 android broadcastIntent}}
D/PowerManagerService(  356): acquireWakeLock flags=0x1 tag=AlarmManager
W/AlarmManager(  356): in the set:mDescriptor  alarm.type  alarmSeconds   alarmNanoseconds=88  3  5176   837000000
D/Clock   (  436): Clock.mIntentReceiver.onReceive - received broadcast: android.intent.action.TIME_TICK
D/Clock   (  436): Clock.updateClock - System.currentTimeMillis: 1391457120031
D/PowerManagerService(  356): releaseWakeLock flags=0x1 tag=AlarmManager
D/PowerManagerService(  356):  ALL PARTIAL wakeLock Released ! 
W/AlarmManager(  356): in the set:mDescriptor  alarm.type  alarmSeconds   alarmNanoseconds=88  3  5513   570000000
D/AlarmManager(  356): scheduleTimeTickEvent calendar=Mon Feb 03 23:54:00    2014
D/AlarmManager(  356): calendar.getTimeInMillis()1391457240000
W/AlarmManager(  356): in the set:type  triggerAtTime  operation=3  5236837  PendingIntent{413acba0: PendingIntentRecord{41539e90 android broadcastIntent}}
D/PowerManagerService(  356): acquireWakeLock flags=0x1 tag=AlarmManager
W/AlarmManager(  356): in the set:mDescriptor  alarm.type  alarmSeconds   alarmNanoseconds=88  3  5236   837000000
D/Clock   (  436): Clock.mIntentReceiver.onReceive - received broadcast: android.intent.action.TIME_TICK
D/Clock   (  436): Clock.updateClock - System.currentTimeMillis: 1391457180028
D/PowerManagerService(  356): releaseWakeLock flags=0x1 tag=AlarmManager
D/PowerManagerService(  356):  ALL PARTIAL wakeLock Released ! 
W/AlarmManager(  356): in the set:mDescriptor  alarm.type  alarmSeconds   alarmNanoseconds=88  3  5513   570000000
D/AlarmManager(  356): scheduleTimeTickEvent calendar=Mon Feb 03 23:55:00    2014
D/AlarmManager(  356): calendar.getTimeInMillis()1391457300000
W/AlarmManager(  356): in the set:type  triggerAtTime  operation=3  5296837  PendingIntent{413acba0: PendingIntentRecord{41539e90 android broadcastIntent}}
D/PowerManagerService(  356): acquireWakeLock flags=0x1 tag=AlarmManager
W/AlarmManager(  356): in the set:mDescriptor  alarm.type  alarmSeconds   alarmNanoseconds=88  3  5296   837000000
D/Clock   (  436): Clock.mIntentReceiver.onReceive - received broadcast: android.intent.action.TIME_TICK
D/Clock   (  436): Clock.updateClock - System.currentTimeMillis: 1391457240030
D/PowerManagerService(  356): releaseWakeLock flags=0x1 tag=AlarmManager
D/PowerManagerService(  356):  ALL PARTIAL wakeLock Released ! 
W/AlarmManager(  356): in the set:mDescriptor  alarm.type  alarmSeconds   alarmNanoseconds=88  3  5513   570000000
D/AlarmManager(  356): scheduleTimeTickEvent calendar=Mon Feb 03 23:56:00    2014
D/AlarmManager(  356): calendar.getTimeInMillis()1391457360000
W/AlarmManager(  356): in the set:type  triggerAtTime  operation=3  5356837  PendingIntent{413acba0: PendingIntentRecord{41539e90 android broadcastIntent}}
D/PowerManagerService(  356): acquireWakeLock flags=0x1 tag=AlarmManager
W/AlarmManager(  356): in the set:mDescriptor  alarm.type  alarmSeconds   alarmNanoseconds=88  3  5356   837000000
D/Clock   (  436): Clock.mIntentReceiver.onReceive - received broadcast: android.intent.action.TIME_TICK
D/Clock   (  436): Clock.updateClock - System.currentTimeMillis: 1391457300028
D/PowerManagerService(  356): releaseWakeLock flags=0x1 tag=AlarmManager
D/PowerManagerService(  356):  ALL PARTIAL wakeLock Released ! 
W/AlarmManager(  356): in the set:mDescriptor  alarm.type  alarmSeconds   alarmNanoseconds=88  3  5513   570000000
D/AlarmManager(  356): scheduleTimeTickEvent calendar=Mon Feb 03 23:57:00    2014
D/AlarmManager(  356): calendar.getTimeInMillis()1391457420000
W/AlarmManager(  356): in the set:type  triggerAtTime  operation=3  5416836  PendingIntent{413acba0: PendingIntentRecord{41539e90 android broadcastIntent}}
D/PowerManagerService(  356): acquireWakeLock flags=0x1 tag=AlarmManager
W/AlarmManager(  356): in the set:mDescriptor  alarm.type  alarmSeconds   alarmNanoseconds=88  3  5416   836000000
D/Clock   (  436): Clock.mIntentReceiver.onReceive - received broadcast: android.intent.action.TIME_TICK
D/Clock   (  436): Clock.updateClock - System.currentTimeMillis: 1391457360027
D/PowerManagerService(  356): releaseWakeLock flags=0x1 tag=AlarmManager
D/PowerManagerService(  356):  ALL PARTIAL wakeLock Released ! 
W/AlarmManager(  356): in the set:mDescriptor  alarm.type  alarmSeconds   alarmNanoseconds=88  3  5513   570000000
D/AlarmManager(  356): scheduleTimeTickEvent calendar=Mon Feb 03 23:58:00    2014
D/AlarmManager(  356): calendar.getTimeInMillis()1391457480000
W/AlarmManager(  356): in the set:type  triggerAtTime  operation=3  5476838  PendingIntent{413acba0: PendingIntentRecord{41539e90 android broadcastIntent}}
D/PowerManagerService(  356): acquireWakeLock flags=0x1 tag=AlarmManager
W/AlarmManager(  356): in the set:mDescriptor  alarm.type  alarmSeconds   alarmNanoseconds=88  3  5476   838000000
D/Clock   (  436): Clock.mIntentReceiver.onReceive - received broadcast: android.intent.action.TIME_TICK
D/Clock   (  436): Clock.updateClock - System.currentTimeMillis: 1391457420033
D/PowerManagerService(  356): releaseWakeLock flags=0x1 tag=AlarmManager
D/PowerManagerService(  356):  ALL PARTIAL wakeLock Released ! 
W/AlarmManager(  356): in the set:mDescriptor  alarm.type  alarmSeconds   alarmNanoseconds=88  3  5513   570000000
D/AlarmManager(  356): scheduleTimeTickEvent calendar=Mon Feb 03 23:59:00    2014
D/AlarmManager(  356): calendar.getTimeInMillis()1391457540000
W/AlarmManager(  356): in the set:type  triggerAtTime  operation=3  5536837  PendingIntent{413acba0: PendingIntentRecord{41539e90 android broadcastIntent}}
D/PowerManagerService(  356): acquireWakeLock flags=0x1 tag=AlarmManager
D/Clock   (  436): Clock.mIntentReceiver.onReceive - received broadcast: android.intent.action.TIME_TICK
D/Clock   (  436): Clock.updateClock - System.currentTimeMillis: 1391457480028
D/PowerManagerService(  356): releaseWakeLock flags=0x1 tag=AlarmManager
D/PowerManagerService(  356):  ALL PARTIAL wakeLock Released ! 
I/ONCRPC  (  113): rpc_handle_rpc_call: for Xid: cf9, Prog: 31000003, Vers: cf0d42a3, Proc: 00000003
I/ONCRPC  (  113): rpc_handle_rpc_call: Find Status: 0 Xid: cf9
I/ONCRPC  (  113): oncrpc_proxy_handle_cmd_rpc_call: Dispatching xid: cf9
W/AlarmManager(  356): in the set:mDescriptor  alarm.type  alarmSeconds   alarmNanoseconds=88  3  5536   837000000
D/PowerManagerService(  356): acquireWakeLock flags=0x1 tag=AlarmManager
D/PowerManagerService(  356): releaseWakeLock flags=0x1 tag=AlarmManager
D/PowerManagerService(  356):  ALL PARTIAL wakeLock Released ! 
W/ThrottleService(  356): unable to find stats for iface rmnet0
W/AlarmManager(  356): in the set:type  triggerAtTime  operation=3  6113575  PendingIntent{41438648: PendingIntentRecord{414385a8 android broadcastIntent}}
W/AlarmManager(  356): in the set:mDescriptor  alarm.type  alarmSeconds   alarmNanoseconds=88  3  6113   575000000
D/AlarmManager(  356): scheduleTimeTickEvent calendar=Tue Feb 04 00:00:00    2014
D/AlarmManager(  356): calendar.getTimeInMillis()1391457600000
W/AlarmManager(  356): in the set:type  triggerAtTime  operation=3  5596838  PendingIntent{413acba0: PendingIntentRecord{41539e90 android broadcastIntent}}
D/PowerManagerService(  356): acquireWakeLock flags=0x1 tag=AlarmManager
W/AlarmManager(  356): in the set:mDescriptor  alarm.type  alarmSeconds   alarmNanoseconds=88  3  5596   838000000
D/Clock   (  436): Clock.mIntentReceiver.onReceive - received broadcast: android.intent.action.TIME_TICK
D/Clock   (  436): Clock.updateClock - System.currentTimeMillis: 1391457540031
D/PowerManagerService(  356): releaseWakeLock flags=0x1 tag=AlarmManager
D/PowerManagerService(  356):  ALL PARTIAL wakeLock Released ! 
I/ONCRPC  (  113): rpc_handle_rpc_call: for Xid: d14, Prog: 31000003, Vers: cf0d42a3, Proc: 00000003
I/ONCRPC  (  113): rpc_handle_rpc_call: Find Status: 0 Xid: d14
I/ONCRPC  (  113): oncrpc_proxy_handle_cmd_rpc_call: Dispatching xid: d14
W/AlarmManager(  356): in the set:mDescriptor  alarm.type  alarmSeconds   alarmNanoseconds=88  3  6113   575000000
D/AlarmManager(  356): scheduleTimeTickEvent calendar=Tue Feb 04 00:01:00    2014
D/AlarmManager(  356): calendar.getTimeInMillis()1391457660000
W/AlarmManager(  356): in the set:type  triggerAtTime  operation=3  5656837  PendingIntent{413acba0: PendingIntentRecord{41539e90 android broadcastIntent}}
D/PowerManagerService(  356): acquireWakeLock flags=0x1 tag=AlarmManager
W/AlarmManager(  356): in the set:mDescriptor  alarm.type  alarmSeconds   alarmNanoseconds=88  3  5656   837000000
D/Clock   (  436): Clock.mIntentReceiver.onReceive - received broadcast: android.intent.action.TIME_TICK
D/Clock   (  436): Clock.updateClock - System.currentTimeMillis: 1391457600033
D/PowerManagerService(  356): releaseWakeLock flags=0x1 tag=AlarmManager
D/PowerManagerService(  356):  ALL PARTIAL wakeLock Released ! 
I/ONCRPC  (  113): rpc_handle_rpc_call: for Xid: d32, Prog: 31000003, Vers: cf0d42a3, Proc: 00000003
I/ONCRPC  (  113): rpc_handle_rpc_call: Find Status: 0 Xid: d32
I/ONCRPC  (  113): oncrpc_proxy_handle_cmd_rpc_call: Dispatching xid: d32
W/AlarmManager(  356): in the set:mDescriptor  alarm.type  alarmSeconds   alarmNanoseconds=88  3  6113   575000000
D/AlarmManager(  356): scheduleTimeTickEvent calendar=Tue Feb 04 00:02:00    2014
D/AlarmManager(  356): calendar.getTimeInMillis()1391457720000
W/AlarmManager(  356): in the set:type  triggerAtTime  operation=3  5716838  PendingIntent{413acba0: PendingIntentRecord{41539e90 android broadcastIntent}}
D/PowerManagerService(  356): acquireWakeLock flags=0x1 tag=AlarmManager
W/AlarmManager(  356): in the set:mDescriptor  alarm.type  alarmSeconds   alarmNanoseconds=88  3  5716   838000000
D/Clock   (  436): Clock.mIntentReceiver.onReceive - received broadcast: android.intent.action.TIME_TICK
D/Clock   (  436): Clock.updateClock - System.currentTimeMillis: 1391457660032
D/PowerManagerService(  356): releaseWakeLock flags=0x1 tag=AlarmManager
D/PowerManagerService(  356):  ALL PARTIAL wakeLock Released ! 
I/ONCRPC  (  113): rpc_handle_rpc_call: for Xid: d66, Prog: 31000003, Vers: cf0d42a3, Proc: 00000003
I/ONCRPC  (  113): rpc_handle_rpc_call: Find Status: 0 Xid: d66
I/ONCRPC  (  113): oncrpc_proxy_handle_cmd_rpc_call: Dispatching xid: d66
W/AlarmManager(  356): in the set:mDescriptor  alarm.type  alarmSeconds   alarmNanoseconds=88  3  6113   575000000
D/AlarmManager(  356): scheduleTimeTickEvent calendar=Tue Feb 04 00:03:00    2014
D/AlarmManager(  356): calendar.getTimeInMillis()1391457780000
W/AlarmManager(  356): in the set:type  triggerAtTime  operation=3  5776837  PendingIntent{413acba0: PendingIntentRecord{41539e90 android broadcastIntent}}
D/PowerManagerService(  356): acquireWakeLock flags=0x1 tag=AlarmManager
W/AlarmManager(  356): in the set:mDescriptor  alarm.type  alarmSeconds   alarmNanoseconds=88  3  5776   837000000
D/Clock   (  436): Clock.mIntentReceiver.onReceive - received broadcast: android.intent.action.TIME_TICK
D/Clock   (  436): Clock.updateClock - System.currentTimeMillis: 1391457720029
D/PowerManagerService(  356): releaseWakeLock flags=0x1 tag=AlarmManager
D/PowerManagerService(  356):  ALL PARTIAL wakeLock Released ! 
W/AlarmManager(  356): in the set:mDescriptor  alarm.type  alarmSeconds   alarmNanoseconds=88  3  6113   575000000
D/AlarmManager(  356): scheduleTimeTickEvent calendar=Tue Feb 04 00:04:00    2014
D/AlarmManager(  356): calendar.getTimeInMillis()1391457840000
W/AlarmManager(  356): in the set:type  triggerAtTime  operation=3  5836837  PendingIntent{413acba0: PendingIntentRecord{41539e90 android broadcastIntent}}
D/PowerManagerService(  356): acquireWakeLock flags=0x1 tag=AlarmManager
W/AlarmManager(  356): in the set:mDescriptor  alarm.type  alarmSeconds   alarmNanoseconds=88  3  5836   837000000
D/Clock   (  436): Clock.mIntentReceiver.onReceive - received broadcast: android.intent.action.TIME_TICK
D/Clock   (  436): Clock.updateClock - System.currentTimeMillis: 1391457780031
D/PowerManagerService(  356): releaseWakeLock flags=0x1 tag=AlarmManager
D/PowerManagerService(  356):  ALL PARTIAL wakeLock Released ! 
W/AlarmManager(  356): in the set:mDescriptor  alarm.type  alarmSeconds   alarmNanoseconds=88  3  6113   575000000
D/AlarmManager(  356): scheduleTimeTickEvent calendar=Tue Feb 04 00:05:00    2014
D/AlarmManager(  356): calendar.getTimeInMillis()1391457900000
W/AlarmManager(  356): in the set:type  triggerAtTime  operation=3  5896837  PendingIntent{413acba0: PendingIntentRecord{41539e90 android broadcastIntent}}
D/PowerManagerService(  356): acquireWakeLock flags=0x1 tag=AlarmManager
W/AlarmManager(  356): in the set:mDescriptor  alarm.type  alarmSeconds   alarmNanoseconds=88  3  5896   837000000
D/Clock   (  436): Clock.mIntentReceiver.onReceive - received broadcast: android.intent.action.TIME_TICK
D/Clock   (  436): Clock.updateClock - System.currentTimeMillis: 1391457840029
D/PowerManagerService(  356): releaseWakeLock flags=0x1 tag=AlarmManager
D/PowerManagerService(  356):  ALL PARTIAL wakeLock Released ! 
W/AlarmManager(  356): in the set:mDescriptor  alarm.type  alarmSeconds   alarmNanoseconds=88  3  6113   575000000
D/AlarmManager(  356): scheduleTimeTickEvent calendar=Tue Feb 04 00:06:00    2014
D/AlarmManager(  356): calendar.getTimeInMillis()1391457960000
W/AlarmManager(  356): in the set:type  triggerAtTime  operation=3  5956838  PendingIntent{413acba0: PendingIntentRecord{41539e90 android broadcastIntent}}
D/PowerManagerService(  356): acquireWakeLock flags=0x1 tag=AlarmManager
W/AlarmManager(  356): in the set:mDescriptor  alarm.type  alarmSeconds   alarmNanoseconds=88  3  5956   838000000
D/Clock   (  436): Clock.mIntentReceiver.onReceive - received broadcast: android.intent.action.TIME_TICK
D/Clock   (  436): Clock.updateClock - System.currentTimeMillis: 1391457900030
