D/PowerManagerService(  356): releaseWakeLock flags=0x1 tag=AlarmManager
D/PowerManagerService(  356):  ALL PARTIAL wakeLock Released ! 
W/AlarmManager(  356): in the set:mDescriptor  alarm.type  alarmSeconds   alarmNanoseconds=88  3  6113   575000000
D/AlarmManager(  356): scheduleTimeTickEvent calendar=Tue Feb 04 00:07:00    2014
D/AlarmManager(  356): calendar.getTimeInMillis()1391458020000
W/AlarmManager(  356): in the set:type  triggerAtTime  operation=3  6016840  PendingIntent{413acba0: PendingIntentRecord{41539e90 android broadcastIntent}}
D/PowerManagerService(  356): acquireWakeLock flags=0x1 tag=AlarmManager
W/AlarmManager(  356): in the set:mDescriptor  alarm.type  alarmSeconds   alarmNanoseconds=88  3  6016   840000000
D/Clock   (  436): Clock.mIntentReceiver.onReceive - received broadcast: android.intent.action.TIME_TICK
D/Clock   (  436): Clock.updateClock - System.currentTimeMillis: 1391457960034
D/PowerManagerService(  356): releaseWakeLock flags=0x1 tag=AlarmManager
D/PowerManagerService(  356):  ALL PARTIAL wakeLock Released ! 
W/AlarmManager(  356): in the set:mDescriptor  alarm.type  alarmSeconds   alarmNanoseconds=88  3  6113   575000000
D/AlarmManager(  356): scheduleTimeTickEvent calendar=Tue Feb 04 00:08:00    2014
D/AlarmManager(  356): calendar.getTimeInMillis()1391458080000
W/AlarmManager(  356): in the set:type  triggerAtTime  operation=3  6076838  PendingIntent{413acba0: PendingIntentRecord{41539e90 android broadcastIntent}}
D/PowerManagerService(  356): acquireWakeLock flags=0x1 tag=AlarmManager
W/AlarmManager(  356): in the set:mDescriptor  alarm.type  alarmSeconds   alarmNanoseconds=88  3  6076   838000000
D/Clock   (  436): Clock.mIntentReceiver.onReceive - received broadcast: android.intent.action.TIME_TICK
D/Clock   (  436): Clock.updateClock - System.currentTimeMillis: 1391458020033
D/PowerManagerService(  356): releaseWakeLock flags=0x1 tag=AlarmManager
D/PowerManagerService(  356):  ALL PARTIAL wakeLock Released ! 
I/ONCRPC  (  113): rpc_handle_rpc_call: for Xid: e1e, Prog: 31000003, Vers: cf0d42a3, Proc: 00000003
I/ONCRPC  (  113): rpc_handle_rpc_call: Find Status: 0 Xid: e1e
I/ONCRPC  (  113): oncrpc_proxy_handle_cmd_rpc_call: Dispatching xid: e1e
I/ONCRPC  (  113): rpc_handle_rpc_call: for Xid: e2a, Prog: 31000003, Vers: cf0d42a3, Proc: 00000003
I/ONCRPC  (  113): rpc_handle_rpc_call: Find Status: 0 Xid: e2a
I/ONCRPC  (  113): oncrpc_proxy_handle_cmd_rpc_call: Dispatching xid: e2a
I/ONCRPC  (  113): rpc_handle_rpc_call: for Xid: e37, Prog: 31000003, Vers: cf0d42a3, Proc: 00000003
I/ONCRPC  (  113): rpc_handle_rpc_call: Find Status: 0 Xid: e37
I/ONCRPC  (  113): oncrpc_proxy_handle_cmd_rpc_call: Dispatching xid: e37
I/ONCRPC  (  113): rpc_handle_rpc_call: for Xid: e38, Prog: 31000003, Vers: cf0d42a3, Proc: 00000003
I/ONCRPC  (  113): rpc_handle_rpc_call: Find Status: 0 Xid: e38
I/ONCRPC  (  113): oncrpc_proxy_handle_cmd_rpc_call: Dispatching xid: e38
I/ONCRPC  (  113): rpc_handle_rpc_call: for Xid: e39, Prog: 31000003, Vers: cf0d42a3, Proc: 00000003
I/ONCRPC  (  113): rpc_handle_rpc_call: Find Status: 0 Xid: e39
I/ONCRPC  (  113): oncrpc_proxy_handle_cmd_rpc_call: Dispatching xid: e39
I/ONCRPC  (  113): rpc_handle_rpc_call: for Xid: e3c, Prog: 31000003, Vers: cf0d42a3, Proc: 00000003
I/ONCRPC  (  113): rpc_handle_rpc_call: Find Status: 0 Xid: e3c
I/ONCRPC  (  113): oncrpc_proxy_handle_cmd_rpc_call: Dispatching xid: e3c
W/AlarmManager(  356): in the set:mDescriptor  alarm.type  alarmSeconds   alarmNanoseconds=88  3  6113   575000000
D/AlarmManager(  356): scheduleTimeTickEvent calendar=Tue Feb 04 00:09:00    2014
D/AlarmManager(  356): calendar.getTimeInMillis()1391458140000
W/AlarmManager(  356): in the set:type  triggerAtTime  operation=3  6136837  PendingIntent{413acba0: PendingIntentRecord{41539e90 android broadcastIntent}}
D/PowerManagerService(  356): acquireWakeLock flags=0x1 tag=AlarmManager
D/Clock   (  436): Clock.mIntentReceiver.onReceive - received broadcast: android.intent.action.TIME_TICK
D/Clock   (  436): Clock.updateClock - System.currentTimeMillis: 1391458080029
D/PowerManagerService(  356): releaseWakeLock flags=0x1 tag=AlarmManager
D/PowerManagerService(  356):  ALL PARTIAL wakeLock Released ! 
W/AlarmManager(  356): in the set:mDescriptor  alarm.type  alarmSeconds   alarmNanoseconds=88  3  6136   837000000
D/PowerManagerService(  356): acquireWakeLock flags=0x1 tag=AlarmManager
D/PowerManagerService(  356): releaseWakeLock flags=0x1 tag=AlarmManager
D/PowerManagerService(  356):  ALL PARTIAL wakeLock Released ! 
W/ThrottleService(  356): unable to find stats for iface rmnet0
W/AlarmManager(  356): in the set:type  triggerAtTime  operation=3  6713581  PendingIntent{41438648: PendingIntentRecord{414385a8 android broadcastIntent}}
W/AlarmManager(  356): in the set:mDescriptor  alarm.type  alarmSeconds   alarmNanoseconds=88  3  6300   0
D/AlarmManager(  356): scheduleTimeTickEvent calendar=Tue Feb 04 00:10:00    2014
D/AlarmManager(  356): calendar.getTimeInMillis()1391458200000
W/AlarmManager(  356): in the set:type  triggerAtTime  operation=3  6196837  PendingIntent{413acba0: PendingIntentRecord{41539e90 android broadcastIntent}}
D/PowerManagerService(  356): acquireWakeLock flags=0x1 tag=AlarmManager
W/AlarmManager(  356): in the set:mDescriptor  alarm.type  alarmSeconds   alarmNanoseconds=88  3  6196   837000000
D/Clock   (  436): Clock.mIntentReceiver.onReceive - received broadcast: android.intent.action.TIME_TICK
D/Clock   (  436): Clock.updateClock - System.currentTimeMillis: 1391458140032
D/PowerManagerService(  356): releaseWakeLock flags=0x1 tag=AlarmManager
D/PowerManagerService(  356):  ALL PARTIAL wakeLock Released ! 
W/AlarmManager(  356): in the set:mDescriptor  alarm.type  alarmSeconds   alarmNanoseconds=88  3  6300   0
D/AlarmManager(  356): scheduleTimeTickEvent calendar=Tue Feb 04 00:11:00    2014
D/AlarmManager(  356): calendar.getTimeInMillis()1391458260000
W/AlarmManager(  356): in the set:type  triggerAtTime  operation=3  6256837  PendingIntent{413acba0: PendingIntentRecord{41539e90 android broadcastIntent}}
D/PowerManagerService(  356): acquireWakeLock flags=0x1 tag=AlarmManager
W/AlarmManager(  356): in the set:mDescriptor  alarm.type  alarmSeconds   alarmNanoseconds=88  3  6256   837000000
D/Clock   (  436): Clock.mIntentReceiver.onReceive - received broadcast: android.intent.action.TIME_TICK
D/Clock   (  436): Clock.updateClock - System.currentTimeMillis: 1391458200029
D/PowerManagerService(  356): releaseWakeLock flags=0x1 tag=AlarmManager
D/PowerManagerService(  356):  ALL PARTIAL wakeLock Released ! 
W/AlarmManager(  356): in the set:mDescriptor  alarm.type  alarmSeconds   alarmNanoseconds=88  3  6300   0
D/AlarmManager(  356): scheduleTimeTickEvent calendar=Tue Feb 04 00:12:00    2014
D/AlarmManager(  356): calendar.getTimeInMillis()1391458320000
W/AlarmManager(  356): in the set:type  triggerAtTime  operation=3  6316837  PendingIntent{413acba0: PendingIntentRecord{41539e90 android broadcastIntent}}
D/PowerManagerService(  356): acquireWakeLock flags=0x1 tag=AlarmManager
D/Clock   (  436): Clock.mIntentReceiver.onReceive - received broadcast: android.intent.action.TIME_TICK
D/Clock   (  436): Clock.updateClock - System.currentTimeMillis: 1391458260030
D/PowerManagerService(  356): releaseWakeLock flags=0x1 tag=AlarmManager
D/PowerManagerService(  356):  ALL PARTIAL wakeLock Released ! 
W/AlarmManager(  356): in the set:mDescriptor  alarm.type  alarmSeconds   alarmNanoseconds=88  0  1391460067   265000000
W/AlarmManager(  356): +++Alarm  wakeup phone ,pkg=com.google.android.gsf
D/PowerManagerService(  356): acquireWakeLock flags=0x1 tag=AlarmManager
D/PowerManagerService(  356): acquireWakeLock flags=0x1 tag=Event Log Handoff
W/AlarmManager(  356): +++alarm onSendFinished ,action=null
D/PowerManagerService(  356): releaseWakeLock flags=0x1 tag=AlarmManager
D/PowerManagerService(  356): acquireWakeLock flags=0x1 tag=Event Log Service
I/EventLogService(  494): Aggregate from 1391456467234 (log), 1391456467234 (data)
D/PowerManagerService(  356): releaseWakeLock flags=0x1 tag=Event Log Handoff
D/AlarmManager(  356): +++Alarm set:type=0 com.google.android.gsf  Trigger after:1799998ms
W/AlarmManager(  356): in the set:mDescriptor  alarm.type  alarmSeconds   alarmNanoseconds=88  0  1391460067   336000000
D/PowerManagerService(  356): releaseWakeLock flags=0x1 tag=Event Log Service
D/PowerManagerService(  356):  ALL PARTIAL wakeLock Released ! 
W/AlarmManager(  356): in the set:mDescriptor  alarm.type  alarmSeconds   alarmNanoseconds=88  3  6316   837000000
D/PowerManagerService(  356): acquireWakeLock flags=0x1 tag=NetworkStats
D/PowerManagerService(  356): acquireWakeLock flags=0x1 tag=AlarmManager
D/MobileDataStateTracker(  356): default: setPolicyDataEnable(enabled=true)
D/PowerManagerService(  356): releaseWakeLock flags=0x1 tag=NetworkStats
D/NetdConnector(  356): SND -> {bandwidth setglobalalert 2097152} {null}
D/NetdConnector(  356): RCV <- {200 Bandwidth command succeeeded}
D/NetdConnector(  356): RSP <- {200 Bandwidth command succeeeded}
D/PowerManagerService(  356): releaseWakeLock flags=0x1 tag=AlarmManager
D/PowerManagerService(  356):  ALL PARTIAL wakeLock Released ! 
W/AlarmManager(  356): in the set:mDescriptor  alarm.type  alarmSeconds   alarmNanoseconds=88  3  6713   581000000
D/AlarmManager(  356): scheduleTimeTickEvent calendar=Tue Feb 04 00:13:00    2014
D/AlarmManager(  356): calendar.getTimeInMillis()1391458380000
W/AlarmManager(  356): in the set:type  triggerAtTime  operation=3  6376838  PendingIntent{413acba0: PendingIntentRecord{41539e90 android broadcastIntent}}
D/PowerManagerService(  356): acquireWakeLock flags=0x1 tag=AlarmManager
W/AlarmManager(  356): in the set:mDescriptor  alarm.type  alarmSeconds   alarmNanoseconds=88  3  6376   838000000
D/Clock   (  436): Clock.mIntentReceiver.onReceive - received broadcast: android.intent.action.TIME_TICK
D/Clock   (  436): Clock.updateClock - System.currentTimeMillis: 1391458320023
D/PowerManagerService(  356): releaseWakeLock flags=0x1 tag=AlarmManager
D/PowerManagerService(  356):  ALL PARTIAL wakeLock Released ! 
W/AlarmManager(  356): in the set:mDescriptor  alarm.type  alarmSeconds   alarmNanoseconds=88  3  6713   581000000
D/AlarmManager(  356): scheduleTimeTickEvent calendar=Tue Feb 04 00:14:00    2014
D/AlarmManager(  356): calendar.getTimeInMillis()1391458440000
W/AlarmManager(  356): in the set:type  triggerAtTime  operation=3  6436838  PendingIntent{413acba0: PendingIntentRecord{41539e90 android broadcastIntent}}
D/PowerManagerService(  356): acquireWakeLock flags=0x1 tag=AlarmManager
W/AlarmManager(  356): in the set:mDescriptor  alarm.type  alarmSeconds   alarmNanoseconds=88  3  6436   838000000
D/Clock   (  436): Clock.mIntentReceiver.onReceive - received broadcast: android.intent.action.TIME_TICK
D/Clock   (  436): Clock.updateClock - System.currentTimeMillis: 1391458380031
D/PowerManagerService(  356): releaseWakeLock flags=0x1 tag=AlarmManager
D/PowerManagerService(  356):  ALL PARTIAL wakeLock Released ! 
W/AlarmManager(  356): in the set:mDescriptor  alarm.type  alarmSeconds   alarmNanoseconds=88  3  6713   581000000
D/AlarmManager(  356): scheduleTimeTickEvent calendar=Tue Feb 04 00:15:00    2014
D/AlarmManager(  356): calendar.getTimeInMillis()1391458500000
W/AlarmManager(  356): in the set:type  triggerAtTime  operation=3  6496837  PendingIntent{413acba0: PendingIntentRecord{41539e90 android broadcastIntent}}
D/PowerManagerService(  356): acquireWakeLock flags=0x1 tag=AlarmManager
W/AlarmManager(  356): in the set:mDescriptor  alarm.type  alarmSeconds   alarmNanoseconds=88  3  6496   837000000
D/Clock   (  436): Clock.mIntentReceiver.onReceive - received broadcast: android.intent.action.TIME_TICK
D/Clock   (  436): Clock.updateClock - System.currentTimeMillis: 1391458440029
D/PowerManagerService(  356): releaseWakeLock flags=0x1 tag=AlarmManager
D/PowerManagerService(  356):  ALL PARTIAL wakeLock Released ! 
W/AlarmManager(  356): in the set:mDescriptor  alarm.type  alarmSeconds   alarmNanoseconds=88  3  6713   581000000
D/AlarmManager(  356): scheduleTimeTickEvent calendar=Tue Feb 04 00:16:00    2014
D/AlarmManager(  356): calendar.getTimeInMillis()1391458560000
W/AlarmManager(  356): in the set:type  triggerAtTime  operation=3  6556837  PendingIntent{413acba0: PendingIntentRecord{41539e90 android broadcastIntent}}
D/PowerManagerService(  356): acquireWakeLock flags=0x1 tag=AlarmManager
W/AlarmManager(  356): in the set:mDescriptor  alarm.type  alarmSeconds   alarmNanoseconds=88  3  6556   837000000
D/Clock   (  436): Clock.mIntentReceiver.onReceive - received broadcast: android.intent.action.TIME_TICK
D/Clock   (  436): Clock.updateClock - System.currentTimeMillis: 1391458500029
D/PowerManagerService(  356): releaseWakeLock flags=0x1 tag=AlarmManager
D/PowerManagerService(  356):  ALL PARTIAL wakeLock Released ! 
W/AlarmManager(  356): in the set:mDescriptor  alarm.type  alarmSeconds   alarmNanoseconds=88  3  6713   581000000
D/AlarmManager(  356): scheduleTimeTickEvent calendar=Tue Feb 04 00:17:00    2014
D/AlarmManager(  356): calendar.getTimeInMillis()1391458620000
W/AlarmManager(  356): in the set:type  triggerAtTime  operation=3  6616838  PendingIntent{413acba0: PendingIntentRecord{41539e90 android broadcastIntent}}
D/PowerManagerService(  356): acquireWakeLock flags=0x1 tag=AlarmManager
W/AlarmManager(  356): in the set:mDescriptor  alarm.type  alarmSeconds   alarmNanoseconds=88  3  6616   838000000
D/Clock   (  436): Clock.mIntentReceiver.onReceive - received broadcast: android.intent.action.TIME_TICK
D/Clock   (  436): Clock.updateClock - System.currentTimeMillis: 1391458560029
D/PowerManagerService(  356): releaseWakeLock flags=0x1 tag=AlarmManager
D/PowerManagerService(  356):  ALL PARTIAL wakeLock Released ! 
W/AlarmManager(  356): in the set:mDescriptor  alarm.type  alarmSeconds   alarmNanoseconds=88  3  6713   581000000
D/AlarmManager(  356): scheduleTimeTickEvent calendar=Tue Feb 04 00:18:00    2014
D/AlarmManager(  356): calendar.getTimeInMillis()1391458680000
W/AlarmManager(  356): in the set:type  triggerAtTime  operation=3  6676837  PendingIntent{413acba0: PendingIntentRecord{41539e90 android broadcastIntent}}
D/PowerManagerService(  356): acquireWakeLock flags=0x1 tag=AlarmManager
W/AlarmManager(  356): in the set:mDescriptor  alarm.type  alarmSeconds   alarmNanoseconds=88  3  6676   837000000
D/Clock   (  436): Clock.mIntentReceiver.onReceive - received broadcast: android.intent.action.TIME_TICK
D/Clock   (  436): Clock.updateClock - System.currentTimeMillis: 1391458620029
D/PowerManagerService(  356): releaseWakeLock flags=0x1 tag=AlarmManager
D/PowerManagerService(  356):  ALL PARTIAL wakeLock Released ! 
W/AlarmManager(  356): in the set:mDescriptor  alarm.type  alarmSeconds   alarmNanoseconds=88  3  6713   581000000
D/AlarmManager(  356): scheduleTimeTickEvent calendar=Tue Feb 04 00:19:00    2014
D/AlarmManager(  356): calendar.getTimeInMillis()1391458740000
W/AlarmManager(  356): in the set:type  triggerAtTime  operation=3  6736838  PendingIntent{413acba0: PendingIntentRecord{41539e90 android broadcastIntent}}
D/PowerManagerService(  356): acquireWakeLock flags=0x1 tag=AlarmManager
D/Clock   (  436): Clock.mIntentReceiver.onReceive - received broadcast: android.intent.action.TIME_TICK
D/Clock   (  436): Clock.updateClock - System.currentTimeMillis: 1391458680031
D/PowerManagerService(  356): releaseWakeLock flags=0x1 tag=AlarmManager
D/PowerManagerService(  356):  ALL PARTIAL wakeLock Released ! 
W/AlarmManager(  356): in the set:mDescriptor  alarm.type  alarmSeconds   alarmNanoseconds=88  3  6736   838000000
D/PowerManagerService(  356): acquireWakeLock flags=0x1 tag=AlarmManager
D/PowerManagerService(  356): releaseWakeLock flags=0x1 tag=AlarmManager
D/PowerManagerService(  356):  ALL PARTIAL wakeLock Released ! 
W/ThrottleService(  356): unable to find stats for iface rmnet0
W/AlarmManager(  356): in the set:type  triggerAtTime  operation=3  7313587  PendingIntent{41438648: PendingIntentRecord{414385a8 android broadcastIntent}}
W/AlarmManager(  356): in the set:mDescriptor  alarm.type  alarmSeconds   alarmNanoseconds=88  3  7313   587000000
D/AlarmManager(  356): scheduleTimeTickEvent calendar=Tue Feb 04 00:20:00    2014
D/AlarmManager(  356): calendar.getTimeInMillis()1391458800000
W/AlarmManager(  356): in the set:type  triggerAtTime  operation=3  6796837  PendingIntent{413acba0: PendingIntentRecord{41539e90 android broadcastIntent}}
D/PowerManagerService(  356): acquireWakeLock flags=0x1 tag=AlarmManager
W/AlarmManager(  356): in the set:mDescriptor  alarm.type  alarmSeconds   alarmNanoseconds=88  3  6796   837000000
D/Clock   (  436): Clock.mIntentReceiver.onReceive - received broadcast: android.intent.action.TIME_TICK
D/Clock   (  436): Clock.updateClock - System.currentTimeMillis: 1391458740032
D/PowerManagerService(  356): releaseWakeLock flags=0x1 tag=AlarmManager
D/PowerManagerService(  356):  ALL PARTIAL wakeLock Released ! 
W/AlarmManager(  356): in the set:mDescriptor  alarm.type  alarmSeconds   alarmNanoseconds=88  3  7313   587000000
D/AlarmManager(  356): scheduleTimeTickEvent calendar=Tue Feb 04 00:21:00    2014
D/AlarmManager(  356): calendar.getTimeInMillis()1391458860000
W/AlarmManager(  356): in the set:type  triggerAtTime  operation=3  6856837  PendingIntent{413acba0: PendingIntentRecord{41539e90 android broadcastIntent}}
D/PowerManagerService(  356): acquireWakeLock flags=0x1 tag=AlarmManager
W/AlarmManager(  356): in the set:mDescriptor  alarm.type  alarmSeconds   alarmNanoseconds=88  3  6856   837000000
D/Clock   (  436): Clock.mIntentReceiver.onReceive - received broadcast: android.intent.action.TIME_TICK
D/Clock   (  436): Clock.updateClock - System.currentTimeMillis: 1391458800029
D/PowerManagerService(  356): releaseWakeLock flags=0x1 tag=AlarmManager
D/PowerManagerService(  356):  ALL PARTIAL wakeLock Released ! 
W/AlarmManager(  356): in the set:mDescriptor  alarm.type  alarmSeconds   alarmNanoseconds=88  3  7313   587000000
D/AlarmManager(  356): scheduleTimeTickEvent calendar=Tue Feb 04 00:22:00    2014
D/AlarmManager(  356): calendar.getTimeInMillis()1391458920000
W/AlarmManager(  356): in the set:type  triggerAtTime  operation=3  6916837  PendingIntent{413acba0: PendingIntentRecord{41539e90 android broadcastIntent}}
D/PowerManagerService(  356): acquireWakeLock flags=0x1 tag=AlarmManager
W/AlarmManager(  356): in the set:mDescriptor  alarm.type  alarmSeconds   alarmNanoseconds=88  3  6916   837000000
D/Clock   (  436): Clock.mIntentReceiver.onReceive - received broadcast: android.intent.action.TIME_TICK
D/Clock   (  436): Clock.updateClock - System.currentTimeMillis: 1391458860030
D/PowerManagerService(  356): releaseWakeLock flags=0x1 tag=AlarmManager
D/PowerManagerService(  356):  ALL PARTIAL wakeLock Released ! 
W/AlarmManager(  356): in the set:mDescriptor  alarm.type  alarmSeconds   alarmNanoseconds=88  3  7313   587000000
D/AlarmManager(  356): scheduleTimeTickEvent calendar=Tue Feb 04 00:23:00    2014
D/AlarmManager(  356): calendar.getTimeInMillis()1391458980000
W/AlarmManager(  356): in the set:type  triggerAtTime  operation=3  6976837  PendingIntent{413acba0: PendingIntentRecord{41539e90 android broadcastIntent}}
D/PowerManagerService(  356): acquireWakeLock flags=0x1 tag=AlarmManager
W/AlarmManager(  356): in the set:mDescriptor  alarm.type  alarmSeconds   alarmNanoseconds=88  3  6976   837000000
D/Clock   (  436): Clock.mIntentReceiver.onReceive - received broadcast: android.intent.action.TIME_TICK
D/Clock   (  436): Clock.updateClock - System.currentTimeMillis: 1391458920028
D/PowerManagerService(  356): releaseWakeLock flags=0x1 tag=AlarmManager
D/PowerManagerService(  356):  ALL PARTIAL wakeLock Released ! 
