W/ldr     (  652): got the scan path  =/mnt/sdcard/Media/predefmusic//016   - .mp3
W/ldr     (  652): got the scan path  =/mnt/sdcard/Media/predefmusic//024   - .mp3
W/ldr     (  652): got the scan path  =/mnt/sdcard/Media/predefmusic//028   -  .mp3
W/ldr     (  652): got the scan path  =/mnt/sdcard/Media/predefmusic//048   -   ....mp3
W/ldr     (  652): got the scan path  =/mnt/sdcard/Media/predefmusic//062   -  .mp3
W/ldr     (  652): got the scan path  =/mnt/sdcard/Media/predefmusic//sergej_nagovicin.mp3
W/ldr     (  652): got the scan path  =/mnt/sdcard/Media/predefmusic//.mp3
W/ldr     (  652): got the scan path  =/mnt/sdcard/Media/predefmusic/
W/ldr     (  652): got the scan path  =/mnt/sdcard/Media/predefmusic//pachla_viktor_soj.mp3
W/ldr     (  652): got the scan path  =/mnt/sdcard/Media/predefmusic//v.soj-gruppa_krovi.mp3
W/ldr     (  652): got the scan path  =/mnt/sdcard/Media/predefmusic//viktor_soj_-_krasno-zhjolt.mp3
W/ldr     (  652): got the scan path  =/mnt/sdcard/Media/predefmusic//viktor_soj_-_zvezda.mp3
W/ldr     (  652): got the scan path  =/mnt/sdcard/Media/predefmusic//zvezda_po_imeni_solnce.mp3
W/ldr     (  652): got the scan path  =/mnt/sdcard/Media/predefmusic/
W/ldr     (  652): got the scan path  =/mnt/sdcard/Media/predefmusic//kolschik.mp3
W/ldr     (  652): got the scan path  =/mnt/sdcard/Media/predefmusic//kushin_ivan-bagulnik-spaces_ru.mp3
W/ldr     (  652): got the scan path  =/mnt/sdcard/Media/predefmusic//mishka.mp3
W/ldr     (  652): got the scan path  =/mnt/sdcard/Media/predefmusic//().mp3
W/ldr     (  652): got the scan path  =/mnt/sdcard/Media/predefmusic//.  - .mp3
W/ldr     (  652): got the scan path  =/mnt/sdcard/Media/predefmusic//._.mp3
W/ldr     (  652): got the scan path  =/mnt/sdcard/Media/predefmusic//  .mp3
W/ldr     (  652): got the scan path  =/mnt/sdcard/Media/predefmusic//  .mp3
W/ldr     (  652): got the scan path  =/mnt/sdcard/Media/predefmusic/05. PH Electro - San Francisco (Original Radio Edit).mp3
W/ldr     (  652): got the scan path  =/mnt/sdcard/Media/predefmusic/2146_lenka-everythin.mp3
W/ldr     (  652): got the scan path  =/mnt/sdcard/Media/predefphotos
W/ldr     (  652): got the scan path  =/mnt/sdcard/Media/predefphotos/04112010_101221.png
W/ldr     (  652): got the scan path  =/mnt/sdcard/Media/predefphotos/04112010_204024.bmp
W/ldr     (  652): got the scan path  =/mnt/sdcard/Media/predefphotos/0000.3gp
W/ldr     (  652): got the scan path  =/mnt/sdcard/Media/predefphotos/.jpg
W/ldr     (  652): got the scan path  =/mnt/sdcard/Media/predefphotos/Sabway
W/ldr     (  652): got the scan path  =/mnt/sdcard/Media/predefphotos/Sabway/001.jpg
W/ldr     (  652): got the scan path  =/mnt/sdcard/Media/predefphotos/Sabway/002.jpg
W/ldr     (  652): got the scan path  =/mnt/sdcard/Media/predefphotos/Sabway/005.jpg
W/ldr     (  652): got the scan path  =/mnt/sdcard/Media/predefphotos/Sabway/006.jpg
W/ldr     (  652): got the scan path  =/mnt/sdcard/Media/predefphotos/Sabway/01.pdf
W/ldr     (  652): got the scan path  =/mnt/sdcard/Media/predefphotos/Sabway/02.pdf
W/ldr     (  652): got the scan path  =/mnt/sdcard/Media/predefphotos/Sabway/03.pdf
W/ldr     (  652): got the scan path  =/mnt/sdcard/Media/predefphotos/Sabway/04.pdf
W/ldr     (  652): got the scan path  =/mnt/sdcard/Media/predefphotos/Sabway/05.pdf
W/ldr     (  652): got the scan path  =/mnt/sdcard/Media/predefphotos/Sabway/06.pdf
W/ldr     (  652): got the scan path  =/mnt/sdcard/Media/predefphotos/Sabway/07.pdf
W/ldr     (  652): got the scan path  =/mnt/sdcard/Media/predefphotos/Sabway/08.pdf
W/ldr     (  652): got the scan path  =/mnt/sdcard/Media/predefphotos/Sabway/09.pdf
W/ldr     (  652): got the scan path  =/mnt/sdcard/Media/predefphotos/Sabway/10.pdf
W/ldr     (  652): got the scan path  =/mnt/sdcard/Media/predefphotos/Sabway/11-06-2013_20-16-29.zip
W/ldr     (  652): got the scan path  =/mnt/sdcard/Media/predefphotos/Sabway/11.pdf
W/ldr     (  652): got the scan path  =/mnt/sdcard/Media/predefphotos/Sabway/12.pdf
W/ldr     (  652): got the scan path  =/mnt/sdcard/Media/predefphotos/Sabway/13.pdf
W/ldr     (  652): got the scan path  =/mnt/sdcard/Media/predefphotos/Sabway/14.pdf
W/ldr     (  652): got the scan path  =/mnt/sdcard/Media/predefphotos/Sabway/15.pdf
W/ldr     (  652): got the scan path  =/mnt/sdcard/Media/predefphotos/Sabway/16.pdf
W/ldr     (  652): got the scan path  =/mnt/sdcard/Media/predefphotos/Sabway/17.pdf
W/ldr     (  652): got the scan path  =/mnt/sdcard/Media/predefphotos/Sabway/18.pdf
W/ldr     (  652): got the scan path  =/mnt/sdcard/Media/predefphotos/Sabway/19.pdf
W/ldr     (  652): got the scan path  =/mnt/sdcard/Media/predefphotos/.dice_thumbnails
W/ldr     (  652): got the scan path  =/mnt/sdcard/Media/predefphotos/.dice_thumbnails/0000.png
W/ldr     (  652): got the scan path  =/mnt/sdcard/Media/predefphotos/
W/ldr     (  652): got the scan path  =/mnt/sdcard/Media/predefphotos//0179.jpg
W/ldr     (  652): got the scan path  =/mnt/sdcard/Media/predefphotos//0196.jpg
W/ldr     (  652): got the scan path  =/mnt/sdcard/Media/predefphotos//0196_001.jpg
W/ldr     (  652): got the scan path  =/mnt/sdcard/Media/predefphotos//0215.jpg
W/ldr     (  652): got the scan path  =/mnt/sdcard/Media/predefphotos//0219.jpg
W/ldr     (  652): got the scan path  =/mnt/sdcard/Media/predefphotos//0227.jpg
W/ldr     (  652): got the scan path  =/mnt/sdcard/Media/predefphotos//0228.jpg
W/ldr     (  652): got the scan path  =/mnt/sdcard/Media/predefphotos//0235.jpg
W/ldr     (  652): got the scan path  =/mnt/sdcard/Media/predefphotos//0236.jpg
W/ldr     (  652): got the scan path  =/mnt/sdcard/Media/predefphotos//0237.jpg
W/ldr     (  652): got the scan path  =/mnt/sdcard/Media/predefphotos//0242.jpg
W/ldr     (  652): got the scan path  =/mnt/sdcard/Media/predefphotos//0247.jpg
W/ldr     (  652): got the scan path  =/mnt/sdcard/Media/predefphotos//0252.jpg
W/ldr     (  652): got the scan path  =/mnt/sdcard/Media/predefphotos//0254.jpg
W/ldr     (  652): got the scan path  =/mnt/sdcard/Media/predefphotos//0257.jpg
W/ldr     (  652): got the scan path  =/mnt/sdcard/Media/predefphotos//0287.jpg
W/ldr     (  652): got the scan path  =/mnt/sdcard/Media/predefphotos//0290.jpg
W/ldr     (  652): got the scan path  =/mnt/sdcard/Media/predefphotos//0294.jpg
W/ldr     (  652): got the scan path  =/mnt/sdcard/Media/predefphotos//0296.jpg
W/ldr     (  652): got the scan path  =/mnt/sdcard/Media/predefphotos//0320.jpg
W/ldr     (  652): got the scan path  =/mnt/sdcard/Media/predefphotos//0325.jpg
W/ldr     (  652): got the scan path  =/mnt/sdcard/Media/predefphotos//0329.jpg
W/ldr     (  652): got the scan path  =/mnt/sdcard/Media/predefphotos//0330.jpg
W/ldr     (  652): got the scan path  =/mnt/sdcard/Media/predefphotos//0331.jpg
W/ldr     (  652): got the scan path  =/mnt/sdcard/Media/predefphotos//0337.jpg
W/ldr     (  652): got the scan path  =/mnt/sdcard/Media/predefphotos//0339.jpg
W/ldr     (  652): got the scan path  =/mnt/sdcard/Media/predefphotos//0341.jpg
W/ldr     (  652): got the scan path  =/mnt/sdcard/Media/predefvideos
W/ldr     (  652): got the scan path  =/mnt/sdcard/Media/predefvideos/01-Masha.3gp
W/ldr     (  652): got the scan path  =/mnt/sdcard/Media/predefvideos/3_serija.mp4
W/ldr     (  652): got the scan path  =/mnt/sdcard/Media/predefvideos/3_serija_Mawa_i_medved_-_Do_vesny_ne_bud.3gp
W/ldr     (  652): got the scan path  =/mnt/sdcard/Media/predefvideos/armenfilm.kto.rasskazhet.nebylicu_mpeg4.3gp
W/ldr     (  652): got the scan path  =/mnt/sdcard/Media/predefvideos/Ba.3gp
W/ldr     (  652): got the scan path  =/mnt/sdcard/Media/predefvideos/Ded.3gp
W/ldr     (  652): got the scan path  =/mnt/sdcard/Media/predefvideos/gil_byl_pes.3gp
W/ldr     (  652): got the scan path  =/mnt/sdcard/Media/predefvideos/KVN.Poterjalas.3gp
W/ldr     (  652): got the scan path  =/mnt/sdcard/Media/predefvideos/Mawa_i_medved_(2009)_5_serija.avi
W/ldr     (  652): got the scan path  =/mnt/sdcard/Media/predefvideos/rubak.3gp
W/ldr     (  652): got the scan path  =/mnt/sdcard/Media/predefvideos/Uh_ty-Govorjaschaja_ryba-001.3gp
W/ldr     (  652): got the scan path  =/mnt/sdcard/Media/predefvideos/.3gp
W/ldr     (  652): got the scan path  =/mnt/sdcard/Media/predefvideos/.3gp
W/ldr     (  652): got the scan path  =/mnt/sdcard/Media/predefvideos/   .3gp
W/ldr     (  652): got the scan path  =/mnt/sdcard/Media/predefvideos/.3gp
W/ldr     (  652): got the scan path  =/mnt/sdcard/Media/predefvideos/  .3gp
W/ldr     (  652): got the scan path  =/mnt/sdcard/Media/predefvideos/ .3gp
W/ldr     (  652): got the scan path  =/mnt/sdcard/Media/predefvideos/.3gp
W/ldr     (  652): got the scan path  =/mnt/sdcard/Media/predefvideos/Comedy clab
W/ldr     (  652): got the scan path  =/mnt/sdcard/Media/predefvideos/Comedy clab/A.RevaiGalygin-bogatyr-i4udi6-e.3gp
W/ldr     (  652): got the scan path  =/mnt/sdcard/Media/predefvideos/Comedy clab/Comedi_Club.3gp
W/ldr     (  652): got the scan path  =/mnt/sdcard/Media/predefvideos/Comedy clab/.3gp
W/ldr     (  652): got the scan path  =/mnt/sdcard/Media/predefvideos/Comedy clab/.dice_thumbnails
W/ldr     (  652): got the scan path  =/mnt/sdcard/Media/predefvideos/Comedy clab/.dice_thumbnails/A.RevaiGalygin-bogatyr-i4udi6-e.png
W/ldr     (  652): got the scan path  =/mnt/sdcard/Media/predefvideos/Comedy clab/.dice_thumbnails/Comedi_Club.png
W/ldr     (  652): got the scan path  =/mnt/sdcard/Media/predefvideos/Comedy clab/.dice_thumbnails/.png
W/ldr     (  652): got the scan path  =/mnt/sdcard/Media/predefvideos/Kolobki
W/ldr     (  652): got the scan path  =/mnt/sdcard/Media/predefvideos/Kolobki/s-v-k(1).3gp
W/ldr     (  652): got the scan path  =/mnt/sdcard/Media/predefvideos/Kolobki/s-v-k(2).3gp
W/ldr     (  652): got the scan path  =/mnt/sdcard/Media/predefvideos/Kolobki/s-v-k(3).3gp
W/ldr     (  652): got the scan path  =/mnt/sdcard/Media/predefvideos/Kolobki/s-v-k(4).3gp
W/ldr     (  652): got the scan path  =/mnt/sdcard/Media/predefvideos/Kolobki/.dice_thumbnails
W/ldr     (  652): got the scan path  =/mnt/sdcard/Media/predefvideos/Kolobki/.dice_thumbnails/s-v-k(1).png
W/ldr     (  652): got the scan path  =/mnt/sdcard/Media/predefvideos/Kolobki/.dice_thumbnails/s-v-k(2).png
W/ldr     (  652): got the scan path  =/mnt/sdcard/Media/predefvideos/Kolobki/.dice_thumbnails/s-v-k(3).png
W/ldr     (  652): got the scan path  =/mnt/sdcard/Media/predefvideos/Kolobki/.dice_thumbnails/s-v-k(4).png
W/ldr     (  652): got the scan path  =/mnt/sdcard/Media/predefvideos/Nasha rasha
W/ldr     (  652): got the scan path  =/mnt/sdcard/Media/predefvideos/Nasha rasha/141_raz_v_god.3gp
W/ldr     (  652): got the scan path  =/mnt/sdcard/Media/predefvideos/Nasha rasha/142_pakolotnik.3gp
W/ldr     (  652): got the scan path  =/mnt/sdcard/Media/predefvideos/Nasha rasha/143_sekos.3gp
W/ldr     (  652): got the scan path  =/mnt/sdcard/Media/predefvideos/Nasha rasha/283_SEIF.3GP
W/ldr     (  652): got the scan path  =/mnt/sdcard/Media/predefvideos/Nasha rasha/.dice_thumbnails
W/ldr     (  652): got the scan path  =/mnt/sdcard/Media/predefvideos/Nasha rasha/.dice_thumbnails/141_raz_v_god.png
W/ldr     (  652): got the scan path  =/mnt/sdcard/Media/predefvideos/Nasha rasha/.dice_thumbnails/142_pakolotnik.png
W/ldr     (  652): got the scan path  =/mnt/sdcard/Media/predefvideos/Nasha rasha/.dice_thumbnails/143_sekos.png
W/ldr     (  652): got the scan path  =/mnt/sdcard/Media/predefvideos/Nasha rasha/.dice_thumbnails/283_SEIF.png
W/ldr     (  652): got the scan path  =/mnt/sdcard/Media/predefvideos/.dice_thumbnails
W/ldr     (  652): got the scan path  =/mnt/sdcard/Media/predefvideos/.dice_thumbnails/01-Masha.png
W/ldr     (  652): got the scan path  =/mnt/sdcard/Media/predefvideos/.dice_thumbnails/3_serija_Mawa_i_medved_-_Do_vesny_ne_bud.png
W/ldr     (  652): got the scan path  =/mnt/sdcard/Media/predefvideos/.dice_thumbnails/armenfilm.kto.rasskazhet.nebylicu_mpeg4.png
W/ldr     (  652): got the scan path  =/mnt/sdcard/Media/predefvideos/.dice_thumbnails/Ba.png
W/ldr     (  652): got the scan path  =/mnt/sdcard/Media/predefvideos/.dice_thumbnails/Ded.png
W/ldr     (  652): got the scan path  =/mnt/sdcard/Media/predefvideos/.dice_thumbnails/gil_byl_pes.png
W/ldr     (  652): got the scan path  =/mnt/sdcard/Media/predefvideos/.dice_thumbnails/KVN.Poterjalas.png
W/ldr     (  652): got the scan path  =/mnt/sdcard/Media/predefvideos/.dice_thumbnails/Mawa_i_medved_(2009)_5_serija.png
W/ldr     (  652): got the scan path  =/mnt/sdcard/Media/predefvideos/.dice_thumbnails/rubak.png
W/ldr     (  652): got the scan path  =/mnt/sdcard/Media/predefvideos/.dice_thumbnails/Uh_ty-Govorjaschaja_ryba-001.png
W/ldr     (  652): got the scan path  =/mnt/sdcard/Media/predefvideos/.dice_thumbnails/.png
W/ldr     (  652): got the scan path  =/mnt/sdcard/Media/predefvideos/.dice_thumbnails/.png
W/ldr     (  652): got the scan path  =/mnt/sdcard/Media/predefvideos/.dice_thumbnails/   .png
W/ldr     (  652): got the scan path  =/mnt/sdcard/Media/predefvideos/.dice_thumbnails/.png
W/ldr     (  652): got the scan path  =/mnt/sdcard/Media/predefvideos/.dice_thumbnails/  .png
W/ldr     (  652): got the scan path  =/mnt/sdcard/Media/predefvideos/.dice_thumbnails/ .png
W/ldr     (  652): got the scan path  =/mnt/sdcard/Media/predefvideos/.dice_thumbnails/.png
W/ldr     (  652): got the scan path  =/mnt/sdcard/Media/predefvideos/.dice_thumbnails/Ahuenno_trahnul_klas-spaces.ru.png
W/ldr     (  652): got the scan path  =/mnt/sdcard/Media/predefvideos/Ahuenno_trahnul_klas-spaces.ru.3gp
W/ldr     (  652): got the scan path  =/mnt/sdcard/messages-20130924-204750.xml
W/ldr     (  652): got the scan path  =/mnt/sdcard/Mobogenie
W/ldr     (  652): got the scan path  =/mnt/sdcard/Mobogenie/image
W/ldr     (  652): got the scan path  =/mnt/sdcard/Mobogenie/image/Rock House wallpaper.jpg
W/ldr     (  652): got the scan path  =/mnt/sdcard/Mobogenie/image/Mountain Lakes wallpaper.jpg
W/ldr     (  652): got the scan path  =/mnt/sdcard/Mobogenie/video
W/ldr     (  652): got the scan path  =/mnt/sdcard/Mobogenie/music
W/ldr     (  652): got the scan path  =/mnt/sdcard/Mobogenie/music/Artpop.mp3
W/ldr     (  652): got the scan path  =/mnt/sdcard/Mobogenie/apk
W/ldr     (  652): got the scan path  =/mnt/sdcard/messages-20130913-103032.xml
W/ldr     (  652): got the scan path  =/mnt/sdcard/calls-20130913-103101.xml
W/ldr     (  652): got the scan path  =/mnt/sdcard/.tapcontext
W/ldr     (  652): got the scan path  =/mnt/sdcard/update_zte.zip
W/ldr     (  652): got the scan path  =/mnt/sdcard/Volume++(Sound+Boost)+v1.9.0.5.1_Mod_Ru_Fix.apk
W/ldr     (  652): got the scan path  =/mnt/sdcard/Firmwares
W/ldr     (  652): got the scan path  =/mnt/sdcard/Firmwares/ZTEV790_BeelineE600.zip
W/ldr     (  652): got the scan path  =/mnt/sdcard/Firmwares/my_cm9.zip
W/ldr     (  652): got the scan path  =/mnt/sdcard/.rhmsoft
W/ldr     (  652): got the scan path  =/mnt/sdcard/.rhmsoft/fm
W/ldr     (  652): got the scan path  =/mnt/sdcard/.rhmsoft/fm/thumbnails
W/ldr     (  652): got the scan path  =/mnt/sdcard/.rhmsoft/fm/thumbnails/95b1540e428389d2814c5317420ad666
W/ldr     (  652): got the scan path  =/mnt/sdcard/.rhmsoft/fm/thumbnails/23fb1ce626309809e4da4a1843d395ce
W/ldr     (  652): got the scan path  =/mnt/sdcard/.rhmsoft/fm/thumbnails/2638ba4e85762f9408570eff8efbddbe
W/ldr     (  652): got the scan path  =/mnt/sdcard/.rhmsoft/fm/thumbnails/63623c95d37ef6a46b661486a7b3fccc
W/ldr     (  652): got the scan path  =/mnt/sdcard/.rhmsoft/fm/thumbnails/10629ed5cefef42c499d13231513bc7c
W/ldr     (  652): got the scan path  =/mnt/sdcard/.rhmsoft/fm/thumbnails/320cbd0de78f5fcbf86d545ebd76f5a2
W/ldr     (  652): got the scan path  =/mnt/sdcard/.rhmsoft/fm/thumbnails/cf632f54c9d28355595c37d05221a55d
W/ldr     (  652): got the scan path  =/mnt/sdcard/.rhmsoft/fm/thumbnails/c866b83eb8aa9c15dc265ade92409d31
W/ldr     (  652): got the scan path  =/mnt/sdcard/.rhmsoft/fm/thumbnails/f4f8e1894ae77c1d8a513db0000168f3
W/ldr     (  652): got the scan path  =/mnt/sdcard/.rhmsoft/fm/thumbnails/4d06d455f3da1a0cfc0cc666c5768926
W/ldr     (  652): got the scan path  =/mnt/sdcard/.backup
W/ldr     (  652): got the scan path  =/mnt/sdcard/.backup/Data
W/ldr     (  652): got the scan path  =/mnt/sdcard/.backup/Data/2013copy
W/ldr     (  652): got the scan path  =/mnt/sdcard/.backup/Data/2013copy/eBackup.xml
W/ldr     (  652): got the scan path  =/mnt/sdcard/.backup/Data/2013copy/Contact
W/ldr     (  652): got the scan path  =/mnt/sdcard/.backup/Data/2013copy/Contact/phonebook_bak.vcf
W/ldr     (  652): got the scan path  =/mnt/sdcard/.backup/Data/2013copy/okbConfig.txt
W/ldr     (  652): got the scan path  =/mnt/sdcard/.backup/Data/2013copy/okbNotes.txt
W/ldr     (  652): got the scan path  =/mnt/sdcard/.backup/Data/2013-09-18-001
W/ldr     (  652): got the scan path  =/mnt/sdcard/.backup/Data/2013-09-18-001/eBackup.xml
W/ldr     (  652): got the scan path  =/mnt/sdcard/.backup/Data/2013-09-18-001/Contact
W/ldr     (  652): got the scan path  =/mnt/sdcard/.backup/Data/2013-09-18-001/Contact/phonebook_bak.vcf
W/ldr     (  652): got the scan path  =/mnt/sdcard/.backup/Data/2013-09-18-001/okbConfig.txt
W/ldr     (  652): got the scan path  =/mnt/sdcard/.backup/Data/2013-09-18-001/okbNotes.txt
W/ldr     (  652): got the scan path  =/mnt/sdcard/.backup/Data/2013-09-18-001/Sms
W/ldr     (  652): got the scan path  =/mnt/sdcard/.backup/Data/2013-09-18-001/Sms/com.android.providers.telephony.tar
W/ldr     (  652): got the scan path  =/mnt/sdcard/.backup/Data/2013-09-18-001/Sms/smsinbox_bak.vmsg
W/ldr     (  652): got the scan path  =/mnt/sdcard/.backup/Data/2013-09-18-001/Sms/smssend_bak.vmsg
W/ldr     (  652): got the scan path  =/mnt/sdcard/.backup/Data/2013-09-18-001/Mms
W/ldr     (  652): got the scan path  =/mnt/sdcard/.backup/Data/2013-09-18-001/Mms/com.android.providers.telephony.tar
W/ldr     (  652): got the scan path  =/mnt/sdcard/.backup/Data/2013-09-18-001/Mms/mmsinbox_bak.vmsg
W/ldr     (  652): got the scan path  =/mnt/sdcard/.backup/Data/2013-09-18-001/Mms/mmssend_bak.vmsg
W/ldr     (  652): got the scan path  =/mnt/sdcard/.backup/Data/2013-09-18-001/CallHistory
W/ldr     (  652): got the scan path  =/mnt/sdcard/.backup/Data/2013-09-18-001/CallHistory/CallHistory.db
W/ldr     (  652): got the scan path  =/mnt/sdcard/.backup/Data/2013-09-18-001/Browser
W/ldr     (  652): got the scan path  =/mnt/sdcard/.backup/Data/2013-09-18-001/Browser/bookmark.db
W/ldr     (  652): got the scan path  =/mnt/sdcard/.backup/Data/2013-09-18-001/Setting
W/ldr     (  652): got the scan path  =/mnt/sdcard/.backup/Data/2013-09-18-001/Setting/settings.db
W/ldr     (  652): got the scan path  =/mnt/sdcard/.backup/Data/2013-09-18-001/Alarm
W/ldr     (  652): got the scan path  =/mnt/sdcard/.backup/Data/2013-09-18-001/Alarm/alarm.db
W/ldr     (  652): got the scan path  =/mnt/sdcard/.backup/Data/2013-12-06-001
W/ldr     (  652): got the scan path  =/mnt/sdcard/.backup/Data/2013-12-06-001/eBackup.xml
W/ldr     (  652): got the scan path  =/mnt/sdcard/.backup/Data/2013-12-06-001/Contact
W/ldr     (  652): got the scan path  =/mnt/sdcard/.backup/Data/2013-12-06-001/Contact/phonebook_bak.vcf
W/ldr     (  652): got the scan path  =/mnt/sdcard/.backup/Data/2013-12-06-001/okbConfig.txt
W/ldr     (  652): got the scan path  =/mnt/sdcard/.backup/Data/2013-12-06-001/okbNotes.txt
W/ldr     (  652): got the scan path  =/mnt/sdcard/.backup/Data/26_2013
W/ldr     (  652): got the scan path  =/mnt/sdcard/.backup/Data/26_2013/eBackup.xml
W/ldr     (  652): got the scan path  =/mnt/sdcard/.backup/Data/26_2013/Contact
W/ldr     (  652): got the scan path  =/mnt/sdcard/.backup/Data/26_2013/Contact/phonebook_bak.vcf
W/ldr     (  652): got the scan path  =/mnt/sdcard/.backup/Data/26_2013/okbConfig.txt
W/ldr     (  652): got the scan path  =/mnt/sdcard/.backup/Data/26_2013/okbNotes.txt
W/ldr     (  652): got the scan path  =/mnt/sdcard/.backup/App
W/ldr     (  652): got the scan path  =/mnt/sdcard/.backup/App/com.TEST.android.lvh.apk
W/ldr     (  652): got the scan path  =/mnt/sdcard/.backup/App/com.TEST.android.lvh.tar
W/ldr     (  652): got the scan path  =/mnt/sdcard/SpeedSoftware
W/ldr     (  652): got the scan path  =/mnt/sdcard/SpeedSoftware/.thumbnails
W/ldr     (  652): got the scan path  =/mnt/sdcard/SpeedSoftware/.thumbnails/3895324053
W/ldr     (  652): got the scan path  =/mnt/sdcard/SpeedSoftware/temp
W/ldr     (  652): got the scan path  =/mnt/sdcard/goomanager
W/ldr     (  652): got the scan path  =/mnt/sdcard/calls-20130924-204820.xml
W/ldr     (  652): got the scan path  =/mnt/sdcard/fix_permissions.log
W/ldr     (  652): got the scan path  =/mnt/sdcard/new_touch_kernel.zip
W/ldr     (  652): got the scan path  =/mnt/sdcard/cts-good-download.bin
W/ldr     (  652): got the scan path  =/mnt/sdcard/messages-20131008-071002.xml
W/ldr     (  652): got the scan path  =/mnt/sdcard/calls-20131008-071034.xml
W/ldr     (  652): got the scan path  =/mnt/sdcard/TitaniumBackupPro_6.1.0.apk
W/ldr     (  652): got the scan path  =/mnt/sdcard/Titanium+Backup+Pro+5.7.1.apk
E/MediaScannerClient(  652): MediaScannerClient::setLocale() locale = ru_RU; mLocaleEncoding = 2
W/ldr     (  652): got the scan path  =/mnt/sdcard2/KingsoftOffice
W/ldr     (  652): got the scan path  =/mnt/sdcard2/KingsoftOffice/.backup
W/ldr     (  652): got the scan path  =/mnt/sdcard2/KingsoftOffice/.temp
W/ldr     (  652): got the scan path  =/mnt/sdcard2/KingsoftOffice/.history
W/ldr     (  652): got the scan path  =/mnt/sdcard2/KingsoftOffice/.history/.nomedia
W/ldr     (  652): got the scan path  =/mnt/sdcard2/KingsoftOffice/file
W/ldr     (  652): got the scan path  =/mnt/sdcard2/KingsoftOffice/file/evernote
W/ldr     (  652): got the scan path  =/mnt/sdcard2/KingsoftOffice/file/template
W/ldr     (  652): got the scan path  =/mnt/sdcard2/KingsoftOffice/ptThumbCache
W/ldr     (  652): got the scan path  =/mnt/sdcard2/KingsoftOffice/ptTemp
W/ldr     (  652): got the scan path  =/mnt/sdcard2/KingsoftOffice/ptPool
W/ldr     (  652): got the scan path  =/mnt/sdcard2/KingsoftOffice/ptUiTemp
W/ldr     (  652): got the scan path  =/mnt/sdcard2/KingsoftOffice/log
W/ldr     (  652): got the scan path  =/mnt/sdcard2/KingsoftOffice/.autoSave
W/ldr     (  652): got the scan path  =/mnt/sdcard2/data
W/ldr     (  652): got the scan path  =/mnt/sdcard2/data/com.keramidas.TitaniumBackup
W/ldr     (  652): got the scan path  =/mnt/sdcard2/documents
W/ldr     (  652): got the scan path  =/mnt/sdcard2/wallpapers
W/ldr     (  652): got the scan path  =/mnt/sdcard2/wallpapers/wallpaper_51.jpg
W/ldr     (  652): got the scan path  =/mnt/sdcard2/wallpapers/wallpaper_50.jpg
W/ldr     (  652): got the scan path  =/mnt/sdcard2/wallpapers/wallpaper_22.jpg
W/ldr     (  652): got the scan path  =/mnt/sdcard2/wallpapers/wallpaper_20.jpg
W/ldr     (  652): got the scan path  =/mnt/sdcard2/wallpapers/wallpaper_19.jpg
W/ldr     (  652): got the scan path  =/mnt/sdcard2/wallpapers/wallpaper_17.jpg
W/ldr     (  652): got the scan path  =/mnt/sdcard2/wallpapers/wallpaper_16.jpg
W/ldr     (  652): got the scan path  =/mnt/sdcard2/wallpapers/wallpaper_15.jpg
W/ldr     (  652): got the scan path  =/mnt/sdcard2/wallpapers/default_wallpaper.jpg
D/MediaScanner(  652):  prescan time: 159ms
D/MediaScanner(  652):     scan time: 619ms
D/MediaScanner(  652): postscan time: 2ms
D/MediaScanner(  652):    total time: 780ms
I/PhoneWindowManager(  356): interceptKeyTi().hapticsEnabled = true
I/PhoneWindowManager(  356): interceptKeyTi().hapticsEnabled = true
W/WindowManager(  356): updateFocusedWindowLocked newFocus=Window{41736930 com.android.settings/com.android.settings.Settings paused=true} mode=0 mCurrentFocus = Window{41736930 com.android.settings/com.android.settings.Settings paused=true}
I/WindowManager(  356): SCREENLAYOUT_SIZE (1:small, 2:normal, 3:large, 4:xlarge) 2
W/WindowManager(  356): updateFocusedWindowLocked newFocus=null mode=3 mCurrentFocus = Window{41736930 com.android.settings/com.android.settings.Settings paused=true}
I/WindowManager(  356): SCREENLAYOUT_SIZE (1:small, 2:normal, 3:large, 4:xlarge) 2
D/TextView(  589): onWindowFocusChanged - hasWindowFocus: false
D/TextView(  589): onWindowFocusChanged - isOverflowMenuShowing: false
D/TextView(  589): onWindowFocusChanged - call hideControllers
D/TextView(  589): onWindowFocusChanged - hasWindowFocus: false
D/TextView(  589): onWindowFocusChanged - isOverflowMenuShowing: false
D/TextView(  589): onWindowFocusChanged - call hideControllers
D/TextView(  589): onWindowFocusChanged - hasWindowFocus: false
D/TextView(  589): onWindowFocusChanged - isOverflowMenuShowing: false
D/TextView(  589): onWindowFocusChanged - call hideControllers
D/TextView(  589): onWindowFocusChanged - hasWindowFocus: false
D/TextView(  589): onWindowFocusChanged - isOverflowMenuShowing: false
D/TextView(  589): onWindowFocusChanged - call hideControllers
D/TextView(  589): onWindowFocusChanged - hasWindowFocus: false
D/TextView(  589): onWindowFocusChanged - isOverflowMenuShowing: false
D/TextView(  589): onWindowFocusChanged - call hideControllers
D/TextView(  589): onWindowFocusChanged - hasWindowFocus: false
D/TextView(  589): onWindowFocusChanged - isOverflowMenuShowing: false
D/TextView(  589): onWindowFocusChanged - call hideControllers
D/TextView(  589): onWindowFocusChanged - hasWindowFocus: false
D/TextView(  589): onWindowFocusChanged - isOverflowMenuShowing: false
D/TextView(  589): onWindowFocusChanged - call hideControllers
D/TextView(  589): onWindowFocusChanged - hasWindowFocus: false
D/TextView(  589): onWindowFocusChanged - isOverflowMenuShowing: false
D/TextView(  589): onWindowFocusChanged - call hideControllers
D/TextView(  589): onWindowFocusChanged - hasWindowFocus: false
D/TextView(  589): onWindowFocusChanged - isOverflowMenuShowing: false
D/TextView(  589): onWindowFocusChanged - call hideControllers
D/TextView(  589): onWindowFocusChanged - hasWindowFocus: false
D/TextView(  589): onWindowFocusChanged - isOverflowMenuShowing: false
D/TextView(  589): onWindowFocusChanged - call hideControllers
D/TextView(  589): onWindowFocusChanged - hasWindowFocus: false
D/TextView(  589): onWindowFocusChanged - isOverflowMenuShowing: false
D/TextView(  589): onWindowFocusChanged - call hideControllers
D/TextView(  589): onWindowFocusChanged - hasWindowFocus: false
D/TextView(  589): onWindowFocusChanged - isOverflowMenuShowing: false
D/TextView(  589): onWindowFocusChanged - call hideControllers
D/TextView(  589): onWindowFocusChanged - hasWindowFocus: false
D/TextView(  589): onWindowFocusChanged - isOverflowMenuShowing: false
D/TextView(  589): onWindowFocusChanged - call hideControllers
D/TextView(  589): onWindowFocusChanged - hasWindowFocus: false
D/TextView(  589): onWindowFocusChanged - isOverflowMenuShowing: false
D/TextView(  589): onWindowFocusChanged - call hideControllers
D/TextView(  589): onWindowFocusChanged - hasWindowFocus: false
D/TextView(  589): onWindowFocusChanged - isOverflowMenuShowing: false
D/TextView(  589): onWindowFocusChanged - call hideControllers
D/TextView(  589): onWindowFocusChanged - hasWindowFocus: false
D/TextView(  589): onWindowFocusChanged - isOverflowMenuShowing: false
D/TextView(  589): onWindowFocusChanged - call hideControllers
D/TextView(  589): onWindowFocusChanged - hasWindowFocus: false
D/TextView(  589): onWindowFocusChanged - isOverflowMenuShowing: false
D/TextView(  589): onWindowFocusChanged - call hideControllers
D/TextView(  589): onWindowFocusChanged - hasWindowFocus: false
D/TextView(  589): onWindowFocusChanged - isOverflowMenuShowing: false
D/TextView(  589): onWindowFocusChanged - call hideControllers
D/TextView(  589): onWindowFocusChanged - hasWindowFocus: false
D/TextView(  589): onWindowFocusChanged - isOverflowMenuShowing: false
D/TextView(  589): onWindowFocusChanged - call hideControllers
D/TextView(  589): onWindowFocusChanged - hasWindowFocus: false
D/TextView(  589): onWindowFocusChanged - isOverflowMenuShowing: false
D/TextView(  589): onWindowFocusChanged - call hideControllers
D/TextView(  589): onWindowFocusChanged - hasWindowFocus: false
D/TextView(  589): onWindowFocusChanged - isOverflowMenuShowing: false
D/TextView(  589): onWindowFocusChanged - call hideControllers
D/TextView(  589): onWindowFocusChanged - hasWindowFocus: false
D/TextView(  589): onWindowFocusChanged - isOverflowMenuShowing: false
D/TextView(  589): onWindowFocusChanged - call hideControllers
D/TextView(  589): onWindowFocusChanged - hasWindowFocus: false
D/TextView(  589): onWindowFocusChanged - isOverflowMenuShowing: false
D/TextView(  589): onWindowFocusChanged - call hideControllers
W/WindowManager(  356): updateFocusedWindowLocked newFocus=Window{414aec00 com.teslacoilsw.launcher/com.android.launcher2.Launcher paused=false} mode=3 mCurrentFocus = null
I/Adreno200-EGLSUB(  575): <ConfigWindowMatch:2081>: Format RGBA_8888.
D/memalloc(  114): /dev/pmem: Allocated buffer base:0x4171b000 size:614400 offset:2187264 fd:54
D/memalloc(  575): /dev/pmem: Mapped buffer base:0x5d7af000 size:2801664 offset:2187264 fd:60
D/TextView(  575): onWindowFocusChanged - hasWindowFocus: true
D/TextView(  575): onWindowFocusChanged - hasWindowFocus: true
D/TextView(  575): onWindowFocusChanged - hasWindowFocus: true
D/TextView(  575): onWindowFocusChanged - hasWindowFocus: true
D/TextView(  575): onWindowFocusChanged - hasWindowFocus: true
D/TextView(  575): onWindowFocusChanged - hasWindowFocus: true
D/TextView(  575): onWindowFocusChanged - hasWindowFocus: true
D/TextView(  575): onWindowFocusChanged - hasWindowFocus: true
D/TextView(  575): onWindowFocusChanged - hasWindowFocus: true
D/TextView(  575): onWindowFocusChanged - hasWindowFocus: true
D/TextView(  575): onWindowFocusChanged - hasWindowFocus: true
D/TextView(  575): onWindowFocusChanged - hasWindowFocus: true
D/TextView(  575): onWindowFocusChanged - hasWindowFocus: true
D/TextView(  575): onWindowFocusChanged - hasWindowFocus: true
D/TextView(  575): onWindowFocusChanged - hasWindowFocus: true
D/TextView(  575): onWindowFocusChanged - hasWindowFocus: true
D/TextView(  575): onWindowFocusChanged - hasWindowFocus: true
W/InputManagerService(  356): Starting input on non-focused client com.android.internal.view.IInputMethodClient$Stub$Proxy@417958f0 (uid=1000 pid=589)
D/memalloc(  114): /dev/pmem: Allocated buffer base:0x4171b000 size:614400 offset:2801664 fd:57
D/memalloc(  575): /dev/pmem: Mapped buffer base:0x5e02b000 size:3416064 offset:2801664 fd:63
I/Adreno200-EGLSUB(  114): <CreateImage:896>: Android Image
I/Adreno200-EGLSUB(  114): <GetImageAttributes:1105>: RGBA_8888
W/WindowManager(  356): updateFocusedWindowLocked newFocus=Window{414aec00 com.teslacoilsw.launcher/com.android.launcher2.Launcher paused=false} mode=2 mCurrentFocus = Window{414aec00 com.teslacoilsw.launcher/com.android.launcher2.Launcher paused=false}
W/WindowManager(  356): updateFocusedWindowLocked newFocus=Window{414aec00 com.teslacoilsw.launcher/com.android.launcher2.Launcher paused=false} mode=2 mCurrentFocus = Window{414aec00 com.teslacoilsw.launcher/com.android.launcher2.Launcher paused=false}
D/memalloc(  589): /dev/pmem: Unmapping buffer base:0x5ce26000 size:2187264 offset:1572864
D/memalloc(  114): /dev/pmem: Freeing buffer base:0x4189b000 size:614400 offset:1572864 fd:45
D/memalloc(  589): /dev/pmem: Unmapping buffer base:0x5c9b8000 size:4644864 offset:4030464
W/WindowManager(  356): updateFocusedWindowLocked newFocus=Window{414aec00 com.teslacoilsw.launcher/com.android.launcher2.Launcher paused=false} mode=3 mCurrentFocus = Window{414aec00 com.teslacoilsw.launcher/com.android.launcher2.Launcher paused=false}
I/ActivityManager(  356): No longer want com.qualcomm.privinit (pid 826): hidden #21
D/memalloc(  114): /dev/pmem: Freeing buffer base:0x41af3000 size:614400 offset:4030464 fd:51
D/memalloc(  114): /dev/pmem: Allocated buffer base:0x4171b000 size:614400 offset:1572864 fd:45
D/memalloc(  575): /dev/pmem: Mapped buffer base:0x5e36d000 size:2187264 offset:1572864 fd:66
I/Adreno200-EGLSUB(  114): <CreateImage:896>: Android Image
I/Adreno200-EGLSUB(  114): <GetImageAttributes:1105>: RGBA_8888
W/WindowManager(  356): updateFocusedWindowLocked newFocus=Window{414aec00 com.teslacoilsw.launcher/com.android.launcher2.Launcher paused=false} mode=0 mCurrentFocus = Window{414aec00 com.teslacoilsw.launcher/com.android.launcher2.Launcher paused=false}
D/StateMachine(  356): handleMessage: E msg.what=131089
D/StateMachine(  356): processMsg: DriverUnloadedState
D/WifiStateMachine(  356): DriverUnloadedState{ what=131089 when=-5ms arg1=2 }
D/StateMachine(  356): processMsg: DefaultState
D/WifiStateMachine(  356): DefaultState{ what=131089 when=-5ms arg1=2 }
D/StateMachine(  356): handleMessage: X
V/LightsService(  356): setLight #2: color=#ff050505
W/AlarmManager(  356): in the set:mDescriptor  alarm.type  alarmSeconds   alarmNanoseconds=88  0  1391452077   571000000
W/AlarmManager(  356): +++Alarm  wakeup phone ,pkg=com.android.vending
W/AlarmManager(  356): +++alarm onSendFinished ,action=null
D/Finsky  ( 1016): [1] 5.onFinished: Installation state replication succeeded.
W/AlarmManager(  356): in the set:mDescriptor  alarm.type  alarmSeconds   alarmNanoseconds=88  0  1391452866   956000000
W/AlarmManager(  356): +++Alarm  wakeup phone ,pkg=com.android.vending
W/AlarmManager(  356): +++alarm onSendFinished ,action=null
W/Finsky  ( 1016): [1] LibraryUpdateListener.onErrorResponse: Library replication failed: com.android.volley.NoConnectionError: java.net.UnknownHostException: Unable to resolve host "android.clients.google.com": No address associated with hostname
D/Finsky  ( 1016): [1] CheckWifiAndAutoUpdate.cancelCheck: Cancelling auto-update wifi check.
W/AlarmManager(  356): in the set:type  triggerAtTime  operation=0  1391452092680  PendingIntent{41318398: PendingIntentRecord{41704998 com.android.vending startService}}
D/AlarmManager(  356): +++Alarm set:type=0 com.android.vending  Trigger after:14998ms
W/AlarmManager(  356): in the set:mDescriptor  alarm.type  alarmSeconds   alarmNanoseconds=88  0  1391452092   680000000
W/Finsky  ( 1016): [1] 2.onErrorResponse: Update check failed: com.android.volley.NoConnectionError: java.net.UnknownHostException: Unable to resolve host "android.clients.google.com": No address associated with hostname
D/Finsky  ( 1016): [1] DailyHygiene.flushEventLogs: Flushing event logs for [M08GqUoqgwR3YNVY0cMYcEDe3xg]
D/Finsky  ( 1016): [1] DailyHygiene.reschedule: Scheduling new run in 248 minutes (failures=4)
W/AlarmManager(  356): in the set:type  triggerAtTime  operation=0  1391466999766  PendingIntent{4172b520: PendingIntentRecord{417cab68 com.android.vending startService}}
D/AlarmManager(  356): +++Alarm set:type=0 com.android.vending  Trigger after:14921843ms
W/AlarmManager(  356): in the set:mDescriptor  alarm.type  alarmSeconds   alarmNanoseconds=88  3  83   435000000
D/AlarmManager(  356): scheduleTimeTickEvent calendar=Mon Feb 03 22:29:00    2014
D/AlarmManager(  356): calendar.getTimeInMillis()1391452140000
W/AlarmManager(  356): in the set:type  triggerAtTime  operation=3  136838  PendingIntent{413acba0: PendingIntentRecord{41539e90 android broadcastIntent}}
D/Clock   (  436): Clock.mIntentReceiver.onReceive - received broadcast: android.intent.action.TIME_TICK
D/Clock   (  436): Clock.updateClock - System.currentTimeMillis: 1391452080023
W/AlarmManager(  356): in the set:mDescriptor  alarm.type  alarmSeconds   alarmNanoseconds=88  3  136   838000000
W/AlarmManager(  356): in the set:type  triggerAtTime  operation=3  143451  PendingIntent{41637810: PendingIntentRecord{416376d8 android broadcastIntent}}
D/PowerManagerService(  356): setPowerState: mPowerState=0x3 newState=0x1 noChangeLights=false reason=3
W/AlarmManager(  356): in the set:mDescriptor  alarm.type  alarmSeconds   alarmNanoseconds=88  0  1391452866   956000000
W/AlarmManager(  356): +++Alarm  wakeup phone ,pkg=com.android.vending
I/PowerManagerService(  356): setTargetLocked mask=2 curValue=255.0 target=20 targetValue=20 delta=-11.75 nominalCurrentValue=255
D/PowerManagerService(  356): offMask=0x0 dimMask=0x0 onMask=0x4 difference=0x6 realDifference=0x6 forceState=0x0
V/LightsService(  356): setLight #2: color=#ffffffff
V/LightsService(  356): setLight #0: color=#fff3f3f3
W/AlarmManager(  356): +++alarm onSendFinished ,action=null
V/LightsService(  356): setLight #0: color=#ffe7e7e7
V/LightsService(  356): setLight #0: color=#ffdbdbdb
V/LightsService(  356): setLight #0: color=#ffd0d0d0
V/LightsService(  356): setLight #0: color=#ffc4c4c4
V/LightsService(  356): setLight #0: color=#ffb8b8b8
V/LightsService(  356): setLight #0: color=#ffacacac
V/LightsService(  356): setLight #0: color=#ffa1a1a1
V/LightsService(  356): setLight #0: color=#ff959595
V/LightsService(  356): setLight #0: color=#ff898989
V/LightsService(  356): setLight #0: color=#ff7d7d7d
V/LightsService(  356): setLight #0: color=#ff727272
D/Finsky  ( 1016): [1] 5.onFinished: Installation state replication succeeded.
V/LightsService(  356): setLight #0: color=#ff666666
V/LightsService(  356): setLight #0: color=#ff5a5a5a
V/LightsService(  356): setLight #0: color=#ff4e4e4e
V/LightsService(  356): setLight #0: color=#ff434343
V/LightsService(  356): setLight #0: color=#ff373737
V/LightsService(  356): setLight #0: color=#ff2b2b2b
V/LightsService(  356): setLight #0: color=#ff1f1f1f
V/LightsService(  356): setLight #0: color=#ff141414
I/ONCRPC  (  113): rpc_handle_rpc_call: for Xid: b8, Prog: 31000000, Vers: fc37ad5c, Proc: 00000012
I/ONCRPC  (  113): rpc_handle_rpc_call: Find Status: 0 Xid: b8
I/ONCRPC  (  113): oncrpc_proxy_handle_cmd_rpc_call: Dispatching xid: b8
I/ONCRPC  (  113): rpc_handle_rpc_call: for Xid: b9, Prog: 31000003, Vers: cf0d42a3, Proc: 00000003
I/ONCRPC  (  113): rpc_handle_rpc_call: Find Status: 0 Xid: b9
I/ONCRPC  (  113): oncrpc_proxy_handle_cmd_rpc_call: Dispatching xid: b9
W/SignalStrength(  545): SignalStrength before validate=SignalStrength: 19 255 -1 -1 -1 -1 -1 99 -32767 -32767 -32767 -32767 cdma
W/SignalStrength(  545): SignalStrength after validate=SignalStrength: 19 255 -120 -160 -120 -1 -1 99 2147483647 2147483647 2147483647 -32767 cdma
I/ONCRPC  (  113): Setup RPC Call for task 40154420
I/ONCRPC  (  113): oncrpc_xdr_call_msg_start: Prog: 30000000, Ver: ddc9bd91, Proc: 000000b0
I/ONCRPC  (  113): xdr_std_msg_send_call: Sent Xid: bd, Prog: 30000000, Ver: ddc9bd91, Proc: 000000b0
I/ONCRPC  (  113): rpc_handle_rpc_call: for Xid: ba, Prog: 31000000, Vers: fc37ad5c, Proc: 00000004
I/ONCRPC  (  113): rpc_handle_rpc_call: Find Status: 0 Xid: ba
I/ONCRPC  (  113): oncrpc_proxy_handle_cmd_rpc_call: Dispatching xid: ba
I/ONCRPC  (  113): xdr_std_msg_send_call: Received Reply Xid: bd, Prog: 30000000, Ver: ddc9bd91, Proc: 000000b0
I/ONCRPC  (  113): rpc_handle_rpc_call: for Xid: bb, Prog: 31000000, Vers: fc37ad5c, Proc: 0000000f
I/ONCRPC  (  113): rpc_handle_rpc_call: Find Status: 0 Xid: bb
I/ONCRPC  (  113): oncrpc_proxy_handle_cmd_rpc_call: Dispatching xid: bb
I/ONCRPC  (  113): Setup RPC Call for task 40154420
I/ONCRPC  (  113): oncrpc_xdr_call_msg_start: Prog: 30000000, Ver: ddc9bd91, Proc: 000000b0
I/ONCRPC  (  113): xdr_std_msg_send_call: Sent Xid: be, Prog: 30000000, Ver: ddc9bd91, Proc: 000000b0
I/ONCRPC  (  113): xdr_std_msg_send_call: Received Reply Xid: be, Prog: 30000000, Ver: ddc9bd91, Proc: 000000b0
I/ONCRPC  (  113): rpc_handle_rpc_call: for Xid: bc, Prog: 31000000, Vers: fc37ad5c, Proc: 00000004
I/ONCRPC  (  113): rpc_handle_rpc_call: Find Status: 0 Xid: bc
I/ONCRPC  (  113): oncrpc_proxy_handle_cmd_rpc_call: Dispatching xid: bc
I/ONCRPC  (  113): rpc_handle_rpc_call: for Xid: bd, Prog: 31000000, Vers: fc37ad5c, Proc: 0000000f
I/ONCRPC  (  113): rpc_handle_rpc_call: Find Status: 0 Xid: bd
I/ONCRPC  (  113): oncrpc_proxy_handle_cmd_rpc_call: Dispatching xid: bd
W/AlarmManager(  356): in the set:type  triggerAtTime  operation=2  86438427  PendingIntent{41542490: PendingIntentRecord{417146e8 com.google.android.gms broadcastIntent}}
D/AlarmManager(  356): +++Alarm set:type=2 com.google.android.gms  Trigger after:86346975ms
W/AlarmManager(  356): in the set:type  triggerAtTime  operation=2  86435285  PendingIntent{4151c630: PendingIntentRecord{4169f108 com.google.android.location broadcastIntent}}
D/AlarmManager(  356): +++Alarm set:type=2 com.google.android.location  Trigger after:86343829ms
D/BatteryService(  356): updateBattery level:98 scale:100 status:2 health:2 present:true voltage: 4132 temperature: 330 technology: Li-ion AC powered:false USB powered:true icon:17302915 invalid charger:0
D/PowerManagerService(  356): setPowerState: mPowerState=0x1 newState=0x0 noChangeLights=false reason=3
I/PowerManagerService(  356): setTargetLocked mask=2 curValue=20.0 target=0 targetValue=0 delta=-20.0 nominalCurrentValue=20
D/PowerManagerService(  356): offMask=0x0 dimMask=0x0 onMask=0x0 difference=0x1 realDifference=0x1 forceState=0x0
V/LightsService(  356): setLight #0: color=#ff000000
V/LightsService(  356): setLight #2: color=#0
V/LightsService(  356): setLight #1: color=#0
D/PowerManagerService(  356): acquireWakeLock flags=0x1 tag=sleep_broadcast
D/PowerManagerService(  356): Go to standby ,PARTIAL_WAKE_LOCK tag = sleep_broadcast
W/AlarmManager(  356): in the set:type  triggerAtTime  operation=2  102044  PendingIntent{41338318: PendingIntentRecord{413382e0 android broadcastIntent}}
D/AlarmManager(  356): +++Alarm set:type=2 android  Trigger after:4999ms
W/AlarmManager(  356): in the set:mDescriptor  alarm.type  alarmSeconds   alarmNanoseconds=88  2  102   44000000
D/PowerManagerService(  356): acquireWakeLock flags=0x1 tag=ActivityManager-Sleep
I/CpuGovernorService(  356): intent action: android.intent.action.SCREEN_OFF
D/PowerManagerService(  356): releaseWakeLock flags=0x1 tag=ActivityManager-Sleep
E/AudioHardwareMSM76XXA(  117): setParameters() screen_state=off
D/PowerManagerService(  356): acquireWakeLock flags=0x1 tag=RILJ
I/ONCRPC  (  113): Setup RPC Call for task 40154420
I/ONCRPC  (  113): oncrpc_xdr_call_msg_start: Prog: 30000000, Ver: ddc9bd91, Proc: 0000005b
I/ONCRPC  (  113): xdr_std_msg_send_call: Sent Xid: bf, Prog: 30000000, Ver: ddc9bd91, Proc: 0000005b
I/ONCRPC  (  113): xdr_std_msg_send_call: Received Reply Xid: bf, Prog: 30000000, Ver: ddc9bd91, Proc: 0000005b
I/ONCRPC  (  113): Setup RPC Call for task 40154420
I/ONCRPC  (  113): oncrpc_xdr_call_msg_start: Prog: 30000000, Ver: ddc9bd91, Proc: 0000005b
I/ONCRPC  (  113): xdr_std_msg_send_call: Sent Xid: c0, Prog: 30000000, Ver: ddc9bd91, Proc: 0000005b
I/ONCRPC  (  113): xdr_std_msg_send_call: Received Reply Xid: c0, Prog: 30000000, Ver: ddc9bd91, Proc: 0000005b
I/ONCRPC  (  113): Setup RPC Call for task 40154420
I/ONCRPC  (  113): oncrpc_xdr_call_msg_start: Prog: 30000000, Ver: ddc9bd91, Proc: 0000005b
I/ONCRPC  (  113): xdr_std_msg_send_call: Sent Xid: c1, Prog: 30000000, Ver: ddc9bd91, Proc: 0000005b
I/ONCRPC  (  113): xdr_std_msg_send_call: Received Reply Xid: c1, Prog: 30000000, Ver: ddc9bd91, Proc: 0000005b
I/ONCRPC  (  113): Setup RPC Call for task 40154420
I/ONCRPC  (  113): oncrpc_xdr_call_msg_start: Prog: 30000000, Ver: ddc9bd91, Proc: 0000005b
I/ONCRPC  (  113): xdr_std_msg_send_call: Sent Xid: c2, Prog: 30000000, Ver: ddc9bd91, Proc: 0000005b
I/ONCRPC  (  113): xdr_std_msg_send_call: Received Reply Xid: c2, Prog: 30000000, Ver: ddc9bd91, Proc: 0000005b
D/PowerManagerService(  356): acquireWakeLock flags=0x1 tag=RILJ
D/PowerManagerService(  356): releaseWakeLock flags=0x1 tag=RILJ
D/PowerManagerService(  356): releaseWakeLock flags=0x1 tag=RILJ
W/AlarmManager(  356): in the set:type  triggerAtTime  operation=2  1897171  PendingIntent{416de368: PendingIntentRecord{416fc7b0 com.android.phone broadcastIntent}}
D/AlarmManager(  356): +++Alarm set:type=2 com.android.phone  Trigger after:1799999ms
W/AlarmManager(  356): in the set:type  triggerAtTime  operation=3  457177  PendingIntent{414b0a40: PendingIntentRecord{414889a8 com.android.phone broadcastIntent}}
W/AlarmManager(  356): in the set:type  triggerAtTime  operation=2  1897181  PendingIntent{4178c7d0: PendingIntentRecord{414ae9f8 com.android.phone broadcastIntent}}
D/AlarmManager(  356): +++Alarm set:type=2 com.android.phone  Trigger after:1800000ms
W/AlarmManager(  356): in the set:type  triggerAtTime  operation=3  457182  PendingIntent{414a69a8: PendingIntentRecord{414889a8 com.android.phone broadcastIntent}}
D/PowerManagerService(  356): acquireWakeLock flags=0x1 tag=GeofencerStateMachine
D/PowerManagerService(  356): releaseWakeLock flags=0x1 tag=GeofencerStateMachine
W/AlarmManager(  356): in the set:type  triggerAtTime  operation=2  127199  PendingIntent{41718a00: PendingIntentRecord{415b3350 com.google.android.gms broadcastIntent}}
D/AlarmManager(  356): +++Alarm set:type=2 com.google.android.gms  Trigger after:30000ms
W/AlarmManager(  356): in the set:type  triggerAtTime  operation=2  127206  PendingIntent{417e8b48: PendingIntentRecord{417e8de0 com.google.android.gsf broadcastIntent}}
D/AlarmManager(  356): +++Alarm set:type=2 com.google.android.gsf  Trigger after:30000ms
D/PowerManagerService(  356): releaseWakeLock flags=0x1 tag=sleep_broadcast
D/PowerManagerService(  356):  ALL PARTIAL wakeLock Released ! 
I/Adreno200-EGLSUB(  114): <CreateImage:896>: Android Image
I/Adreno200-EGLSUB(  114): <GetImageAttributes:1105>: RGBA_8888
W/AlarmManager(  356): in the set:mDescriptor  alarm.type  alarmSeconds   alarmNanoseconds=88  2  127   199000000
W/AlarmManager(  356): +++Alarm  wakeup phone ,pkg=android
D/PowerManagerService(  356): acquireWakeLock flags=0x1 tag=AlarmManager
I/KeyguardViewBase(  356): setBackgroundDrawable
E/lisha   (  356): getDefaultWallpaperLockedtrue
E/lisha   (  356): getDefaultLockscreenWallpaperLockedfalse
I/KeyguardViewBase(  356): file not found: etc/customize/default_lockscreen
D/LockPatternKeyguardView(  356): phone state: 0
D/PowerManagerService(  356): acquireWakeLock flags=0x1 tag=show keyguard
W/AlarmManager(  356): +++alarm onSendFinished ,action=com.android.internal.policy.impl.PhoneWindowManager.DELAYED_KEYGUARD
D/PowerManagerService(  356): releaseWakeLock flags=0x1 tag=AlarmManager
W/LockPatternKeyguardView(  356): no unlock screen when trying to enable fallback
D/MSimLockPatternKeyguardView(  356): isSecure
D/MSimLockPatternKeyguardView(  356): getUnlockMode-isPuk1Blocked=false,Subscription=0
D/MSimLockPatternKeyguardView(  356): getUnlockMode-isPuk1Blocked=false,Subscription=1
D/MSimLockPatternKeyguardView(  356): getUnlockMode =Pattern
D/MSimLockPatternKeyguardView(  356): getInitialMode-LockScreen 2
I/LockPatternKeyguardView(  356): Enter this is reflator lockview
I/LockPatternKeyguardView(  356): lockScreenclassName=com.android.internal.policy.impl.MiFavorChangeableLockScreen
V/MiFavorSlideLockScreen(  356): Creation orientation = 1
V/TransportControlView(  356): Create TCV com.android.internal.widget.TransportControlView@415b9aa8
V/MSimKeyguardStatusView(  356): KeyguardStatusViewManager()
D/KeyguardStatusView(  356): isAlert=false
D/MSimKeyguardStatusView(  356): updateCarrierStateWithSimStatus(), simState = READY subscription = 0
I/CarrierUtils(  356): gdecode xml name =mobilization
I/CarrierUtils(  356): find name  =Beeline
I/CarrierUtils(  356):    key  =CHINA MOBILE
I/CarrierUtils(  356):   value=CHINA MOBILE
I/CarrierUtils(  356): gdecode xml name =mobilization
I/CarrierUtils(  356): find name  =Beeline
I/CarrierUtils(  356):    key  =China Unicom
I/CarrierUtils(  356):   value=China Unicom
I/CarrierUtils(  356): gdecode xml name =mobilization
I/CarrierUtils(  356): find name  =Beeline
I/CarrierUtils(  356):    key  =CHN-UNICOM
I/CarrierUtils(  356):   value=CHN-UNICOM
I/CarrierUtils(  356): gdecode xml name =mobilization
I/CarrierUtils(  356): find name  =Beeline
I/CarrierUtils(  356):    key  =China Telecom
I/CarrierUtils(  356):   value=China Telecom
I/CarrierUtils(  356): gdecode xml name =mobilization
I/CarrierUtils(  356): find name  =Beeline
I/CarrierUtils(  356):    key  =CMCC
I/CarrierUtils(  356):   value=China Mobile
I/CarrierUtils(  356): gdecode xml name =mobilization
I/CarrierUtils(  356): find name  =Beeline
I/CarrierUtils(  356):    key  =TW Mobile
I/CarrierUtils(  356):   value=TW Mobile
I/CarrierUtils(  356): gdecode xml name =mobilization
I/CarrierUtils(  356): find name  =Beeline
I/CarrierUtils(  356):    key  =Far EasTone
I/CarrierUtils(  356):   value=Far EasTone
I/CarrierUtils(  356): gdecode xml name =mobilization
I/CarrierUtils(  356): find name  =Beeline
I/CarrierUtils(  356):    key  =FET
I/CarrierUtils(  356):   value=Far EasTone
I/CarrierUtils(  356): gdecode xml name =mobilization
I/CarrierUtils(  356): find name  =Beeline
I/CarrierUtils(  356):    key  =Chunghwa Telecom
I/CarrierUtils(  356):   value=Chunghwa Telecom
I/CarrierUtils(  356): gdecode xml name =mobilization
I/CarrierUtils(  356): find name  =Beeline
I/CarrierUtils(  356):    key  =CHT
I/CarrierUtils(  356):   value=CHT
I/CarrierUtils(  356): gdecode xml name =mobilization
I/CarrierUtils(  356): find name  =Beeline
I/CarrierUtils(  356):    key  =VIBO
I/CarrierUtils(  356):   value=VIBO
I/CarrierUtils(  356): no find !return find name =Beeline
D/MSimKeyguardStatusView(  356): MSimVerifyAirplaneMode isAirplaneMode=false
D/KeyguardStatusView(  356): isAlert=false
D/KeyguardStatusView(  356): isAlert=false
D/MSimKeyguardStatusView(  356): updateCarrierStateWithSimStatus(), simState = READY subscription = 1
I/CarrierUtils(  356): gdecode xml name =mobilization
I/CarrierUtils(  356): find name  =  .
I/CarrierUtils(  356):    key  =CHINA MOBILE
I/CarrierUtils(  356):   value=CHINA MOBILE
I/CarrierUtils(  356): gdecode xml name =mobilization
I/CarrierUtils(  356): find name  =  .
I/CarrierUtils(  356):    key  =China Unicom
I/CarrierUtils(  356):   value=China Unicom
I/CarrierUtils(  356): gdecode xml name =mobilization
I/CarrierUtils(  356): find name  =  .
I/CarrierUtils(  356):    key  =CHN-UNICOM
